01-16 19:39:28.131   161   169 E lowmemorykiller: process_mrelease 4495 failed: No such process
01-16 19:39:28.904   161   168 E lowmemorykiller: process_mrelease 4676 failed: No such process
01-16 19:39:30.195   161   169 E lowmemorykiller: process_mrelease 1436 failed: No such process
01-16 19:39:30.984   161   168 E lowmemorykiller: process_mrelease 4698 failed: No such process
01-16 19:39:32.703   161   169 E lowmemorykiller: process_mrelease 4727 failed: No such process
01-16 19:39:32.801  1035  1173 E IPCThreadState: Binder transaction failure. id: 229512, BR_*: 29189, error: -22 (Invalid argument)
01-16 19:39:32.862  1035  1186 E IPCThreadState: Binder transaction failure. id: 229556, BR_*: 29189, error: -22 (Invalid argument)
01-16 19:39:33.798  1035  1858 E IPCThreadState: Process seems to be sending too many oneway calls.
01-16 19:39:33.896   161   168 E lowmemorykiller: process_mrelease 4761 failed: No such process
01-16 19:39:38.104   161   169 E lowmemorykiller: process_mrelease 1393 failed: No such process
01-16 19:39:38.126   569   569 E IPCThreadState: Binder transaction failure. id: 232265, BR_*: 29189, error: -22 (Invalid argument)
01-16 19:39:38.151   569   890 E IPCThreadState: Binder transaction failure. id: 232278, BR_*: 29189, error: -22 (Invalid argument)
01-16 19:39:38.153   569   569 E IPCThreadState: Binder transaction failure. id: 232279, BR_*: 29189, error: -22 (Invalid argument)
01-16 19:39:38.210   415   415 E BpTransactionCompletedListener: Failed to transact (-32)
01-16 19:39:39.056  1035  1186 E IPCThreadState: Process seems to be sending too many oneway calls.
01-16 19:39:39.951   161   168 E lowmemorykiller: process_mrelease 4843 failed: No such process
01-16 19:39:40.515  4887  4914 E WindowMetricsNotification: WindowMetricsNotification.getCurrentOrEmpty():209 No window/display metrics has been notified.
01-16 19:39:40.865  4887  4887 E GoogleInputMethodService: GoogleInputMethodService.getAppEditorInfo():2810 App EditorInfo should never be null.
01-16 19:39:41.014  4887  4917 E HandwritingSuperpacksUtil: HandwritingSuperpacksUtil.getPackMappingPackName():40 No pack mapping pack found in []
01-16 19:39:41.447   161   169 E lowmemorykiller: process_mrelease 4887 failed: No such process
01-16 19:39:43.579  4952  4973 E WindowMetricsNotification: WindowMetricsNotification.getCurrentOrEmpty():209 No window/display metrics has been notified.
01-16 19:39:44.231  4952  4952 E GoogleInputMethodService: GoogleInputMethodService.getAppEditorInfo():2810 App EditorInfo should never be null.
01-16 19:39:44.253   161   168 E lowmemorykiller: process_mrelease 4810 failed: No such process
01-16 19:39:44.687  4952  4985 E HandwritingSuperpacksUtil: HandwritingSuperpacksUtil.getPackMappingPackName():40 No pack mapping pack found in []
01-16 19:39:45.002  4952  4952 E GoogleInputMethodService: GoogleInputMethodService.getAppEditorInfo():2810 App EditorInfo should never be null.
01-16 19:39:45.335   415   530 E IPCThreadState: Binder transaction failure. id: 237761, BR_*: 29189, error: -3 (No such process)
01-16 19:39:45.347   161   169 E lowmemorykiller: process_mrelease 1101 failed: No such process
01-16 19:39:45.425   569  4453 E IPCThreadState: Binder transaction failure. id: 237797, BR_*: 29189, error: -22 (Invalid argument)
01-16 19:39:45.442   569  4453 E WindowManager: Display reconfigured outside of a transition: Display{#0 state=ON size=1080x2340 ROTATION_0}
01-16 19:39:45.542   415   415 E BpTransactionCompletedListener: Failed to transact (-32)
01-16 19:39:45.610   812   812 E OverviewProxyService: Failed to get overview proxy for system bar attr change.
01-16 19:39:45.670  5032  5032 E s.nexuslauncher: Not starting debugger since process cannot load the jdwp agent.
01-16 19:39:46.073  4952  4975 E HandwritingSuperpacksUtil: HandwritingSuperpacksUtil.getPackMappingPackName():40 No pack mapping pack found in []
01-16 19:39:46.319  5054  5054 E d.process.acore: Not starting debugger since process cannot load the jdwp agent.
01-16 19:39:46.735   569   569 E IPCThreadState: Binder transaction failure. id: 238971, BR_*: 29189, error: -22 (Invalid argument)
01-16 19:39:46.735   161   168 E lowmemorykiller: process_mrelease 4952 failed: No such process
01-16 19:39:47.003   569   892 E WindowManager: Display reconfigured outside of a transition: Display{#0 state=ON size=1080x2340 ROTATION_0}
01-16 19:39:47.094   161   169 E lowmemorykiller: process_mrelease 5054 failed: No such process
01-16 19:39:47.202   569   883 E TransitionController: Set visible without transition ActivityRecord{3b60f6 u0 com.google.android.apps.nexuslauncher/.NexusLauncherActivity t152} playing=false caller=com.android.server.wm.ActivityTaskSupervisor.realStartActivityLocked:856 
01-16 19:39:47.350  5089  5089 E gle.android.gms: Not starting debugger since process cannot load the jdwp agent.
01-16 19:39:48.775   161   168 E lowmemorykiller: process_mrelease 5032 failed: No such process
01-16 19:39:48.799   812   847 E SingleInstanceRemoteListener: Failed remote call
01-16 19:39:48.799   812   847 E SingleInstanceRemoteListener: android.os.DeadObjectException
01-16 19:39:48.799   812   847 E SingleInstanceRemoteListener: 	at android.os.BinderProxy.transactNative(Native Method)
01-16 19:39:48.799   812   847 E SingleInstanceRemoteListener: 	at android.os.BinderProxy.transact(BinderProxy.java:586)
01-16 19:39:48.799   812   847 E SingleInstanceRemoteListener: 	at com.android.wm.shell.transition.HomeTransitionObserver.notifyHomeVisibilityChanged(go/retraceme 2affaa3798c2c8bbee3b481cb73ba41bdb6ef6846da601c9baa6a3ad5af735e3:37)
01-16 19:39:48.799   812   847 E SingleInstanceRemoteListener: 	at com.android.wm.shell.transition.HomeTransitionObserver.onTransitionReady(go/retraceme 2affaa3798c2c8bbee3b481cb73ba41bdb6ef6846da601c9baa6a3ad5af735e3:86)
01-16 19:39:48.799   812   847 E SingleInstanceRemoteListener: 	at com.android.wm.shell.transition.Transitions.dispatchReady(go/retraceme 2affaa3798c2c8bbee3b481cb73ba41bdb6ef6846da601c9baa6a3ad5af735e3:169)
01-16 19:39:48.799   812   847 E SingleInstanceRemoteListener: 	at com.android.wm.shell.transition.Transitions.onTransitionReady(go/retraceme 2affaa3798c2c8bbee3b481cb73ba41bdb6ef6846da601c9baa6a3ad5af735e3:242)
01-16 19:39:48.799   812   847 E SingleInstanceRemoteListener: 	at com.android.wm.shell.transition.Transitions$TransitionPlayerImpl$$ExternalSyntheticLambda0.run(go/retraceme 2affaa3798c2c8bbee3b481cb73ba41bdb6ef6846da601c9baa6a3ad5af735e3:13)
01-16 19:39:48.799   812   847 E SingleInstanceRemoteListener: 	at android.os.Handler.handleCallback(Handler.java:959)
01-16 19:39:48.799   812   847 E SingleInstanceRemoteListener: 	at android.os.Handler.dispatchMessage(Handler.java:100)
01-16 19:39:48.799   812   847 E SingleInstanceRemoteListener: 	at android.os.Looper.loopOnce(Looper.java:232)
01-16 19:39:48.799   812   847 E SingleInstanceRemoteListener: 	at android.os.Looper.loop(Looper.java:317)
01-16 19:39:48.799   812   847 E SingleInstanceRemoteListener: 	at android.os.HandlerThread.run(HandlerThread.java:85)
01-16 19:39:48.821   569  4400 E IPCThreadState: Binder transaction failure. id: 241180, BR_*: 29189, error: -22 (Invalid argument)
01-16 19:39:48.824   812   847 E ShellTransitions: Error running remote transition.
01-16 19:39:48.824   812   847 E ShellTransitions: android.os.DeadObjectException
01-16 19:39:48.824   812   847 E ShellTransitions: 	at android.os.BinderProxy.transactNative(Native Method)
01-16 19:39:48.824   812   847 E ShellTransitions: 	at android.os.BinderProxy.transact(BinderProxy.java:586)
01-16 19:39:48.824   812   847 E ShellTransitions: 	at android.window.IRemoteTransition$Stub$Proxy.startAnimation(IRemoteTransition.java:240)
01-16 19:39:48.824   812   847 E ShellTransitions: 	at com.android.wm.shell.transition.RemoteTransitionHandler.startAnimation(go/retraceme 2affaa3798c2c8bbee3b481cb73ba41bdb6ef6846da601c9baa6a3ad5af735e3:258)
01-16 19:39:48.824   812   847 E ShellTransitions: 	at com.android.wm.shell.transition.Transitions.processReadyQueue(go/retraceme 2affaa3798c2c8bbee3b481cb73ba41bdb6ef6846da601c9baa6a3ad5af735e3:456)
01-16 19:39:48.824   812   847 E ShellTransitions: 	at com.android.wm.shell.transition.Transitions.dispatchReady(go/retraceme 2affaa3798c2c8bbee3b481cb73ba41bdb6ef6846da601c9baa6a3ad5af735e3:644)
01-16 19:39:48.824   812   847 E ShellTransitions: 	at com.android.wm.shell.transition.Transitions.onTransitionReady(go/retraceme 2affaa3798c2c8bbee3b481cb73ba41bdb6ef6846da601c9baa6a3ad5af735e3:242)
01-16 19:39:48.824   812   847 E ShellTransitions: 	at com.android.wm.shell.transition.Transitions$TransitionPlayerImpl$$ExternalSyntheticLambda0.run(go/retraceme 2affaa3798c2c8bbee3b481cb73ba41bdb6ef6846da601c9baa6a3ad5af735e3:13)
01-16 19:39:48.824   812   847 E ShellTransitions: 	at android.os.Handler.handleCallback(Handler.java:959)
01-16 19:39:48.824   812   847 E ShellTransitions: 	at android.os.Handler.dispatchMessage(Handler.java:100)
01-16 19:39:48.824   812   847 E ShellTransitions: 	at android.os.Looper.loopOnce(Looper.java:232)
01-16 19:39:48.824   812   847 E ShellTransitions: 	at android.os.Looper.loop(Looper.java:317)
01-16 19:39:48.824   812   847 E ShellTransitions: 	at android.os.HandlerThread.run(HandlerThread.java:85)
01-16 19:39:48.877   415   415 E BpTransactionCompletedListener: Failed to transact (-32)
01-16 19:39:48.923   812   847 E IPCThreadState: Binder transaction failure. id: 241562, BR_*: 29189, error: -22 (Invalid argument)
01-16 19:39:48.924   812   847 E RemoteTransitionHandler: Error delegating onTransitionConsumed()
01-16 19:39:48.924   812   847 E RemoteTransitionHandler: android.os.DeadObjectException
01-16 19:39:48.924   812   847 E RemoteTransitionHandler: 	at android.os.BinderProxy.transactNative(Native Method)
01-16 19:39:48.924   812   847 E RemoteTransitionHandler: 	at android.os.BinderProxy.transact(BinderProxy.java:586)
01-16 19:39:48.924   812   847 E RemoteTransitionHandler: 	at android.window.IRemoteTransition$Stub$Proxy.onTransitionConsumed(IRemoteTransition.java:310)
01-16 19:39:48.924   812   847 E RemoteTransitionHandler: 	at com.android.wm.shell.transition.RemoteTransitionHandler.onTransitionConsumed(go/retraceme 2affaa3798c2c8bbee3b481cb73ba41bdb6ef6846da601c9baa6a3ad5af735e3:16)
01-16 19:39:48.924   812   847 E RemoteTransitionHandler: 	at com.android.wm.shell.transition.Transitions.onAbort(go/retraceme 2affaa3798c2c8bbee3b481cb73ba41bdb6ef6846da601c9baa6a3ad5af735e3:34)
01-16 19:39:48.924   812   847 E RemoteTransitionHandler: 	at com.android.wm.shell.transition.Transitions.dispatchReady(go/retraceme 2affaa3798c2c8bbee3b481cb73ba41bdb6ef6846da601c9baa6a3ad5af735e3:214)
01-16 19:39:48.924   812   847 E RemoteTransitionHandler: 	at com.android.wm.shell.transition.Transitions.onTransitionReady(go/retraceme 2affaa3798c2c8bbee3b481cb73ba41bdb6ef6846da601c9baa6a3ad5af735e3:242)
01-16 19:39:48.924   812   847 E RemoteTransitionHandler: 	at com.android.wm.shell.transition.Transitions$TransitionPlayerImpl$$ExternalSyntheticLambda0.run(go/retraceme 2affaa3798c2c8bbee3b481cb73ba41bdb6ef6846da601c9baa6a3ad5af735e3:13)
01-16 19:39:48.924   812   847 E RemoteTransitionHandler: 	at android.os.Handler.handleCallback(Handler.java:959)
01-16 19:39:48.924   812   847 E RemoteTransitionHandler: 	at android.os.Handler.dispatchMessage(Handler.java:100)
01-16 19:39:48.924   812   847 E RemoteTransitionHandler: 	at android.os.Looper.loopOnce(Looper.java:232)
01-16 19:39:48.924   812   847 E RemoteTransitionHandler: 	at android.os.Looper.loop(Looper.java:317)
01-16 19:39:48.924   812   847 E RemoteTransitionHandler: 	at android.os.HandlerThread.run(HandlerThread.java:85)
01-16 19:39:48.996  5116  5116 E s.nexuslauncher: Not starting debugger since process cannot load the jdwp agent.
01-16 19:39:49.871   161   169 E lowmemorykiller: process_mrelease 5089 failed: No such process
01-16 19:39:50.435   569   890 E WindowManager: Display reconfigured outside of a transition: Display{#0 state=ON size=1080x2340 ROTATION_0}
01-16 19:39:50.632   569  1546 E TransitionController: Set visible without transition ActivityRecord{3b60f6 u0 com.google.android.apps.nexuslauncher/.NexusLauncherActivity t152} playing=false caller=com.android.server.wm.ActivityTaskSupervisor.realStartActivityLocked:856 
01-16 19:39:53.158  5116  5165 E SurfaceSyncGroup: Failed to receive transaction ready in 1000ms. Marking SurfaceSyncGroup(SysUIAnimation#4) as ready
01-16 19:39:53.162  5116  5165 E SurfaceSyncGroup: Failed to receive transaction ready in 1000ms. Marking SurfaceSyncGroup(VRI[NexusLauncherActivity]#5) as ready
01-16 19:39:53.229  5116  5165 E SurfaceSyncGroup: Failed to receive transaction ready in 1000ms. Marking SurfaceSyncGroup(SysUIAnimation#8) as ready
01-16 19:39:53.655   161   168 E lowmemorykiller: process_mrelease 5116 failed: No such process
01-16 19:39:53.688   569  1069 E IPCThreadState: Binder transaction failure. id: 244539, BR_*: 29189, error: -22 (Invalid argument)
01-16 19:39:53.711   569  1069 E WindowManager: Display reconfigured outside of a transition: Display{#0 state=ON size=1080x2340 ROTATION_0}
01-16 19:39:53.760   415   415 E BpTransactionCompletedListener: Failed to transact (-32)
01-16 19:39:53.882  5192  5192 E s.nexuslauncher: Not starting debugger since process cannot load the jdwp agent.
01-16 19:39:55.075   161   169 E lowmemorykiller: process_mrelease 1035 failed: No such process
01-16 19:39:55.337  5238  5238 E .gms.persistent: Not starting debugger since process cannot load the jdwp agent.
01-16 19:39:55.566   569   604 E PackageManager: Optimistic bind failed.
01-16 19:39:55.566   569   604 E PackageManager: java.util.concurrent.TimeoutException: [Optimistic Bind] Didn't bind to resolver in time!
01-16 19:39:55.566   569   604 E PackageManager: 	at com.android.server.pm.InstantAppResolverConnection.waitForBindLocked(InstantAppResolverConnection.java:160)
01-16 19:39:55.566   569   604 E PackageManager: 	at com.android.server.pm.InstantAppResolverConnection.bind(InstantAppResolverConnection.java:230)
01-16 19:39:55.566   569   604 E PackageManager: 	at com.android.server.pm.InstantAppResolverConnection.lambda$optimisticBind$0(InstantAppResolverConnection.java:260)
01-16 19:39:55.566   569   604 E PackageManager: 	at com.android.server.pm.InstantAppResolverConnection.$r8$lambda$66W2s2mMKe4pk_xXCScH9RCqav8(InstantAppResolverConnection.java:0)
01-16 19:39:55.566   569   604 E PackageManager: 	at com.android.server.pm.InstantAppResolverConnection$$ExternalSyntheticLambda0.run(R8$$SyntheticClass:0)
01-16 19:39:55.566   569   604 E PackageManager: 	at android.os.Handler.handleCallback(Handler.java:959)
01-16 19:39:55.566   569   604 E PackageManager: 	at android.os.Handler.dispatchMessage(Handler.java:100)
01-16 19:39:55.566   569   604 E PackageManager: 	at android.os.Looper.loopOnce(Looper.java:232)
01-16 19:39:55.566   569   604 E PackageManager: 	at android.os.Looper.loop(Looper.java:317)
01-16 19:39:55.566   569   604 E PackageManager: 	at android.os.HandlerThread.run(HandlerThread.java:85)
01-16 19:39:55.902   569  4486 E WindowManager: Display reconfigured outside of a transition: Display{#0 state=ON size=1080x2340 ROTATION_0}
01-16 19:39:56.223   569  2258 E WindowManager: Display reconfigured outside of a transition: Display{#0 state=ON size=1080x2340 ROTATION_0}
01-16 19:39:56.447  5256  5256 E s.nexuslauncher: Not starting debugger since process cannot load the jdwp agent.
01-16 19:39:56.804  5209  5260 E WindowMetricsNotification: WindowMetricsNotification.getCurrentOrEmpty():209 No window/display metrics has been notified.
01-16 19:39:57.375   161   169 E lowmemorykiller: process_mrelease 1379 failed: No such process
01-16 19:39:57.605  5209  5209 E GoogleInputMethodService: GoogleInputMethodService.getAppEditorInfo():2810 App EditorInfo should never be null.
01-16 19:39:57.909  5209  5279 E HandwritingSuperpacksUtil: HandwritingSuperpacksUtil.getPackMappingPackName():40 No pack mapping pack found in []
01-16 19:39:58.380  5209  5209 E GoogleInputMethodService: GoogleInputMethodService.getAppEditorInfo():2810 App EditorInfo should never be null.
01-16 19:39:58.895  5209  5209 E GoogleInputMethodService: GoogleInputMethodService.getAppEditorInfo():2810 App EditorInfo should never be null.
01-16 19:39:59.914   569  1687 E WindowManager: Display reconfigured outside of a transition: Display{#0 state=ON size=1080x2340 ROTATION_0}
01-16 19:40:00.234  5209  5280 E HandwritingSuperpacksUtil: HandwritingSuperpacksUtil.getPackMappingPackName():40 No pack mapping pack found in []
01-16 19:40:00.461  5360  5360 E gle.android.gms: Not starting debugger since process cannot load the jdwp agent.
01-16 19:40:00.493   161   169 E lowmemorykiller: process_mrelease 5209 failed: No such process
01-16 19:40:00.516   569   569 E IPCThreadState: Binder transaction failure. id: 249624, BR_*: 29189, error: -22 (Invalid argument)
01-16 19:40:00.630  5374  5374 E ogle.android.as: Not starting debugger since process cannot load the jdwp agent.
01-16 19:40:01.231   569  4400 E TransitionController: Set visible without transition ActivityRecord{3b60f6 u0 com.google.android.apps.nexuslauncher/.NexusLauncherActivity t152} playing=false caller=com.android.server.wm.ActivityTaskSupervisor.realStartActivityLocked:856 
01-16 19:40:02.392   161   168 E lowmemorykiller: process_mrelease 5256 failed: No such process
01-16 19:40:02.471   569   883 E IPCThreadState: Binder transaction failure. id: 251827, BR_*: 29189, error: -22 (Invalid argument)
01-16 19:40:02.517   569   883 E WindowManager: Display reconfigured outside of a transition: Display{#0 state=ON size=1080x2340 ROTATION_0}
01-16 19:40:02.593   415   415 E BpTransactionCompletedListener: Failed to transact (-32)
01-16 19:40:02.879  5418  5418 E s.nexuslauncher: Not starting debugger since process cannot load the jdwp agent.
01-16 19:40:03.308  5238  5313 E NanoAppLogging: Failed to begin contexthub communication
01-16 19:40:03.715   161   169 E lowmemorykiller: process_mrelease 976 failed: No such process
01-16 19:40:04.895   161   168 E lowmemorykiller: process_mrelease 3596 failed: No such process
01-16 19:40:04.919  5238  5238 E NetworkScheduler: Compat called without init
01-16 19:40:05.184   478  1891 E mediaserver: unlinkToDeath: removed reference to death recipient but unlink failed: DEAD_OBJECT
01-16 19:40:05.184   478  1891 E IPCThreadState: attemptIncStrongHandle(3): Not supported
01-16 19:40:05.209   415   415 E BpTransactionCompletedListener: Failed to transact (-32)
01-16 19:40:05.210   415   415 E BpTransactionCompletedListener: Failed to transact (-32)
01-16 19:40:05.240   812   812 E OverviewProxyService: Failed to get overview proxy for system bar attr change.
01-16 19:40:05.260  5491  5491 E .android.as.oss: Not starting debugger since process cannot load the jdwp agent.
01-16 19:40:05.902  5595  5595 E d.process.acore: Not starting debugger since process cannot load the jdwp agent.
01-16 19:40:06.072  5627  5627 E gle.android.tts: Not starting debugger since process cannot load the jdwp agent.
01-16 19:40:06.098  5638  5638 E gs.intelligence: Not starting debugger since process cannot load the jdwp agent.
01-16 19:40:06.262  5677  5677 E .apps.wallpaper: Not starting debugger since process cannot load the jdwp agent.
01-16 19:40:06.263  5672  5672 E earchbox:search: Not starting debugger since process cannot load the jdwp agent.
01-16 19:40:06.419  5726  5726 E .apps.wellbeing: Not starting debugger since process cannot load the jdwp agent.
01-16 19:40:06.628  5374  5476 E AiAiEcho: EchoSearch: SettingsFetcherImpl: DB already exists.
01-16 19:40:06.643  5238  5473 E NetworkScheduler.TED: Unable to bind to task service: ComponentInfo{com.google.android.gms/com.google.android.gms.credential.manager.tasks.PasswordSharingSubscriptionTaskBoundService}
01-16 19:40:06.834  5788  5788 E id.gms.unstable: Not starting debugger since process cannot load the jdwp agent.
01-16 19:40:07.075  5238  5308 E czvx    : Phenotype API error. Event: # fozr@eb75f1ca, EventCode: COMMIT_CONFIG [CONTEXT service_id=51 ]
01-16 19:40:07.075  5238  5308 E czvx    : czue: 29517: Malformed snapshot token for com.google.android.gms.gmscompliance.gservices:  com.google.android.gms.gmscompliance.gservices 242335000 0  com.google.android.gms.gmscompliance.gservices  0
01-16 19:40:07.075  5238  5308 E czvx    : 	at czwc.b(:com.google.android.gms@242335038@24.23.35 (190400-646585959):926)
01-16 19:40:07.075  5238  5308 E czvx    : 	at czwb.i(:com.google.android.gms@242335038@24.23.35 (190400-646585959):3)
01-16 19:40:07.075  5238  5308 E czvx    : 	at czvx.h(:com.google.android.gms@242335038@24.23.35 (190400-646585959):18)
01-16 19:40:07.075  5238  5308 E czvx    : 	at czvx.f(:com.google.android.gms@242335038@24.23.35 (190400-646585959):11)
01-16 19:40:07.075  5238  5308 E czvx    : 	at boey.hj(:com.google.android.gms@242335038@24.23.35 (190400-646585959):1)
01-16 19:40:07.075  5238  5308 E czvx    : 	at bofh.run(:com.google.android.gms@242335038@24.23.35 (190400-646585959):97)
01-16 19:40:07.075  5238  5308 E czvx    : 	at emsz.run(:com.google.android.gms@242335038@24.23.35 (190400-646585959):21)
01-16 19:40:07.075  5238  5308 E czvx    : 	at angs.c(:com.google.android.gms@242335038@24.23.35 (190400-646585959):50)
01-16 19:40:07.075  5238  5308 E czvx    : 	at angs.run(:com.google.android.gms@242335038@24.23.35 (190400-646585959):97)
01-16 19:40:07.075  5238  5308 E czvx    : 	at java.util.concurrent.ThreadPoolExecutor.runWorker(ThreadPoolExecutor.java:1145)
01-16 19:40:07.075  5238  5308 E czvx    : 	at java.util.concurrent.ThreadPoolExecutor$Worker.run(ThreadPoolExecutor.java:644)
01-16 19:40:07.075  5238  5308 E czvx    : 	at anmg.run(:com.google.android.gms@242335038@24.23.35 (190400-646585959):8)
01-16 19:40:07.075  5238  5308 E czvx    : 	at java.lang.Thread.run(Thread.java:1012)
01-16 19:40:07.075  5238  5308 E czvx    : Caused by: java.lang.NumberFormatException: For input string: ""
01-16 19:40:07.075  5238  5308 E czvx    : 	at java.lang.Long.parseLong(Long.java:754)
01-16 19:40:07.075  5238  5308 E czvx    : 	at java.lang.Long.parseLong(Long.java:869)
01-16 19:40:07.075  5238  5308 E czvx    : 	at czwc.b(:com.google.android.gms@242335038@24.23.35 (190400-646585959):848)
01-16 19:40:07.075  5238  5308 E czvx    : 	... 12 more
01-16 19:40:07.218  5743  5743 E GoogleInputMethodService: GoogleInputMethodService.getAppEditorInfo():2810 App EditorInfo should never be null.
01-16 19:40:07.240  5627  5759 E tflite  : third_party/tensorflow/lite/core/subgraph.cc:1059 tensor.data.raw != nullptr was not true.
01-16 19:40:07.385  5743  5861 E HandwritingSuperpacksUtil: HandwritingSuperpacksUtil.getPackMappingPackName():40 No pack mapping pack found in []
01-16 19:40:07.446  5743  5743 E GoogleInputMethodService: GoogleInputMethodService.getAppEditorInfo():2810 App EditorInfo should never be null.
01-16 19:40:07.834  5374  5452 E SP.Service.AiAi: captions_i18n_v0_mandatory is opened by other clients. It will stay open until all clients close it.
01-16 19:40:07.834  5374  5452 E SP.Service.AiAi: captions_i18n_v0_en-US is opened by other clients. It will stay open until all clients close it.
01-16 19:40:07.875  5743  5861 E HandwritingSuperpacksUtil: HandwritingSuperpacksUtil.getPackMappingPackName():40 No pack mapping pack found in []
01-16 19:40:08.019  5938  5938 E hbox:interactor: Not starting debugger since process cannot load the jdwp agent.
01-16 19:40:08.124  5938  5964 E BrdcstRcvrMsgr: SvcConn: binder null, could not send broadcast of action
01-16 19:40:08.230   569  1482 E TaskPersister: File error accessing recents directory (directory doesn't exist?).
01-16 19:40:08.623  5672  5810 E Ma-Robin-Connection: (REDACTED) RPC[%s]: Failed
01-16 19:40:08.623  5672  5810 E Ma-Robin-Connection: io.grpc.StatusException: PERMISSION_DENIED: The caller does not have permission
01-16 19:40:08.623  5672  5810 E Ma-Robin-Connection: 	at io.grpc.f.h.a(PG:17)
01-16 19:40:08.623  5672  5810 E Ma-Robin-Connection: 	at com.google.apps.tiktok.o.x.a(PG:4)
01-16 19:40:08.623  5672  5810 E Ma-Robin-Connection: 	at com.google.frameworks.client.data.android.g.ah.run(PG:86)
01-16 19:40:08.623  5672  5810 E Ma-Robin-Connection: 	at com.google.apps.tiktok.tracing.fk.run(PG:24)
01-16 19:40:08.623  5672  5810 E Ma-Robin-Connection: 	at com.google.frameworks.client.data.android.g.s.run(PG:3)
01-16 19:40:08.623  5672  5810 E Ma-Robin-Connection: 	at com.google.common.util.concurrent.dm.run(PG:76)
01-16 19:40:08.623  5672  5810 E Ma-Robin-Connection: 	at com.google.common.util.concurrent.bf.execute(PG:1)
01-16 19:40:08.623  5672  5810 E Ma-Robin-Connection: 	at com.google.frameworks.client.data.android.g.ac.execute(PG:3)
01-16 19:40:08.623  5672  5810 E Ma-Robin-Connection: 	at com.google.common.util.concurrent.dn.execute(PG:36)
01-16 19:40:08.623  5672  5810 E Ma-Robin-Connection: 	at com.google.frameworks.client.data.android.g.l.execute(PG:10)
01-16 19:40:08.623  5672  5810 E Ma-Robin-Connection: 	at com.google.frameworks.client.data.android.g.aa.a(PG:10)
01-16 19:40:08.623  5672  5810 E Ma-Robin-Connection: 	at com.google.frameworks.client.data.android.g.aj.g(PG:97)
01-16 19:40:08.623  5672  5810 E Ma-Robin-Connection: 	at com.google.frameworks.client.data.android.g.aj.l(PG:23)
01-16 19:40:08.623  5672  5810 E Ma-Robin-Connection: 	at com.google.frameworks.client.data.android.g.aj.a(PG:8)
01-16 19:40:08.623  5672  5810 E Ma-Robin-Connection: 	at com.google.frameworks.client.data.android.h.c.run(PG:9)
01-16 19:40:08.623  5672  5810 E Ma-Robin-Connection: 	at com.google.frameworks.client.data.android.h.e.e(PG:17)
01-16 19:40:08.623  5672  5810 E Ma-Robin-Connection: 	at com.google.frameworks.client.data.android.h.e.a(PG:6)
01-16 19:40:08.623  5672  5810 E Ma-Robin-Connection: 	at com.google.frameworks.client.data.android.g.x.run(PG:14)
01-16 19:40:08.623  5672  5810 E Ma-Robin-Connection: 	at com.google.frameworks.client.data.android.g.s.run(PG:3)
01-16 19:40:08.623  5672  5810 E Ma-Robin-Connection: 	at com.google.common.util.concurrent.dl.run(PG:3)
01-16 19:40:08.623  5672  5810 E Ma-Robin-Connection: 	at com.google.common.util.concurrent.dm.run(PG:76)
01-16 19:40:08.623  5672  5810 E Ma-Robin-Connection: 	at com.google.common.util.concurrent.bf.execute(PG:1)
01-16 19:40:08.623  5672  5810 E Ma-Robin-Connection: 	at com.google.frameworks.client.data.android.g.ac.execute(PG:3)
01-16 19:40:08.623  5672  5810 E Ma-Robin-Connection: 	at com.google.common.util.concurrent.dn.execute(PG:36)
01-16 19:40:08.623  5672  5810 E Ma-Robin-Connection: 	at com.google.frameworks.client.data.android.g.l.execute(PG:10)
01-16 19:40:08.623  5672  5810 E Ma-Robin-Connection: 	at com.google.frameworks.client.data.android.g.aa.a(PG:10)
01-16 19:40:08.623  5672  5810 E Ma-Robin-Connection: 	at com.google.frameworks.client.data.android.g.aj.g(PG:97)
01-16 19:40:08.623  5672  5810 E Ma-Robin-Connection: 	at com.google.frameworks.client.data.android.g.aj.l(PG:23)
01-16 19:40:08.623  5672  5810 E Ma-Robin-Connection: 	at com.google.frameworks.client.data.android.g.aj.a(PG:8)
01-16 19:40:08.623  5672  5810 E Ma-Robin-Connection: 	at com.google.frameworks.client.data.android.h.c.run(PG:9)
01-16 19:40:08.623  5672  5810 E Ma-Robin-Connection: 	at com.google.frameworks.client.data.android.h.e.e(PG:17)
01-16 19:40:08.623  5672  5810 E Ma-Robin-Connection: 	at com.google.frameworks.client.data.android.h.e.a(PG:6)
01-16 19:40:08.623  5672  5810 E Ma-Robin-Connection: 	at com.google.frameworks.client.data.android.g.x.run(PG:14)
01-16 19:40:08.623  5672  5810 E Ma-Robin-Connection: 	at com.google.frameworks.client.data.android.g.s.run(PG:3)
01-16 19:40:08.623  5672  5810 E Ma-Robin-Connection: 	at com.google.common.util.concurrent.dl.run(PG:3)
01-16 19:40:08.623  5672  5810 E Ma-Robin-Connection: 	at com.google.common.util.concurrent.dm.run(PG:76)
01-16 19:40:08.623  5672  5810 E Ma-Robin-Connection: 	at com.google.common.util.concurrent.bf.execute(PG:1)
01-16 19:40:08.623  5672  5810 E Ma-Robin-Connection: 	at com.google.frameworks.client.data.android.g.ac.execute(PG:3)
01-16 19:40:08.623  5672  5810 E Ma-Robin-Connection: 	at com.google.common.util.concurrent.dn.execute(PG:36)
01-16 19:40:08.623  5672  5810 E Ma-Robin-Connection: 	at com.google.frameworks.client.data.android.g.l.execute(PG:10)
01-16 19:40:08.623  5672  5810 E Ma-Robin-Connection: 	at com.google.frameworks.client.data.android.g.aa.a(PG:10)
01-16 19:40:08.623  5672  5810 E Ma-Robin-Connection: 	at com.google.frameworks.client.data.android.g.aj.g(PG:97)
01-16 19:40:08.623  5672  5810 E Ma-Robin-Connection: 	at com.google.frameworks.client.data.android.g.aj.l(PG:23)
01-16 19:40:08.623  5672  5810 E Ma-Robin-Connection: 	at com.google.frameworks.client.data.android.g.aj.a(PG:8)
01-16 19:40:08.623  5672  5810 E Ma-Robin-Connection: 	at com.google.frameworks.client.data.android.h.c.run(PG:9)
01-16 19:40:08.623  5672  5810 E Ma-Robin-Connection: 	at com.google.frameworks.client.data.android.h.e.e(PG:17)
01-16 19:40:08.623  5672  5810 E Ma-Robin-Connection: 	at com.google.frameworks.client.data.android.h.e.a(PG:6)
01-16 19:40:08.623  5672  5810 E Ma-Robin-Connection: 	at com.google.frameworks.client.data.android.g.x.run(PG:14)
01-16 19:40:08.623  5672  5810 E Ma-Robin-Connection: 	at com.google.frameworks.client.data.android.g.s.run(PG:3)
01-16 19:40:08.623  5672  5810 E Ma-Robin-Connection: 	at com.google.common.util.concurrent.dl.run(PG:3)
01-16 19:40:08.623  5672  5810 E Ma-Robin-Connection: 	at com.google.common.util.concurrent.dm.run(PG:76)
01-16 19:40:08.623  5672  5810 E Ma-Robin-Connection: 	at com.google.common.util.concurrent.bf.execute(PG:1)
01-16 19:40:08.623  5672  5810 E Ma-Robin-Connection: 	at com.google.frameworks.client.data.android.g.ac.execute(PG:3)
01-16 19:40:08.623  5672  5810 E Ma-Robin-Connection: 	at com.google.common.util.concurrent.dn.execute(PG:36)
01-16 19:40:08.623  5672  5810 E Ma-Robin-Connection: 	at com.google.frameworks.client.data.android.g.l.execute(PG:10)
01-16 19:40:08.623  5672  5810 E Ma-Robin-Connection: 	at com.google.frameworks.client.data.android.g.aa.a(PG:10)
01-16 19:40:08.623  5672  5810 E Ma-Robin-Connection: 	at com.google.frameworks.client.data.android.g.aj.g(PG:97)
01-16 19:40:08.623  5672  5810 E Ma-Robin-Connection: 	at com.google.frameworks.client.data.android.g.aj.l(PG:23)
01-16 19:40:08.623  5672  5810 E Ma-Robin-Connection: 	at com.google.frameworks.client.data.android.g.aj.a(PG:8)
01-16 19:40:08.623  5672  5810 E Ma-Robin-Connection: 	at com.google.frameworks.client.data.android.h.c.run(PG:9)
01-16 19:40:08.623  5672  5810 E Ma-Robin-Connection: 	at com.google.frameworks.client.data.android.h.e.e(PG:17)
01-16 19:40:08.623  5672  5810 E Ma-Robin-Connection: 	at com.google.frameworks.client.data.android.h.e.a(PG:6)
01-16 19:40:08.623  5672  5810 E Ma-Robin-Connection: 	at com.google.frameworks.client.data.android.g.x.run(PG:14)
01-16 19:40:08.623  5672  5810 E Ma-Robin-Connection: 	at com.google.frameworks.client.data.android.g.s.run(PG:3)
01-16 19:40:08.623  5672  5810 E Ma-Robin-Connection: 	at com.google.common.util.concurrent.dl.run(PG:3)
01-16 19:40:08.623  5672  5810 E Ma-Robin-Connection: 	at com.google.common.util.concurrent.dm.run(PG:76)
01-16 19:40:08.623  5672  5810 E Ma-Robin-Connection: 	at com.google.common.util.concurrent.bf.execute(PG:1)
01-16 19:40:08.623  5672  5810 E Ma-Robin-Connection: 	at com.google.frameworks.client.data.android.g.ac.execute(PG:3)
01-16 19:40:08.623  5672  5810 E Ma-Robin-Connection: 	at com.google.common.util.concurrent.dn.execute(PG:36)
01-16 19:40:08.623  5672  5810 E Ma-Robin-Connection: 	at com.google.frameworks.client.data.android.g.l.execute(PG:10)
01-16 19:40:08.623  5672  5810 E Ma-Robin-Connection: 	at com.google.frameworks.client.data.android.g.aa.a(PG:10)
01-16 19:40:08.623  5672  5810 E Ma-Robin-Connection: 	at com.google.frameworks.client.data.android.g.aj.g(PG:97)
01-16 19:40:08.623  5672  5810 E Ma-Robin-Connection: 	at com.google.frameworks.client.data.android.g.aj.l(PG:23)
01-16 19:40:08.623  5672  5810 E Ma-Robin-Connection: 	at com.google.frameworks.client.data.android.g.aj.a(PG:8)
01-16 19:40:08.623  5672  5810 E Ma-Robin-Connection: 	at com.google.frameworks.client.data.android.h.c.run(PG:9)
01-16 19:40:08.623  5672  5810 E Ma-Robin-Connection: 	at com.google.frameworks.client.data.android.h.e.e(PG:17)
01-16 19:40:08.623  5672  5810 E Ma-Robin-Connection: 	at com.google.frameworks.client.data.android.h.e.a(PG:6)
01-16 19:40:08.623  5672  5810 E Ma-Robin-Connection: 	at com.google.frameworks.client.data.android.g.x.run(PG:14)
01-16 19:40:08.623  5672  5810 E Ma-Robin-Connection: 	at com.google.frameworks.client.data.android.g.s.run(PG:3)
01-16 19:40:08.623  5672  5810 E Ma-Robin-Connection: 	at com.google.common.util.concurrent.dl.run(PG:3)
01-16 19:40:08.623  5672  5810 E Ma-Robin-Connection: 	at com.google.common.util.concurrent.dm.run(PG:76)
01-16 19:40:08.623  5672  5810 E Ma-Robin-Connection: 	at com.google.common.util.concurrent.bf.execute(PG:1)
01-16 19:40:08.623  5672  5810 E Ma-Robin-Connection: 	at com.google.frameworks.client.data.android.g.ac.execute(PG:3)
01-16 19:40:08.623  5672  5810 E Ma-Robin-Connection: 	at com.google.common.util.concurrent.dn.execute(PG:36)
01-16 19:40:08.623  5672  5810 E Ma-Robin-Connection: 	at com.google.frameworks.client.data.android.g.l.execute(PG:10)
01-16 19:40:08.623  5672  5810 E Ma-Robin-Connection: 	at com.google.frameworks.client.data.android.g.aa.a(PG:10)
01-16 19:40:08.623  5672  5810 E Ma-Robin-Connection: 	at com.google.frameworks.client.data.android.g.aj.g(PG:97)
01-16 19:40:08.623  5672  5810 E Ma-Robin-Connection: 	at com.google.frameworks.client.data.android.g.aj.l(PG:23)
01-16 19:40:08.623  5672  5810 E Ma-Robin-Connection: 	at com.google.frameworks.client.data.android.g.aj.a(PG:8)
01-16 19:40:08.623  5672  5810 E Ma-Robin-Connection: 	at com.google.frameworks.client.data.android.h.c.run(PG:9)
01-16 19:40:08.623  5672  5810 E Ma-Robin-Connection: 	at com.google.apps.tiktok.tracing.fc.run(PG:13)
01-16 19:40:08.623  5672  5810 E Ma-Robin-Connection: 	at com.google.frameworks.client.data.android.h.e.e(PG:13)
01-16 19:40:08.623  5672  5810 E Ma-Robin-Connection: 	at com.google.frameworks.client.data.android.h.e.a(PG:6)
01-16 19:40:08.623  5672  5810 E Ma-Robin-Connection: 	at com.google.frameworks.client.data.android.g.x.run(PG:14)
01-16 19:40:08.623  5672  5810 E Ma-Robin-Connection: 	at com.google.frameworks.client.data.android.g.s.run(PG:3)
01-16 19:40:08.623  5672  5810 E Ma-Robin-Connection: 	at com.google.common.util.concurrent.dl.run(PG:3)
01-16 19:40:08.623  5672  5810 E Ma-Robin-Connection: 	at com.google.common.util.concurrent.dm.run(PG:76)
01-16 19:40:08.623  5672  5810 E Ma-Robin-Connection: 	at com.google.common.util.concurrent.bf.execute(PG:1)
01-16 19:40:08.623  5672  5810 E Ma-Robin-Connection: 	at com.google.frameworks.client.data.android.g.ac.execute(PG:3)
01-16 19:40:08.623  5672  5810 E Ma-Robin-Connection: 	at com.google.common.util.concurrent.dn.execute(PG:36)
01-16 19:40:08.623  5672  5810 E Ma-Robin-Connection: 	at com.google.frameworks.client.data.android.g.l.execute(PG:10)
01-16 19:40:08.623  5672  5810 E Ma-Robin-Connection: 	at com.google.frameworks.client.data.android.g.aa.a(PG:10)
01-16 19:40:08.623  5672  5810 E Ma-Robin-Connection: 	at io.grpc.e.am.a(PG:32)
01-16 19:40:08.623  5672  5810 E Ma-Robin-Connection: 	at io.grpc.e.bh.run(PG:7)
01-16 19:40:08.623  5672  5810 E Ma-Robin-Connection: 	at io.grpc.e.lb.run(PG:17)
01-16 19:40:08.623  5672  5810 E Ma-Robin-Connection: 	at com.google.android.libraries.k.x.run(PG:3)
01-16 19:40:08.623  5672  5810 E Ma-Robin-Connection: 	at com.google.common.n.c.c.run(PG:50)
01-16 19:40:08.623  5672  5810 E Ma-Robin-Connection: 	at com.google.android.libraries.k.e.run(PG:8)
01-16 19:40:08.623  5672  5810 E Ma-Robin-Connection: 	at java.lang.Thread.run(Thread.java:1012)
01-16 19:40:08.623  5672  5810 E Ma-Robin-Connection: 	at com.google.android.libraries.k.d.b.run(PG:74)
01-16 19:40:29.760  5238  5238 E WearableService: PackageRecordCache: appContext was already set bbpj@ccb24a6 -> bbpj@60d5ee7
