01-16 19:48:04.867   569   891 I AggregatedPowerStats: Too many clock updates. Replacing the previous update with 2026-01-09-03-33-51
01-16 19:48:04.867   569   891 I AggregatedPowerStats: Too many clock updates. Replacing the previous update with 2026-01-09-03-49-19
01-16 19:48:04.867   569   891 I AggregatedPowerStats: Too many clock updates. Replacing the previous update with 2026-01-09-04-05-43
01-16 19:48:04.867   569   891 I AggregatedPowerStats: Too many clock updates. Replacing the previous update with 2026-01-09-04-21-37
01-16 19:48:04.867   569   891 I AggregatedPowerStats: Too many clock updates. Replacing the previous update with 2026-01-09-04-36-56
01-16 19:48:04.867   569   891 I AggregatedPowerStats: Too many clock updates. Replacing the previous update with 2026-01-09-04-42-43
01-16 19:48:04.867   569   891 I AggregatedPowerStats: Too many clock updates. Replacing the previous update with 2026-01-09-04-59-03
01-16 19:48:04.867   569   891 I AggregatedPowerStats: Too many clock updates. Replacing the previous update with 2026-01-09-05-15-39
01-16 19:48:04.867   569   891 I AggregatedPowerStats: Too many clock updates. Replacing the previous update with 2026-01-09-05-31-07
01-16 19:48:04.867   569   891 I AggregatedPowerStats: Too many clock updates. Replacing the previous update with 2026-01-09-05-46-38
01-16 19:48:04.867   569   891 I AggregatedPowerStats: Too many clock updates. Replacing the previous update with 2026-01-09-06-02-13
01-16 19:48:04.867   569   891 I AggregatedPowerStats: Too many clock updates. Replacing the previous update with 2026-01-09-06-19-59
01-16 19:48:04.867   569   891 I AggregatedPowerStats: Too many clock updates. Replacing the previous update with 2026-01-09-06-37-15
01-16 19:48:04.867   569   891 I AggregatedPowerStats: Too many clock updates. Replacing the previous update with 2026-01-09-06-43-44
01-16 19:48:04.867   569   891 I AggregatedPowerStats: Too many clock updates. Replacing the previous update with 2026-01-09-07-01-30
01-16 19:48:04.867   569   891 I AggregatedPowerStats: Too many clock updates. Replacing the previous update with 2026-01-09-07-17-28
01-16 19:48:04.867   569   891 I AggregatedPowerStats: Too many clock updates. Replacing the previous update with 2026-01-09-07-32-47
01-16 19:48:04.867   569   891 I AggregatedPowerStats: Too many clock updates. Replacing the previous update with 2026-01-09-07-44-45
01-16 19:48:04.867   569   891 I AggregatedPowerStats: Too many clock updates. Replacing the previous update with 2026-01-09-08-03-08
01-16 19:48:04.867   569   891 I AggregatedPowerStats: Too many clock updates. Replacing the previous update with 2026-01-09-08-21-06
01-16 19:48:04.867   569   891 I AggregatedPowerStats: Too many clock updates. Replacing the previous update with 2026-01-09-08-37-46
01-16 19:48:04.868   569   891 I AggregatedPowerStats: Too many clock updates. Replacing the previous update with 2026-01-09-08-45-46
01-16 19:48:04.868   569   891 I AggregatedPowerStats: Too many clock updates. Replacing the previous update with 2026-01-09-09-02-18
01-16 19:48:04.868   569   891 I AggregatedPowerStats: Too many clock updates. Replacing the previous update with 2026-01-09-09-18-07
01-16 19:48:04.868   569   891 I AggregatedPowerStats: Too many clock updates. Replacing the previous update with 2026-01-09-09-33-59
01-16 19:48:04.868   569   891 I AggregatedPowerStats: Too many clock updates. Replacing the previous update with 2026-01-09-09-46-47
01-16 19:48:04.868   569   891 I AggregatedPowerStats: Too many clock updates. Replacing the previous update with 2026-01-09-10-03-11
01-16 19:48:04.868   569   891 I AggregatedPowerStats: Too many clock updates. Replacing the previous update with 2026-01-09-10-18-26
01-16 19:48:04.868   569   891 I AggregatedPowerStats: Too many clock updates. Replacing the previous update with 2026-01-09-10-34-04
01-16 19:48:04.868   569   891 I AggregatedPowerStats: Too many clock updates. Replacing the previous update with 2026-01-09-10-51-59
01-16 19:48:04.868   569   891 I AggregatedPowerStats: Too many clock updates. Replacing the previous update with 2026-01-09-11-07-18
01-16 19:48:04.868   569   891 I AggregatedPowerStats: Too many clock updates. Replacing the previous update with 2026-01-09-11-24-02
01-16 19:48:04.868   569   891 I AggregatedPowerStats: Too many clock updates. Replacing the previous update with 2026-01-09-11-41-49
01-16 19:48:04.868   569   891 I AggregatedPowerStats: Too many clock updates. Replacing the previous update with 2026-01-09-11-57-24
01-16 19:48:04.868   569   891 I AggregatedPowerStats: Too many clock updates. Replacing the previous update with 2026-01-09-12-02-19
01-16 19:48:04.868   569   891 I AggregatedPowerStats: Too many clock updates. Replacing the previous update with 2026-01-09-12-18-50
01-16 19:48:04.868   569   891 I AggregatedPowerStats: Too many clock updates. Replacing the previous update with 2026-01-09-12-35-07
01-16 19:48:04.868   569   891 I AggregatedPowerStats: Too many clock updates. Replacing the previous update with 2026-01-09-12-51-02
01-16 19:48:04.868   569   891 I AggregatedPowerStats: Too many clock updates. Replacing the previous update with 2026-01-09-13-08-06
01-16 19:48:04.868   569   891 I AggregatedPowerStats: Too many clock updates. Replacing the previous update with 2026-01-09-13-25-06
01-16 19:48:04.868   569   891 I AggregatedPowerStats: Too many clock updates. Replacing the previous update with 2026-01-09-13-36-08
01-16 19:48:04.868   569   891 I AggregatedPowerStats: Too many clock updates. Replacing the previous update with 2026-01-09-13-54-15
01-16 19:48:04.868   569   891 I AggregatedPowerStats: Too many clock updates. Replacing the previous update with 2026-01-09-14-10-43
01-16 19:48:04.868   569   891 I AggregatedPowerStats: Too many clock updates. Replacing the previous update with 2026-01-09-14-20-32
01-16 19:48:04.868   569   891 I AggregatedPowerStats: Too many clock updates. Replacing the previous update with 2026-01-09-14-37-08
01-16 19:48:04.868   569   891 I AggregatedPowerStats: Too many clock updates. Replacing the previous update with 2026-01-09-14-54-21
01-16 19:48:04.868   569   891 I AggregatedPowerStats: Too many clock updates. Replacing the previous update with 2026-01-09-15-11-53
01-16 19:48:04.868   569   891 I AggregatedPowerStats: Too many clock updates. Replacing the previous update with 2026-01-09-15-27-12
01-16 19:48:04.869   569   891 I AggregatedPowerStats: Too many clock updates. Replacing the previous update with 2026-01-09-15-38-10
01-16 19:48:04.869   569   891 I AggregatedPowerStats: Too many clock updates. Replacing the previous update with 2026-01-09-15-54-36
01-16 19:48:04.869   569   891 I AggregatedPowerStats: Too many clock updates. Replacing the previous update with 2026-01-09-15-54-36
01-16 19:48:04.869   569   891 I AggregatedPowerStats: Too many clock updates. Replacing the previous update with 2026-01-09-16-09-39
01-16 19:48:04.869   569   891 I AggregatedPowerStats: Too many clock updates. Replacing the previous update with 2026-01-09-16-27-37
01-16 19:48:04.869   569   891 I AggregatedPowerStats: Too many clock updates. Replacing the previous update with 2026-01-09-16-39-10
01-16 19:48:04.869   569   891 I AggregatedPowerStats: Too many clock updates. Replacing the previous update with 2026-01-09-16-54-09
01-16 19:48:04.869   569   891 I AggregatedPowerStats: Too many clock updates. Replacing the previous update with 2026-01-09-17-12-07
01-16 19:48:04.869   569   891 I AggregatedPowerStats: Too many clock updates. Replacing the previous update with 2026-01-09-17-27-40
01-16 19:48:04.869   569   891 I AggregatedPowerStats: Too many clock updates. Replacing the previous update with 2026-01-09-17-40-10
01-16 19:48:04.869   569   891 I AggregatedPowerStats: Too many clock updates. Replacing the previous update with 2026-01-09-17-43-16
01-16 19:48:04.869   569   891 I AggregatedPowerStats: Too many clock updates. Replacing the previous update with 2026-01-09-18-01-40
01-16 19:48:04.869   569   891 I AggregatedPowerStats: Too many clock updates. Replacing the previous update with 2026-01-09-18-19-07
01-16 19:48:04.869   569   891 I AggregatedPowerStats: Too many clock updates. Replacing the previous update with 2026-01-09-18-36-19
01-16 19:48:04.869   569   891 I AggregatedPowerStats: Too many clock updates. Replacing the previous update with 2026-01-09-18-41-10
01-16 19:48:04.869   569   891 I AggregatedPowerStats: Too many clock updates. Replacing the previous update with 2026-01-09-18-57-46
01-16 19:48:04.869   569   891 I AggregatedPowerStats: Too many clock updates. Replacing the previous update with 2026-01-09-19-14-01
01-16 19:48:04.869   569   891 I AggregatedPowerStats: Too many clock updates. Replacing the previous update with 2026-01-09-19-29-28
01-16 19:48:04.869   569   891 I AggregatedPowerStats: Too many clock updates. Replacing the previous update with 2026-01-09-19-42-10
01-16 19:48:04.869   569   891 I AggregatedPowerStats: Too many clock updates. Replacing the previous update with 2026-01-09-19-58-44
01-16 19:48:04.870   569   891 I AggregatedPowerStats: Too many clock updates. Replacing the previous update with 2026-01-09-20-15-19
01-16 19:48:04.870   569   891 I AggregatedPowerStats: Too many clock updates. Replacing the previous update with 2026-01-09-20-32-50
01-16 19:48:04.870   569   891 I AggregatedPowerStats: Too many clock updates. Replacing the previous update with 2026-01-09-20-43-10
01-16 19:48:04.870   569   891 I AggregatedPowerStats: Too many clock updates. Replacing the previous update with 2026-01-09-20-59-14
01-16 19:48:04.870   569   891 I AggregatedPowerStats: Too many clock updates. Replacing the previous update with 2026-01-09-21-15-09
01-16 19:48:04.870   569   891 I AggregatedPowerStats: Too many clock updates. Replacing the previous update with 2026-01-09-21-32-42
01-16 19:48:04.870   569   891 I AggregatedPowerStats: Too many clock updates. Replacing the previous update with 2026-01-09-21-44-10
01-16 19:48:04.870   569   891 I AggregatedPowerStats: Too many clock updates. Replacing the previous update with 2026-01-09-22-01-39
01-16 19:48:04.870   569   891 I AggregatedPowerStats: Too many clock updates. Replacing the previous update with 2026-01-09-22-18-31
01-16 19:48:04.870   569   891 I AggregatedPowerStats: Too many clock updates. Replacing the previous update with 2026-01-09-22-36-05
01-16 19:48:04.870   569   891 I AggregatedPowerStats: Too many clock updates. Replacing the previous update with 2026-01-09-22-45-10
01-16 19:48:04.870   569   891 I AggregatedPowerStats: Too many clock updates. Replacing the previous update with 2026-01-09-23-01-33
01-16 19:48:04.870   569   891 I AggregatedPowerStats: Too many clock updates. Replacing the previous update with 2026-01-09-23-18-24
01-16 19:48:04.870   569   891 I AggregatedPowerStats: Too many clock updates. Replacing the previous update with 2026-01-09-23-35-33
01-16 19:48:04.870   569   891 I AggregatedPowerStats: Too many clock updates. Replacing the previous update with 2026-01-09-23-46-10
01-16 19:48:04.870   569   891 I AggregatedPowerStats: Too many clock updates. Replacing the previous update with 2026-01-10-00-02-47
01-16 19:48:04.870   569   891 I AggregatedPowerStats: Too many clock updates. Replacing the previous update with 2026-01-10-00-18-35
01-16 19:48:04.870   569   891 I AggregatedPowerStats: Too many clock updates. Replacing the previous update with 2026-01-10-00-35-18
01-16 19:48:04.870   569   891 I AggregatedPowerStats: Too many clock updates. Replacing the previous update with 2026-01-10-00-47-10
01-16 19:48:04.870   569   891 I AggregatedPowerStats: Too many clock updates. Replacing the previous update with 2026-01-10-01-03-58
01-16 19:48:04.870   569   891 I AggregatedPowerStats: Too many clock updates. Replacing the previous update with 2026-01-10-01-21-39
01-16 19:48:04.870   569   891 I AggregatedPowerStats: Too many clock updates. Replacing the previous update with 2026-01-10-01-38-51
01-16 19:48:04.870   569   891 I AggregatedPowerStats: Too many clock updates. Replacing the previous update with 2026-01-10-01-48-10
01-16 19:48:04.870   569   891 I AggregatedPowerStats: Too many clock updates. Replacing the previous update with 2026-01-10-02-04-51
01-16 19:48:04.870   569   891 I AggregatedPowerStats: Too many clock updates. Replacing the previous update with 2026-01-10-02-20-23
01-16 19:48:04.870   569   891 I AggregatedPowerStats: Too many clock updates. Replacing the previous update with 2026-01-10-02-38-08
01-16 19:48:04.871   569   891 I AggregatedPowerStats: Too many clock updates. Replacing the previous update with 2026-01-10-02-49-10
01-16 19:48:04.871   569   891 I AggregatedPowerStats: Too many clock updates. Replacing the previous update with 2026-01-10-03-06-02
01-16 19:48:04.871   569   891 I AggregatedPowerStats: Too many clock updates. Replacing the previous update with 2026-01-10-03-22-18
01-16 19:48:04.871   569   891 I AggregatedPowerStats: Too many clock updates. Replacing the previous update with 2026-01-10-03-39-27
01-16 19:48:04.871   569   891 I AggregatedPowerStats: Too many clock updates. Replacing the previous update with 2026-01-10-03-56-36
01-16 19:48:04.871   569   891 I AggregatedPowerStats: Too many clock updates. Replacing the previous update with 2026-01-10-04-13-02
01-16 19:48:04.871   569   891 I AggregatedPowerStats: Too many clock updates. Replacing the previous update with 2026-01-10-04-28-19
01-16 19:48:04.871   569   891 I AggregatedPowerStats: Too many clock updates. Replacing the previous update with 2026-01-10-04-46-53
01-16 19:48:04.871   569   891 I AggregatedPowerStats: Too many clock updates. Replacing the previous update with 2026-01-10-04-46-53
01-16 19:48:04.871   569   891 I AggregatedPowerStats: Too many clock updates. Replacing the previous update with 2026-01-10-05-03-55
01-16 19:48:04.871   569   891 I AggregatedPowerStats: Too many clock updates. Replacing the previous update with 2026-01-10-05-20-18
01-16 19:48:04.871   569   891 I AggregatedPowerStats: Too many clock updates. Replacing the previous update with 2026-01-10-05-37-44
01-16 19:48:04.871   569   891 I AggregatedPowerStats: Too many clock updates. Replacing the previous update with 2026-01-10-05-55-05
01-16 19:48:04.871   569   891 I AggregatedPowerStats: Too many clock updates. Replacing the previous update with 2026-01-10-06-10-35
01-16 19:48:04.871   569   891 I AggregatedPowerStats: Too many clock updates. Replacing the previous update with 2026-01-10-06-25-40
01-16 19:48:04.871   569   891 I AggregatedPowerStats: Too many clock updates. Replacing the previous update with 2026-01-10-06-42-41
01-16 19:48:04.872   569   891 I AggregatedPowerStats: Too many clock updates. Replacing the previous update with 2026-01-10-06-58-05
01-16 19:48:04.872   569   891 I AggregatedPowerStats: Too many clock updates. Replacing the previous update with 2026-01-10-07-15-54
01-16 19:48:04.872   569   891 I AggregatedPowerStats: Too many clock updates. Replacing the previous update with 2026-01-10-07-31-24
01-16 19:48:04.872   569   891 I AggregatedPowerStats: Too many clock updates. Replacing the previous update with 2026-01-10-07-38-46
01-16 19:48:04.872   569   891 I AggregatedPowerStats: Too many clock updates. Replacing the previous update with 2026-01-10-07-57-23
01-16 19:48:04.872   569   891 I AggregatedPowerStats: Too many clock updates. Replacing the previous update with 2026-01-10-08-12-37
01-16 19:48:04.872   569   891 I AggregatedPowerStats: Too many clock updates. Replacing the previous update with 2026-01-10-08-28-55
01-16 19:48:04.872   569   891 I AggregatedPowerStats: Too many clock updates. Replacing the previous update with 2026-01-10-08-39-46
01-16 19:48:04.872   569   891 I AggregatedPowerStats: Too many clock updates. Replacing the previous update with 2026-01-10-08-56-33
01-16 19:48:04.872   569   891 I AggregatedPowerStats: Too many clock updates. Replacing the previous update with 2026-01-10-09-13-07
01-16 19:48:04.872   569   891 I AggregatedPowerStats: Too many clock updates. Replacing the previous update with 2026-01-10-09-30-42
01-16 19:48:04.872   569   891 I AggregatedPowerStats: Too many clock updates. Replacing the previous update with 2026-01-10-09-40-46
01-16 19:48:04.873   569   891 I AggregatedPowerStats: Too many clock updates. Replacing the previous update with 2026-01-10-09-56-37
01-16 19:48:04.873   569   891 I AggregatedPowerStats: Too many clock updates. Replacing the previous update with 2026-01-10-10-13-45
01-16 19:48:04.873   569   891 I AggregatedPowerStats: Too many clock updates. Replacing the previous update with 2026-01-10-10-31-30
01-16 19:48:04.873   569   891 I AggregatedPowerStats: Too many clock updates. Replacing the previous update with 2026-01-10-10-41-46
01-16 19:48:04.873   569   891 I AggregatedPowerStats: Too many clock updates. Replacing the previous update with 2026-01-10-10-58-41
01-16 19:48:04.873   569   891 I AggregatedPowerStats: Too many clock updates. Replacing the previous update with 2026-01-10-11-16-33
01-16 19:48:04.873   569   891 I AggregatedPowerStats: Too many clock updates. Replacing the previous update with 2026-01-10-11-33-12
01-16 19:48:04.873   569   891 I AggregatedPowerStats: Too many clock updates. Replacing the previous update with 2026-01-10-11-42-46
01-16 19:48:04.873   569   891 I AggregatedPowerStats: Too many clock updates. Replacing the previous update with 2026-01-10-12-00-00
01-16 19:48:04.873   569   891 I AggregatedPowerStats: Too many clock updates. Replacing the previous update with 2026-01-10-12-17-35
01-16 19:48:04.873   569   891 I AggregatedPowerStats: Too many clock updates. Replacing the previous update with 2026-01-10-12-32-44
01-16 19:48:04.873   569   891 I AggregatedPowerStats: Too many clock updates. Replacing the previous update with 2026-01-10-12-41-19
01-16 19:48:04.873   569   891 I AggregatedPowerStats: Too many clock updates. Replacing the previous update with 2026-01-10-12-43-46
01-16 19:48:04.873   569   891 I AggregatedPowerStats: Too many clock updates. Replacing the previous update with 2026-01-10-13-02-24
01-16 19:48:04.873   569   891 I AggregatedPowerStats: Too many clock updates. Replacing the previous update with 2026-01-10-13-20-02
01-16 19:48:04.873   569   891 I AggregatedPowerStats: Too many clock updates. Replacing the previous update with 2026-01-10-13-37-32
01-16 19:48:04.873   569   891 I AggregatedPowerStats: Too many clock updates. Replacing the previous update with 2026-01-10-13-44-46
01-16 19:48:04.873   569   891 I AggregatedPowerStats: Too many clock updates. Replacing the previous update with 2026-01-10-14-01-26
01-16 19:48:04.873   569   891 I AggregatedPowerStats: Too many clock updates. Replacing the previous update with 2026-01-10-14-17-02
01-16 19:48:04.873   569   891 I AggregatedPowerStats: Too many clock updates. Replacing the previous update with 2026-01-10-14-34-13
01-16 19:48:04.873   569   891 I AggregatedPowerStats: Too many clock updates. Replacing the previous update with 2026-01-10-14-45-46
01-16 19:48:04.873   569   891 I AggregatedPowerStats: Too many clock updates. Replacing the previous update with 2026-01-10-15-03-35
01-16 19:48:04.873   569   891 I AggregatedPowerStats: Too many clock updates. Replacing the previous update with 2026-01-10-15-21-33
01-16 19:48:04.873   569   891 I AggregatedPowerStats: Too many clock updates. Replacing the previous update with 2026-01-10-15-39-03
01-16 19:48:04.873   569   891 I AggregatedPowerStats: Too many clock updates. Replacing the previous update with 2026-01-10-15-46-46
01-16 19:48:04.873   569   891 I AggregatedPowerStats: Too many clock updates. Replacing the previous update with 2026-01-10-16-03-55
01-16 19:48:04.873   569   891 I AggregatedPowerStats: Too many clock updates. Replacing the previous update with 2026-01-10-16-19-43
01-16 19:48:04.874   569   891 I AggregatedPowerStats: Too many clock updates. Replacing the previous update with 2026-01-10-16-35-05
01-16 19:48:04.874   569   891 I AggregatedPowerStats: Too many clock updates. Replacing the previous update with 2026-01-10-16-47-46
01-16 19:48:04.874   569   891 I AggregatedPowerStats: Too many clock updates. Replacing the previous update with 2026-01-10-17-05-51
01-16 19:48:04.874   569   891 I AggregatedPowerStats: Too many clock updates. Replacing the previous update with 2026-01-10-17-22-36
01-16 19:48:04.874   569   891 I AggregatedPowerStats: Too many clock updates. Replacing the previous update with 2026-01-10-17-39-57
01-16 19:48:04.874   569   891 I AggregatedPowerStats: Too many clock updates. Replacing the previous update with 2026-01-10-17-48-46
01-16 19:48:04.874   569   891 I AggregatedPowerStats: Too many clock updates. Replacing the previous update with 2026-01-10-18-07-21
01-16 19:48:04.874   569   891 I AggregatedPowerStats: Too many clock updates. Replacing the previous update with 2026-01-10-18-25-18
01-16 19:48:04.874   569   891 I AggregatedPowerStats: Too many clock updates. Replacing the previous update with 2026-01-10-18-42-03
01-16 19:48:04.874   569   891 I AggregatedPowerStats: Too many clock updates. Replacing the previous update with 2026-01-10-18-49-46
01-16 19:48:04.874   569   891 I AggregatedPowerStats: Too many clock updates. Replacing the previous update with 2026-01-10-19-05-46
01-16 19:48:04.874   569   891 I AggregatedPowerStats: Too many clock updates. Replacing the previous update with 2026-01-10-19-21-29
01-16 19:48:04.874   569   891 I AggregatedPowerStats: Too many clock updates. Replacing the previous update with 2026-01-10-19-39-04
01-16 19:48:04.874   569   891 I AggregatedPowerStats: Too many clock updates. Replacing the previous update with 2026-01-10-19-50-46
01-16 19:48:04.874   569   891 I AggregatedPowerStats: Too many clock updates. Replacing the previous update with 2026-01-10-19-50-48
01-16 19:48:04.874   569   891 I AggregatedPowerStats: Too many clock updates. Replacing the previous update with 2026-01-10-20-06-50
01-16 19:48:04.874   569   891 I AggregatedPowerStats: Too many clock updates. Replacing the previous update with 2026-01-10-20-23-03
01-16 19:48:04.874   569   891 I AggregatedPowerStats: Too many clock updates. Replacing the previous update with 2026-01-10-20-38-07
01-16 19:48:04.875   569   891 I AggregatedPowerStats: Too many clock updates. Replacing the previous update with 2026-01-10-20-51-46
01-16 19:48:04.875   569   891 I AggregatedPowerStats: Too many clock updates. Replacing the previous update with 2026-01-10-20-54-19
01-16 19:48:04.875   569   891 I AggregatedPowerStats: Too many clock updates. Replacing the previous update with 2026-01-10-21-11-38
01-16 19:48:04.875   569  4478 I Role    : com.ruitb.test.my_app.dev not qualified for android.app.role.HOME due to missing RequiredComponent{mIntentFilterData=IntentFilterData{mAction='android.intent.action.MAIN', mCategories='[android.intent.category.HOME]', mDataScheme='null', mDataType='null'}, mMinTargetSdkVersion=1, mFlags='0', mPermission='null', mQueryFlags=0, mMetaData=[]}
01-16 19:48:04.876   569   891 I AggregatedPowerStats: Too many clock updates. Replacing the previous update with 2026-01-10-21-27-28
01-16 19:48:04.876   569   891 I AggregatedPowerStats: Too many clock updates. Replacing the previous update with 2026-01-10-21-45-29
01-16 19:48:04.876   569  4478 I Role    : com.ruitb.test.my_app.dev not qualified for android.app.role.DIALER due to missing RequiredComponent{mIntentFilterData=IntentFilterData{mAction='android.intent.action.DIAL', mCategories='[]', mDataScheme='null', mDataType='null'}, mMinTargetSdkVersion=1, mFlags='0', mPermission='null', mQueryFlags=0, mMetaData=[]}
01-16 19:48:04.876   569   891 I AggregatedPowerStats: Too many clock updates. Replacing the previous update with 2026-01-10-21-52-46
01-16 19:48:04.876   569   891 I AggregatedPowerStats: Too many clock updates. Replacing the previous update with 2026-01-10-22-10-59
01-16 19:48:04.876   569   891 I AggregatedPowerStats: Too many clock updates. Replacing the previous update with 2026-01-10-22-28-02
01-16 19:48:04.876   569   891 I AggregatedPowerStats: Too many clock updates. Replacing the previous update with 2026-01-10-22-45-20
01-16 19:48:04.876   569   891 I AggregatedPowerStats: Too many clock updates. Replacing the previous update with 2026-01-10-22-53-46
01-16 19:48:04.876   569   891 I AggregatedPowerStats: Too many clock updates. Replacing the previous update with 2026-01-10-23-11-46
01-16 19:48:04.876   569   891 I AggregatedPowerStats: Too many clock updates. Replacing the previous update with 2026-01-10-23-29-07
01-16 19:48:04.876   569   891 I AggregatedPowerStats: Too many clock updates. Replacing the previous update with 2026-01-10-23-44-23
01-16 19:48:04.876   569   891 I AggregatedPowerStats: Too many clock updates. Replacing the previous update with 2026-01-10-23-54-46
01-16 19:48:04.876   569   891 I AggregatedPowerStats: Too many clock updates. Replacing the previous update with 2026-01-11-00-11-58
01-16 19:48:04.876   569   891 I AggregatedPowerStats: Too many clock updates. Replacing the previous update with 2026-01-11-00-27-05
01-16 19:48:04.876   569   891 I AggregatedPowerStats: Too many clock updates. Replacing the previous update with 2026-01-11-00-44-56
01-16 19:48:04.877   569   891 I AggregatedPowerStats: Too many clock updates. Replacing the previous update with 2026-01-11-01-01-20
01-16 19:48:04.877   569  4478 I Role    : com.ruitb.test.my_app.dev not qualified for android.app.role.SMS due to missing RequiredComponent{mIntentFilterData=IntentFilterData{mAction='android.provider.Telephony.SMS_DELIVER', mCategories='[]', mDataScheme='null', mDataType='null'}, mMinTargetSdkVersion=1, mFlags='0', mPermission='android.permission.BROADCAST_SMS', mQueryFlags=0, mMetaData=[]}
01-16 19:48:04.877   569   891 I AggregatedPowerStats: Too many clock updates. Replacing the previous update with 2026-01-11-01-17-25
01-16 19:48:04.877   569   891 I AggregatedPowerStats: Too many clock updates. Replacing the previous update with 2026-01-11-01-33-35
01-16 19:48:04.877   569   891 I AggregatedPowerStats: Too many clock updates. Replacing the previous update with 2026-01-11-01-50-19
01-16 19:48:04.877   569   891 I AggregatedPowerStats: Too many clock updates. Replacing the previous update with 2026-01-11-02-06-37
01-16 19:48:04.877   569   891 I AggregatedPowerStats: Too many clock updates. Replacing the previous update with 2026-01-11-02-22-01
01-16 19:48:04.877   569   891 I AggregatedPowerStats: Too many clock updates. Replacing the previous update with 2026-01-11-02-38-25
01-16 19:48:04.877   569   891 I AggregatedPowerStats: Too many clock updates. Replacing the previous update with 2026-01-11-02-53-28
01-16 19:48:04.877   569   891 I AggregatedPowerStats: Too many clock updates. Replacing the previous update with 2026-01-11-03-08-36
01-16 19:48:04.877   569   891 I AggregatedPowerStats: Too many clock updates. Replacing the previous update with 2026-01-11-03-25-43
01-16 19:48:04.877   569   891 I AggregatedPowerStats: Too many clock updates. Replacing the previous update with 2026-01-11-03-42-23
01-16 19:48:04.877   569   891 I AggregatedPowerStats: Too many clock updates. Replacing the previous update with 2026-01-11-03-44-04
01-16 19:48:04.877   569   891 I AggregatedPowerStats: Too many clock updates. Replacing the previous update with 2026-01-11-04-02-21
01-16 19:48:04.877   569   891 I AggregatedPowerStats: Too many clock updates. Replacing the previous update with 2026-01-11-04-18-42
01-16 19:48:04.877   569   891 I AggregatedPowerStats: Too many clock updates. Replacing the previous update with 2026-01-11-04-36-33
01-16 19:48:04.877   569   891 I AggregatedPowerStats: Too many clock updates. Replacing the previous update with 2026-01-11-04-54-05
01-16 19:48:04.877   569   891 I AggregatedPowerStats: Too many clock updates. Replacing the previous update with 2026-01-11-05-07-20
01-16 19:48:04.877   569   891 I AggregatedPowerStats: Too many clock updates. Replacing the previous update with 2026-01-11-05-25-25
01-16 19:48:04.878   569   891 I AggregatedPowerStats: Too many clock updates. Replacing the previous update with 2026-01-11-05-41-03
01-16 19:48:04.878   569   891 I AggregatedPowerStats: Too many clock updates. Replacing the previous update with 2026-01-11-05-45-04
01-16 19:48:04.878   569   891 I AggregatedPowerStats: Too many clock updates. Replacing the previous update with 2026-01-11-06-02-04
01-16 19:48:04.878   569   891 I AggregatedPowerStats: Too many clock updates. Replacing the previous update with 2026-01-11-06-17-31
01-16 19:48:04.878   569   891 I AggregatedPowerStats: Too many clock updates. Replacing the previous update with 2026-01-11-06-32-52
01-16 19:48:04.878   569   891 I AggregatedPowerStats: Too many clock updates. Replacing the previous update with 2026-01-11-06-46-06
01-16 19:48:04.878   569   891 I AggregatedPowerStats: Too many clock updates. Replacing the previous update with 2026-01-11-07-04-16
01-16 19:48:04.878   569   891 I AggregatedPowerStats: Too many clock updates. Replacing the previous update with 2026-01-11-07-21-13
01-16 19:48:04.878   569   891 I AggregatedPowerStats: Too many clock updates. Replacing the previous update with 2026-01-11-07-38-28
01-16 19:48:04.878   569   891 I AggregatedPowerStats: Too many clock updates. Replacing the previous update with 2026-01-11-07-47-07
01-16 19:48:04.878   569   891 I AggregatedPowerStats: Too many clock updates. Replacing the previous update with 2026-01-11-08-05-19
01-16 19:48:04.878   569   891 I AggregatedPowerStats: Too many clock updates. Replacing the previous update with 2026-01-11-08-20-34
01-16 19:48:04.878   569   891 I AggregatedPowerStats: Too many clock updates. Replacing the previous update with 2026-01-11-08-37-18
01-16 19:48:04.878   569   891 I AggregatedPowerStats: Too many clock updates. Replacing the previous update with 2026-01-11-08-48-07
01-16 19:48:04.878   569   891 I AggregatedPowerStats: Too many clock updates. Replacing the previous update with 2026-01-11-09-05-16
01-16 19:48:04.878   569   891 I AggregatedPowerStats: Too many clock updates. Replacing the previous update with 2026-01-11-09-23-03
01-16 19:48:04.878   569   891 I AggregatedPowerStats: Too many clock updates. Replacing the previous update with 2026-01-11-09-39-25
01-16 19:48:04.878   569   891 I AggregatedPowerStats: Too many clock updates. Replacing the previous update with 2026-01-11-09-49-07
01-16 19:48:04.878   569   891 I AggregatedPowerStats: Too many clock updates. Replacing the previous update with 2026-01-11-10-06-27
01-16 19:48:04.878   569   891 I AggregatedPowerStats: Too many clock updates. Replacing the previous update with 2026-01-11-10-23-54
01-16 19:48:04.878   569   891 I AggregatedPowerStats: Too many clock updates. Replacing the previous update with 2026-01-11-10-41-47
01-16 19:48:04.878   569   891 I AggregatedPowerStats: Too many clock updates. Replacing the previous update with 2026-01-11-10-50-08
01-16 19:48:04.878   569   891 I AggregatedPowerStats: Too many clock updates. Replacing the previous update with 2026-01-11-10-50-28
01-16 19:48:04.878   569   891 I AggregatedPowerStats: Too many clock updates. Replacing the previous update with 2026-01-11-11-06-37
01-16 19:48:04.879   569   891 I AggregatedPowerStats: Too many clock updates. Replacing the previous update with 2026-01-11-11-23-40
01-16 19:48:04.879   569   891 I AggregatedPowerStats: Too many clock updates. Replacing the previous update with 2026-01-11-11-41-41
01-16 19:48:04.879   569   891 I AggregatedPowerStats: Too many clock updates. Replacing the previous update with 2026-01-11-11-51-08
01-16 19:48:04.879   569   891 I AggregatedPowerStats: Too many clock updates. Replacing the previous update with 2026-01-11-12-09-44
01-16 19:48:04.879   569   891 I AggregatedPowerStats: Too many clock updates. Replacing the previous update with 2026-01-11-12-26-15
01-16 19:48:04.879   569   891 I AggregatedPowerStats: Too many clock updates. Replacing the previous update with 2026-01-11-12-44-38
01-16 19:48:04.879   569   891 I AggregatedPowerStats: Too many clock updates. Replacing the previous update with 2026-01-11-12-52-09
01-16 19:48:04.879   569   891 I AggregatedPowerStats: Too many clock updates. Replacing the previous update with 2026-01-11-13-08-48
01-16 19:48:04.879   569   891 I AggregatedPowerStats: Too many clock updates. Replacing the previous update with 2026-01-11-13-20-19
01-16 19:48:04.879   569   891 I AggregatedPowerStats: Too many clock updates. Replacing the previous update with 2026-01-11-13-38-24
01-16 19:48:04.879   569   891 I AggregatedPowerStats: Too many clock updates. Replacing the previous update with 2026-01-11-13-53-10
01-16 19:48:04.879   569   891 I AggregatedPowerStats: Too many clock updates. Replacing the previous update with 2026-01-11-14-10-42
01-16 19:48:04.879   569   891 I AggregatedPowerStats: Too many clock updates. Replacing the previous update with 2026-01-11-14-27-17
01-16 19:48:04.879   569   891 I AggregatedPowerStats: Too many clock updates. Replacing the previous update with 2026-01-11-14-44-32
01-16 19:48:04.879   569   891 I AggregatedPowerStats: Too many clock updates. Replacing the previous update with 2026-01-11-14-54-10
01-16 19:48:04.880   569   891 I AggregatedPowerStats: Too many clock updates. Replacing the previous update with 2026-01-11-15-12-22
01-16 19:48:04.880   569   891 I AggregatedPowerStats: Too many clock updates. Replacing the previous update with 2026-01-11-15-26-26
01-16 19:48:04.880   569   891 I AggregatedPowerStats: Too many clock updates. Replacing the previous update with 2026-01-11-15-43-40
01-16 19:48:04.880   569   891 I AggregatedPowerStats: Too many clock updates. Replacing the previous update with 2026-01-11-15-55-12
01-16 19:48:04.880   569   891 I AggregatedPowerStats: Too many clock updates. Replacing the previous update with 2026-01-11-16-13-50
01-16 19:48:04.880   569   891 I AggregatedPowerStats: Too many clock updates. Replacing the previous update with 2026-01-11-16-30-43
01-16 19:48:04.880   569   891 I AggregatedPowerStats: Too many clock updates. Replacing the previous update with 2026-01-11-16-47-09
01-16 19:48:04.880   569   891 I AggregatedPowerStats: Too many clock updates. Replacing the previous update with 2026-01-11-16-56-11
01-16 19:48:04.880   569   891 I AggregatedPowerStats: Too many clock updates. Replacing the previous update with 2026-01-11-17-12-35
01-16 19:48:04.880   569   891 I AggregatedPowerStats: Too many clock updates. Replacing the previous update with 2026-01-11-17-27-46
01-16 19:48:04.880   569   891 I AggregatedPowerStats: Too many clock updates. Replacing the previous update with 2026-01-11-17-43-16
01-16 19:48:04.880   569   891 I AggregatedPowerStats: Too many clock updates. Replacing the previous update with 2026-01-11-17-57-11
01-16 19:48:04.880   569   891 I AggregatedPowerStats: Too many clock updates. Replacing the previous update with 2026-01-11-18-15-25
01-16 19:48:04.880   569   891 I AggregatedPowerStats: Too many clock updates. Replacing the previous update with 2026-01-11-18-30-32
01-16 19:48:04.880   569   891 I AggregatedPowerStats: Too many clock updates. Replacing the previous update with 2026-01-11-18-47-36
01-16 19:48:04.880   569   891 I AggregatedPowerStats: Too many clock updates. Replacing the previous update with 2026-01-11-18-58-11
01-16 19:48:04.880   569   891 I AggregatedPowerStats: Too many clock updates. Replacing the previous update with 2026-01-11-19-14-10
01-16 19:48:04.880   569   891 I AggregatedPowerStats: Too many clock updates. Replacing the previous update with 2026-01-11-19-32-01
01-16 19:48:04.880   569   891 I AggregatedPowerStats: Too many clock updates. Replacing the previous update with 2026-01-11-19-49-12
01-16 19:48:04.881   569   891 I AggregatedPowerStats: Too many clock updates. Replacing the previous update with 2026-01-11-19-59-11
01-16 19:48:04.881   569   891 I AggregatedPowerStats: Too many clock updates. Replacing the previous update with 2026-01-11-20-17-33
01-16 19:48:04.881   569   891 I AggregatedPowerStats: Too many clock updates. Replacing the previous update with 2026-01-11-20-33-59
01-16 19:48:04.881   569   891 I AggregatedPowerStats: Too many clock updates. Replacing the previous update with 2026-01-11-20-49-05
01-16 19:48:04.881   569   891 I AggregatedPowerStats: Too many clock updates. Replacing the previous update with 2026-01-11-21-00-11
01-16 19:48:04.881   569   891 I AggregatedPowerStats: Too many clock updates. Replacing the previous update with 2026-01-11-21-16-44
01-16 19:48:04.881   569   891 I AggregatedPowerStats: Too many clock updates. Replacing the previous update with 2026-01-11-21-33-19
01-16 19:48:04.881   569   891 I AggregatedPowerStats: Too many clock updates. Replacing the previous update with 2026-01-11-21-50-24
01-16 19:48:04.881   569   891 I AggregatedPowerStats: Too many clock updates. Replacing the previous update with 2026-01-11-22-01-11
01-16 19:48:04.881   569   891 I AggregatedPowerStats: Too many clock updates. Replacing the previous update with 2026-01-11-22-17-12
01-16 19:48:04.881   569   891 I AggregatedPowerStats: Too many clock updates. Replacing the previous update with 2026-01-11-22-34-25
01-16 19:48:04.881   569   891 I AggregatedPowerStats: Too many clock updates. Replacing the previous update with 2026-01-11-22-51-43
01-16 19:48:04.881   569   891 I AggregatedPowerStats: Too many clock updates. Replacing the previous update with 2026-01-11-23-02-11
01-16 19:48:04.881   569   891 I AggregatedPowerStats: Too many clock updates. Replacing the previous update with 2026-01-11-23-02-31
01-16 19:48:04.881   569   891 I AggregatedPowerStats: Too many clock updates. Replacing the previous update with 2026-01-11-23-20-13
01-16 19:48:04.881   569   891 I AggregatedPowerStats: Too many clock updates. Replacing the previous update with 2026-01-11-23-37-20
01-16 19:48:04.881   569   891 I AggregatedPowerStats: Too many clock updates. Replacing the previous update with 2026-01-11-23-54-49
01-16 19:48:04.881   569   891 I AggregatedPowerStats: Too many clock updates. Replacing the previous update with 2026-01-12-00-03-11
01-16 19:48:04.881   569   891 I AggregatedPowerStats: Too many clock updates. Replacing the previous update with 2026-01-12-09-58-14
01-16 19:48:04.881   569   891 I AggregatedPowerStats: Too many clock updates. Replacing the previous update with 2026-01-12-09-58-09
01-16 19:48:04.882   569   891 I AggregatedPowerStats: Too many clock updates. Replacing the previous update with 2026-01-12-09-58-18
01-16 19:48:04.884   569   891 I AggregatedPowerStats: Too many clock updates. Replacing the previous update with 2026-01-12-11-55-40
01-16 19:48:04.885   569   891 I AggregatedPowerStats: Too many clock updates. Replacing the previous update with 2026-01-12-21-20-27
01-16 19:48:04.885   569   891 I AggregatedPowerStats: Too many clock updates. Replacing the previous update with 2026-01-12-21-20-21
01-16 19:48:04.885   569   891 I AggregatedPowerStats: Too many clock updates. Replacing the previous update with 2026-01-12-21-20-31
01-16 19:48:04.891  6336  6336 I ssioncontroller: Using CollectorTypeCMC GC.
01-16 19:48:04.899  6236  6236 W ImageReader_JNI: Unable to acquire a buffer item, very likely client tried to acquire more than maxImages buffers
01-16 19:48:04.900   569   891 I AggregatedPowerStats: Too many clock updates. Replacing the previous update with 2026-01-12-22-47-37
01-16 19:48:04.900   569   891 I AggregatedPowerStats: Too many clock updates. Replacing the previous update with 2026-01-12-23-33-36
01-16 19:48:04.901   569   891 I AggregatedPowerStats: Too many clock updates. Replacing the previous update with 2026-01-13-00-07-05
01-16 19:48:04.901   569   891 I AggregatedPowerStats: Too many clock updates. Replacing the previous update with 2026-01-13-00-23-24
01-16 19:48:04.901   569   891 I AggregatedPowerStats: Too many clock updates. Replacing the previous update with 2026-01-13-00-43-11
01-16 19:48:04.901   569   891 I AggregatedPowerStats: Too many clock updates. Replacing the previous update with 2026-01-13-01-06-30
01-16 19:48:04.901   569   891 I AggregatedPowerStats: Too many clock updates. Replacing the previous update with 2026-01-13-01-22-16
01-16 19:48:04.901   569   891 I AggregatedPowerStats: Too many clock updates. Replacing the previous update with 2026-01-13-01-38-19
01-16 19:48:04.901   569   891 I AggregatedPowerStats: Too many clock updates. Replacing the previous update with 2026-01-13-01-53-00
01-16 19:48:04.901   569   891 I AggregatedPowerStats: Too many clock updates. Replacing the previous update with 2026-01-13-01-58-00
01-16 19:48:04.901   569   891 I AggregatedPowerStats: Too many clock updates. Replacing the previous update with 2026-01-13-02-14-02
01-16 19:48:04.901   569   891 I AggregatedPowerStats: Too many clock updates. Replacing the previous update with 2026-01-13-02-31-11
01-16 19:48:04.901   569   891 I AggregatedPowerStats: Too many clock updates. Replacing the previous update with 2026-01-13-02-47-02
01-16 19:48:04.901   569   891 I AggregatedPowerStats: Too many clock updates. Replacing the previous update with 2026-01-13-03-05-31
01-16 19:48:04.901   569   891 I AggregatedPowerStats: Too many clock updates. Replacing the previous update with 2026-01-13-03-22-35
01-16 19:48:04.901   569   891 I AggregatedPowerStats: Too many clock updates. Replacing the previous update with 2026-01-13-03-40-41
01-16 19:48:04.902   569   891 I AggregatedPowerStats: Too many clock updates. Replacing the previous update with 2026-01-13-03-56-59
01-16 19:48:04.902   569   891 I AggregatedPowerStats: Too many clock updates. Replacing the previous update with 2026-01-13-04-15-10
01-16 19:48:04.902   569   891 I AggregatedPowerStats: Too many clock updates. Replacing the previous update with 2026-01-13-04-32-45
01-16 19:48:04.902  6336  6336 E ssioncontroller: Not starting debugger since process cannot load the jdwp agent.
01-16 19:48:04.903   569   891 I AggregatedPowerStats: Too many clock updates. Replacing the previous update with 2026-01-13-04-33-05
01-16 19:48:04.903   569   891 I AggregatedPowerStats: Too many clock updates. Replacing the previous update with 2026-01-13-04-49-18
01-16 19:48:04.903   569   891 I AggregatedPowerStats: Too many clock updates. Replacing the previous update with 2026-01-13-05-05-11
01-16 19:48:04.903   569   891 I AggregatedPowerStats: Too many clock updates. Replacing the previous update with 2026-01-13-05-23-11
01-16 19:48:04.903   569   891 I AggregatedPowerStats: Too many clock updates. Replacing the previous update with 2026-01-13-05-39-52
01-16 19:48:04.903   569   891 I AggregatedPowerStats: Too many clock updates. Replacing the previous update with 2026-01-13-05-55-37
01-16 19:48:04.903  6336  6336 D nativeloader: Load libframework-connectivity-tiramisu-jni.so using APEX ns com_android_tethering for caller /apex/com.android.tethering/javalib/framework-connectivity-t.jar: ok
01-16 19:48:04.904   569   891 I AggregatedPowerStats: Too many clock updates. Replacing the previous update with 2026-01-13-06-12-05
01-16 19:48:04.904   569   891 I AggregatedPowerStats: Too many clock updates. Replacing the previous update with 2026-01-13-06-27-51
01-16 19:48:04.904   569   891 I AggregatedPowerStats: Too many clock updates. Replacing the previous update with 2026-01-13-06-45-12
01-16 19:48:04.904   569   891 I AggregatedPowerStats: Too many clock updates. Replacing the previous update with 2026-01-13-07-02-08
01-16 19:48:04.904   569   891 I AggregatedPowerStats: Too many clock updates. Replacing the previous update with 2026-01-13-07-18-37
01-16 19:48:04.904   569   891 I AggregatedPowerStats: Too many clock updates. Replacing the previous update with 2026-01-13-07-36-42
01-16 19:48:04.904   569   891 I AggregatedPowerStats: Too many clock updates. Replacing the previous update with 2026-01-13-07-53-23
01-16 19:48:04.904   569   891 I AggregatedPowerStats: Too many clock updates. Replacing the previous update with 2026-01-13-07-58-32
01-16 19:48:04.904   569   891 I AggregatedPowerStats: Too many clock updates. Replacing the previous update with 2026-01-13-08-16-03
01-16 19:48:04.905   569   891 I AggregatedPowerStats: Too many clock updates. Replacing the previous update with 2026-01-13-09-30-15
01-16 19:48:04.905   569   891 I AggregatedPowerStats: Too many clock updates. Replacing the previous update with 2026-01-13-09-30-49
01-16 19:48:04.905   569   891 I AggregatedPowerStats: Too many clock updates. Replacing the previous update with 2026-01-13-09-30-43
01-16 19:48:04.905   569   891 I AggregatedPowerStats: Too many clock updates. Replacing the previous update with 2026-01-13-09-30-53
01-16 19:48:04.908   569   891 I AggregatedPowerStats: Too many clock updates. Replacing the previous update with 2026-01-13-09-30-53
01-16 19:48:04.922  6321  6330 I artd    : Dex parent of /data/app/~~0okfi5_GN5striB_7Fzphw==/com.ruitb.test.my_app.dev-mSL2CP4K4h9K1ZLq2d7xpA==/base.apk is not writable: Permission denied
01-16 19:48:04.922  6321  6330 I artd    : GetBestInfo checking odex in dalvik-cache (/data/dalvik-cache/arm64/data@app@~~0okfi5_GN5striB_7Fzphw==@com.ruitb.test.my_app.dev-mSL2CP4K4h9K1ZLq2d7xpA==@base.apk@classes.dex)
01-16 19:48:04.922  6321  6330 I artd    : Loading /data/dalvik-cache/arm64/data@app@~~0okfi5_GN5striB_7Fzphw==@com.ruitb.test.my_app.dev-mSL2CP4K4h9K1ZLq2d7xpA==@base.apk@classes.dex with executable: 0
01-16 19:48:04.922  6321  6330 I artd    : OatFileAssistant test for existing oat file /data/dalvik-cache/arm64/data@app@~~0okfi5_GN5striB_7Fzphw==@com.ruitb.test.my_app.dev-mSL2CP4K4h9K1ZLq2d7xpA==@base.apk@classes.dex: File /data/dalvik-cache/arm64/data@app@~~0okfi5_GN5striB_7Fzphw==@com.ruitb.test.my_app.dev-mSL2CP4K4h9K1ZLq2d7xpA==@base.apk@classes.vdex does not exist.
01-16 19:48:04.922  6321  6330 I artd    : GetBestInfo checking odex next to the dex file (/data/app/~~0okfi5_GN5striB_7Fzphw==/com.ruitb.test.my_app.dev-mSL2CP4K4h9K1ZLq2d7xpA==/oat/arm64/base.odex)
01-16 19:48:04.922  6321  6330 I artd    : Loading /data/app/~~0okfi5_GN5striB_7Fzphw==/com.ruitb.test.my_app.dev-mSL2CP4K4h9K1ZLq2d7xpA==/oat/arm64/base.odex with executable: 0
01-16 19:48:04.923  6321  6330 I artd    : OatFileAssistant test for existing oat file /data/app/~~0okfi5_GN5striB_7Fzphw==/com.ruitb.test.my_app.dev-mSL2CP4K4h9K1ZLq2d7xpA==/oat/arm64/base.odex: File /data/app/~~0okfi5_GN5striB_7Fzphw==/com.ruitb.test.my_app.dev-mSL2CP4K4h9K1ZLq2d7xpA==/oat/arm64/base.vdex does not exist.
01-16 19:48:04.923  6321  6330 I artd    : GetBestInfo checking vdex in dalvik-cache (/data/dalvik-cache/arm64/data@app@~~0okfi5_GN5striB_7Fzphw==@com.ruitb.test.my_app.dev-mSL2CP4K4h9K1ZLq2d7xpA==@base.apk@classes.vdex)
01-16 19:48:04.923  6321  6330 I artd    : unable to open vdex file /data/dalvik-cache/arm64/data@app@~~0okfi5_GN5striB_7Fzphw==@com.ruitb.test.my_app.dev-mSL2CP4K4h9K1ZLq2d7xpA==@base.apk@classes.vdex: File /data/dalvik-cache/arm64/data@app@~~0okfi5_GN5striB_7Fzphw==@com.ruitb.test.my_app.dev-mSL2CP4K4h9K1ZLq2d7xpA==@base.apk@classes.vdex does not exist.
01-16 19:48:04.923  6321  6330 I artd    : OatFileAssistant test for existing oat file /data/dalvik-cache/arm64/data@app@~~0okfi5_GN5striB_7Fzphw==@com.ruitb.test.my_app.dev-mSL2CP4K4h9K1ZLq2d7xpA==@base.apk@classes.vdex: File /data/dalvik-cache/arm64/data@app@~~0okfi5_GN5striB_7Fzphw==@com.ruitb.test.my_app.dev-mSL2CP4K4h9K1ZLq2d7xpA==@base.apk@classes.vdex does not exist.
01-16 19:48:04.923  6321  6330 I artd    : GetBestInfo checking vdex next to the dex file (/data/app/~~0okfi5_GN5striB_7Fzphw==/com.ruitb.test.my_app.dev-mSL2CP4K4h9K1ZLq2d7xpA==/oat/arm64/base.vdex)
01-16 19:48:04.923  6321  6330 I artd    : unable to open vdex file /data/app/~~0okfi5_GN5striB_7Fzphw==/com.ruitb.test.my_app.dev-mSL2CP4K4h9K1ZLq2d7xpA==/oat/arm64/base.vdex: File /data/app/~~0okfi5_GN5striB_7Fzphw==/com.ruitb.test.my_app.dev-mSL2CP4K4h9K1ZLq2d7xpA==/oat/arm64/base.vdex does not exist.
01-16 19:48:04.923  6321  6330 I artd    : OatFileAssistant test for existing oat file /data/app/~~0okfi5_GN5striB_7Fzphw==/com.ruitb.test.my_app.dev-mSL2CP4K4h9K1ZLq2d7xpA==/oat/arm64/base.vdex: File /data/app/~~0okfi5_GN5striB_7Fzphw==/com.ruitb.test.my_app.dev-mSL2CP4K4h9K1ZLq2d7xpA==/oat/arm64/base.vdex does not exist.
01-16 19:48:04.923  6321  6330 I artd    : GetBestInfo checking dm (/data/app/~~0okfi5_GN5striB_7Fzphw==/com.ruitb.test.my_app.dev-mSL2CP4K4h9K1ZLq2d7xpA==/base.dm)
01-16 19:48:04.923  6321  6330 W ziparchive: Unable to open '/data/app/~~0okfi5_GN5striB_7Fzphw==/com.ruitb.test.my_app.dev-mSL2CP4K4h9K1ZLq2d7xpA==/base.dm': No such file or directory
01-16 19:48:04.923  6321  6330 I artd    : OatFileAssistant test for existing oat file /data/app/~~0okfi5_GN5striB_7Fzphw==/com.ruitb.test.my_app.dev-mSL2CP4K4h9K1ZLq2d7xpA==/base.dm: I/O error
01-16 19:48:04.923   569  4478 D CompatChangeReporter: Compat change id reported: 297989574; UID 1000; state: ENABLED
01-16 19:48:04.923  6321  6330 I artd    : GetBestInfo checking dm (/data/app/~~0okfi5_GN5striB_7Fzphw==/com.ruitb.test.my_app.dev-mSL2CP4K4h9K1ZLq2d7xpA==/base.dm)
01-16 19:48:04.923  6321  6330 W ziparchive: Unable to open '/data/app/~~0okfi5_GN5striB_7Fzphw==/com.ruitb.test.my_app.dev-mSL2CP4K4h9K1ZLq2d7xpA==/base.dm': No such file or directory
01-16 19:48:04.923  6321  6330 I artd    : OatFileAssistant test for existing oat file /data/app/~~0okfi5_GN5striB_7Fzphw==/com.ruitb.test.my_app.dev-mSL2CP4K4h9K1ZLq2d7xpA==/base.dm: I/O error
01-16 19:48:04.923  6321  6330 I artd    : GetBestInfo no usable artifacts
01-16 19:48:04.929   569   891 I AggregatedPowerStats: Too many clock updates. Replacing the previous update with 2026-01-13-11-53-49
