01-16 19:35:49.720   569   605 I ActivityManager: Force stopping com.ruitb.test.my_app.dev appid=10210 user=-1: installPackageLI
01-16 19:35:49.723   569   628 I PackageManager: Update package com.ruitb.test.my_app.dev code path from /data/app/~~BRToaZwnVxab6RUIVb-z8A==/com.ruitb.test.my_app.dev-fDiaFHFMipEXachioSEP_w== to /data/app/~~0okfi5_GN5striB_7Fzphw==/com.ruitb.test.my_app.dev-mSL2CP4K4h9K1ZLq2d7xpA==; Retain data and using new
01-16 19:35:49.724   569   628 I AppsFilter: interaction: PackageSetting{a28ae47 com.seraj.community/10235} -> PackageSetting{6c5c8c com.ruitb.test.my_app.dev/10210} BLOCKED
01-16 19:35:49.724   569   628 I AppsFilter: interaction: PackageSetting{76c045a io.appium.uiautomator2.server.test/10208} -> PackageSetting{6c5c8c com.ruitb.test.my_app.dev/10210} BLOCKED
01-16 19:35:49.724   569   628 I AppsFilter: interaction: PackageSetting{e5cc4a7 com.arabtherapy.psychologist.mentalhealth/10237} -> PackageSetting{6c5c8c com.ruitb.test.my_app.dev/10210} BLOCKED
01-16 19:35:49.724   569   628 I AppsFilter: interaction: PackageSetting{616be8c com.example.cart_products/10211} -> PackageSetting{6c5c8c com.ruitb.test.my_app.dev/10210} BLOCKED
01-16 19:35:49.724   569   628 I AppsFilter: interaction: PackageSetting{6ab49d7 io.appium.settings/10207} -> PackageSetting{6c5c8c com.ruitb.test.my_app.dev/10210} BLOCKED
01-16 19:35:49.724   569   628 I AppsFilter: interaction: PackageSetting{1e18fb com.arabtherapy.consaltant.mentalhealth/10236} -> PackageSetting{6c5c8c com.ruitb.test.my_app.dev/10210} BLOCKED
01-16 19:35:49.724   569   628 I AppsFilter: interaction: PackageSetting{a28ae47 com.seraj.community/10235} -> PackageSetting{b369702 com.ruitb.test.my_app.dev/10210} BLOCKED
01-16 19:35:49.724   569   628 I AppsFilter: interaction: PackageSetting{76c045a io.appium.uiautomator2.server.test/10208} -> PackageSetting{b369702 com.ruitb.test.my_app.dev/10210} BLOCKED
01-16 19:35:49.725   569   628 I AppsFilter: interaction: PackageSetting{e5cc4a7 com.arabtherapy.psychologist.mentalhealth/10237} -> PackageSetting{b369702 com.ruitb.test.my_app.dev/10210} BLOCKED
01-16 19:35:49.725   569   628 I AppsFilter: interaction: PackageSetting{616be8c com.example.cart_products/10211} -> PackageSetting{b369702 com.ruitb.test.my_app.dev/10210} BLOCKED
01-16 19:35:49.725   569   628 I AppsFilter: interaction: PackageSetting{6ab49d7 io.appium.settings/10207} -> PackageSetting{b369702 com.ruitb.test.my_app.dev/10210} BLOCKED
01-16 19:35:49.725   569   628 I AppsFilter: interaction: PackageSetting{1e18fb com.arabtherapy.consaltant.mentalhealth/10236} -> PackageSetting{b369702 com.ruitb.test.my_app.dev/10210} BLOCKED
01-16 19:35:49.733   162   162 I servicemanager: Caller(pid=569,uid=1000,sid=u:r:system_server:s0) Since 'artd' could not be found trying to start it as a lazy AIDL service. (if it's not configured to be a lazy service, it may be stuck starting or still starting).
01-16 19:35:49.740     1     1 I init    : starting service 'artd'...
01-16 19:35:49.762     1     1 I init    : ... started service 'artd' has pid 3556
01-16 19:35:49.762     1     1 I init    : Control message: Processed ctl.interface_start for 'aidl/artd' from pid: 162 (/system/bin/servicemanager)
01-16 19:35:49.800  3556  3556 I artd    : Starting artd
01-16 19:35:49.801  3556  3556 I AidlLazyServiceRegistrar: Registering service artd
01-16 19:35:49.802  3556  3556 I AidlLazyServiceRegistrar: Process has 1 (of 1 available) client(s) in use after notification artd has clients: 1
01-16 19:35:49.806   162   162 I servicemanager: Notifying artd they do (previously: don't) have clients when service is guaranteed to be in use
01-16 19:35:49.806   162   162 I BpBinder: onLastStrongRef automatically unlinking death recipients:
01-16 19:35:49.840  2707  2707 I logd    : start watching /data/system/packages.list ...
01-16 19:35:49.840  2707  2707 I logd    : ReadPackageList, total packages: 222
01-16 19:35:49.837   569   628 D PackageManager: Instant App installer not found with android.intent.action.INSTALL_INSTANT_APP_PACKAGE
01-16 19:35:49.837   569   628 D PackageManager: Clear ephemeral installer activity
01-16 19:35:49.875   569   628 I AppsFilter: interaction: PackageSetting{368e2c4 com.seraj.community/10235} -> PackageSetting{9d3ab54 com.ruitb.test.my_app.dev/10210} BLOCKED
01-16 19:35:49.875   569   628 I AppsFilter: interaction: PackageSetting{93d1381 io.appium.uiautomator2.server.test/10208} -> PackageSetting{9d3ab54 com.ruitb.test.my_app.dev/10210} BLOCKED
01-16 19:35:49.875   569   628 I AppsFilter: interaction: PackageSetting{b1278bb com.arabtherapy.psychologist.mentalhealth/10237} -> PackageSetting{9d3ab54 com.ruitb.test.my_app.dev/10210} BLOCKED
01-16 19:35:49.875   569   628 I AppsFilter: interaction: PackageSetting{31f6eaf com.example.cart_products/10211} -> PackageSetting{9d3ab54 com.ruitb.test.my_app.dev/10210} BLOCKED
01-16 19:35:49.875   569   628 I AppsFilter: interaction: PackageSetting{4a4492e io.appium.settings/10207} -> PackageSetting{9d3ab54 com.ruitb.test.my_app.dev/10210} BLOCKED
01-16 19:35:49.875   569   628 I AppsFilter: interaction: PackageSetting{5875ad com.arabtherapy.consaltant.mentalhealth/10236} -> PackageSetting{9d3ab54 com.ruitb.test.my_app.dev/10210} BLOCKED
01-16 19:35:49.883   569   628 I ActivityManager: Force stopping com.ruitb.test.my_app.dev appid=10210 user=0: pkg removed
01-16 19:35:49.885   569   628 W IPCThreadState: Sending oneway calls to frozen process.
01-16 19:35:49.885   569   628 W IPCThreadState: Sending oneway calls to frozen process.
01-16 19:35:49.885   569   628 W IPCThreadState: Sending oneway calls to frozen process.
01-16 19:35:49.885   569   628 W IPCThreadState: Sending oneway calls to frozen process.
01-16 19:35:49.885   569   628 W IPCThreadState: Sending oneway calls to frozen process.
01-16 19:35:49.885   569   628 W IPCThreadState: Sending oneway calls to frozen process.
01-16 19:35:49.885   569   628 W IPCThreadState: Sending oneway calls to frozen process.
01-16 19:35:49.885   569   628 W IPCThreadState: Sending oneway calls to frozen process.
01-16 19:35:49.885   569   628 W IPCThreadState: Sending oneway calls to frozen process.
01-16 19:35:49.885   569   628 W IPCThreadState: Sending oneway calls to frozen process.
01-16 19:35:49.885   569   628 W IPCThreadState: Sending oneway calls to frozen process.
01-16 19:35:49.885   569   628 W IPCThreadState: Sending oneway calls to frozen process.
01-16 19:35:49.885   569   628 W IPCThreadState: Sending oneway calls to frozen process.
01-16 19:35:49.885   569   628 W IPCThreadState: Sending oneway calls to frozen process.
01-16 19:35:49.885   569   628 W IPCThreadState: Sending oneway calls to frozen process.
01-16 19:35:49.886   569   628 W IPCThreadState: Sending oneway calls to frozen process.
01-16 19:35:49.886   569   628 W IPCThreadState: Sending oneway calls to frozen process.
01-16 19:35:49.886   569   628 W IPCThreadState: Sending oneway calls to frozen process.
01-16 19:35:49.886   569   628 W IPCThreadState: Sending oneway calls to frozen process.
01-16 19:35:49.886   569   628 W IPCThreadState: Sending oneway calls to frozen process.
01-16 19:35:49.886   569   628 W IPCThreadState: Sending oneway calls to frozen process.
01-16 19:35:49.886   569   628 W IPCThreadState: Sending oneway calls to frozen process.
01-16 19:35:49.886   569   628 W IPCThreadState: Sending oneway calls to frozen process.
01-16 19:35:49.886   569   628 W IPCThreadState: Sending oneway calls to frozen process.
01-16 19:35:49.886   569   628 W IPCThreadState: Sending oneway calls to frozen process.
01-16 19:35:49.886   569   628 W IPCThreadState: Sending oneway calls to frozen process.
01-16 19:35:49.886   569   628 W IPCThreadState: Sending oneway calls to frozen process.
01-16 19:35:49.886   569   628 W IPCThreadState: Sending oneway calls to frozen process.
01-16 19:35:49.886   569   628 W IPCThreadState: Sending oneway calls to frozen process.
01-16 19:35:49.886   569   628 W IPCThreadState: Sending oneway calls to frozen process.
01-16 19:35:49.886   569   628 W IPCThreadState: Sending oneway calls to frozen process.
01-16 19:35:49.886   569   628 W IPCThreadState: Sending oneway calls to frozen process.
01-16 19:35:49.886   569   628 W IPCThreadState: Sending oneway calls to frozen process.
01-16 19:35:49.886   569   628 W IPCThreadState: Sending oneway calls to frozen process.
01-16 19:35:49.886   569   628 W IPCThreadState: Sending oneway calls to frozen process.
01-16 19:35:49.886   569   628 W IPCThreadState: Sending oneway calls to frozen process.
01-16 19:35:49.886   569   628 W IPCThreadState: Sending oneway calls to frozen process.
01-16 19:35:49.886   569   628 W IPCThreadState: Sending oneway calls to frozen process.
01-16 19:35:49.886   569   628 W IPCThreadState: Sending oneway calls to frozen process.
01-16 19:35:49.899   569   752 I AppWidgetServiceImpl: Received broadcast: android.intent.action.PACKAGE_REMOVED on user 0
01-16 19:35:49.901   569   730 E AppOps  : attributionTag VCN not declared in manifest of android
01-16 19:35:49.904   945   945 E SmsApplication: com.google.android.apps.messaging lost android:read_cell_broadcasts:  (fixing)
01-16 19:35:49.905   569   696 W PackageConfigPersister: App-specific configuration not found for packageName: com.ruitb.test.my_app.dev and userId: 0
01-16 19:35:49.906   569  1685 W AppOpService: Ignored setUidMode call for runtime permission app op: uid = 10137, code = READ_CELL_BROADCASTS, mode = allow, callingUid = 1001, oldMode = allow
01-16 19:35:49.907   569   769 D ShortcutService: received package broadcast intent: Intent { act=android.intent.action.PACKAGE_REMOVED dat=package: flg=0x4000010 (has extras) }
01-16 19:35:49.910   569   752 I AppWidgetServiceImpl: Received broadcast: android.intent.action.PACKAGE_ADDED on user 0
01-16 19:35:49.914   569   569 D ActivityManager: sync unfroze 2934 com.android.settings for 10
01-16 19:35:49.917   569   779 I SdkSandboxManager: No SDKs used. Skipping SDK data reconcilation for CallingInfo{mUid=10210, mPackageName='com.ruitb.test.my_app.dev, mAppProcessToken='null'}
01-16 19:35:49.918   569   569 D ActivityManager: sync unfroze 2872 com.google.android.settings.intelligence for 10
01-16 19:35:49.921   569   730 E AppOps  : attributionTag VCN not declared in manifest of android
01-16 19:35:49.922   945   945 E CellBroadcastUtils: getDefaultCellBroadcastReceiverPackageName: no package found
01-16 19:35:49.923   569  1685 W AppOpService: Ignored setUidMode call for runtime permission app op: uid = 1001, code = READ_SMS, mode = allow, callingUid = 1001, oldMode = allow
01-16 19:35:49.923   569   769 D ShortcutService: received package broadcast intent: Intent { act=android.intent.action.PACKAGE_ADDED dat=package: flg=0x4000010 (has extras) }
01-16 19:35:49.923   569   769 D ShortcutService: replacing package: com.ruitb.test.my_app.dev userId0
01-16 19:35:49.923   569   769 D ShortcutService: handlePackageUpdateFinished: com.ruitb.test.my_app.dev user=0
01-16 19:35:49.924   569  2258 W AppOpService: Ignored setUidMode call for runtime permission app op: uid = 1001, code = RECEIVE_SMS, mode = allow, callingUid = 1001, oldMode = allow
01-16 19:35:49.924   569   641 W AppOpService: Ignored setUidMode call for runtime permission app op: uid = 1001, code = RECEIVE_WAP_PUSH, mode = allow, callingUid = 1001, oldMode = allow
01-16 19:35:49.924   569   641 W AppOpService: Ignored setUidMode call for runtime permission app op: uid = 1001, code = SEND_SMS, mode = allow, callingUid = 1001, oldMode = allow
01-16 19:35:49.924   569   882 W AppOpService: Ignored setUidMode call for runtime permission app op: uid = 1001, code = READ_CELL_BROADCASTS, mode = allow, callingUid = 1001, oldMode = allow
01-16 19:35:49.924   569   569 D ActivityManager: sync unfroze 2213 com.android.localtransport for 10
01-16 19:35:49.925   569   769 D ShortcutService: rescanPackageIfNeeded 0@com.ruitb.test.my_app.dev, forceRescan=true , isNewApp=true
01-16 19:35:49.925   569   769 D ShortcutService: Package com.ruitb.test.my_app.dev has 0 manifest shortcut(s), and 0 share target(s)
01-16 19:35:49.929  1379  1379 I AiAiEcho: AppFetcherImpl onPackageChanged com.ruitb.test.my_app.dev.
01-16 19:35:49.930   569   569 D ActivityManager: sync unfroze 2112 com.android.dynsystem:dynsystem for 10
01-16 19:35:49.932  1101  1153 D PackageUpdatedTask: Package updated: mOp=UPDATE packages=[com.ruitb.test.my_app.dev]
01-16 19:35:49.934   569   569 D ActivityManager: sync unfroze 2074 com.android.dynsystem for 10
01-16 19:35:49.935   945   945 D CarrierSvcBindHelper: onPackageUpdateFinished: com.ruitb.test.my_app.dev
01-16 19:35:49.936   945   945 D CarrierSvcBindHelper: No carrier app for: 0
01-16 19:35:49.936   945   945 D CarrierSvcBindHelper: onPackageModified: com.ruitb.test.my_app.dev
01-16 19:35:49.936   945   945 D CarrierSvcBindHelper: No carrier app for: 0
01-16 19:35:49.938  1379  3565 I AiAiEcho: AppIndexer Package:[com.ruitb.test.my_app.dev] UserProfile:[0] Enabled:[true].
01-16 19:35:49.939  1379  3565 I AiAiEcho: AppFetcherImplV2 updateApps package:[com.ruitb.test.my_app.dev], userId:[0], reason:[package is updated.].
01-16 19:35:49.940   569   569 D CompatChangeReporter: Compat change id reported: 151861875; UID 1000; state: ENABLED
01-16 19:35:49.942   569   628 W IPCThreadState: Sending oneway calls to frozen process.
01-16 19:35:49.942   569   628 W IPCThreadState: Sending oneway calls to frozen process.
01-16 19:35:49.942   569   628 W IPCThreadState: Sending oneway calls to frozen process.
01-16 19:35:49.942   569   628 W IPCThreadState: Sending oneway calls to frozen process.
01-16 19:35:49.942   569   628 W IPCThreadState: Sending oneway calls to frozen process.
01-16 19:35:49.942   569   628 W IPCThreadState: Sending oneway calls to frozen process.
01-16 19:35:49.942   569   628 W IPCThreadState: Sending oneway calls to frozen process.
01-16 19:35:49.942   569   628 W IPCThreadState: Sending oneway calls to frozen process.
01-16 19:35:49.942   569   628 W IPCThreadState: Sending oneway calls to frozen process.
01-16 19:35:49.942   569   628 W IPCThreadState: Sending oneway calls to frozen process.
01-16 19:35:49.942  1101  1101 D ActivityThread: Package [com.ruitb.test.my_app.dev] reported as REPLACED, but missing application info. Assuming REMOVED.
01-16 19:35:49.942   569   628 W IPCThreadState: Sending oneway calls to frozen process.
01-16 19:35:49.942  1379  1379 D ActivityThread: Package [com.ruitb.test.my_app.dev] reported as REPLACED, but missing application info. Assuming REMOVED.
01-16 19:35:49.942   569   628 W IPCThreadState: Sending oneway calls to frozen process.
01-16 19:35:49.942   569   628 W IPCThreadState: Sending oneway calls to frozen process.
01-16 19:35:49.942   569   628 W IPCThreadState: Sending oneway calls to frozen process.
01-16 19:35:49.942   569   628 W IPCThreadState: Sending oneway calls to frozen process.
01-16 19:35:49.942   569   628 W IPCThreadState: Sending oneway calls to frozen process.
01-16 19:35:49.942   569   628 W IPCThreadState: Sending oneway calls to frozen process.
01-16 19:35:49.942   569   628 W IPCThreadState: Sending oneway calls to frozen process.
01-16 19:35:49.942   569   628 W IPCThreadState: Sending oneway calls to frozen process.
01-16 19:35:49.942   569   628 W IPCThreadState: Sending oneway calls to frozen process.
01-16 19:35:49.942   569   628 W IPCThreadState: Sending oneway calls to frozen process.
01-16 19:35:49.942   569   628 W IPCThreadState: Sending oneway calls to frozen process.
01-16 19:35:49.942   569   628 W IPCThreadState: Sending oneway calls to frozen process.
01-16 19:35:49.942   569   628 W IPCThreadState: Sending oneway calls to frozen process.
01-16 19:35:49.942   569   628 W IPCThreadState: Sending oneway calls to frozen process.
01-16 19:35:49.942   569   628 W IPCThreadState: Sending oneway calls to frozen process.
01-16 19:35:49.942   569   628 W IPCThreadState: Sending oneway calls to frozen process.
01-16 19:35:49.942   569   628 W IPCThreadState: Sending oneway calls to frozen process.
01-16 19:35:49.942   569   628 W IPCThreadState: Sending oneway calls to frozen process.
01-16 19:35:49.942   569   628 W IPCThreadState: Sending oneway calls to frozen process.
01-16 19:35:49.942   569   628 W IPCThreadState: Sending oneway calls to frozen process.
01-16 19:35:49.942  2934  2934 D ActivityThread: Package [com.ruitb.test.my_app.dev] reported as REPLACED, but missing application info. Assuming REMOVED.
01-16 19:35:49.942   569   628 W IPCThreadState: Sending oneway calls to frozen process.
01-16 19:35:49.942   569   628 W IPCThreadState: Sending oneway calls to frozen process.
01-16 19:35:49.942   569   628 W IPCThreadState: Sending oneway calls to frozen process.
01-16 19:35:49.942  1757  1757 D ActivityThread: Package [com.ruitb.test.my_app.dev] reported as REPLACED, but missing application info. Assuming REMOVED.
01-16 19:35:49.942  1423  1423 D ActivityThread: Package [com.ruitb.test.my_app.dev] reported as REPLACED, but missing application info. Assuming REMOVED.
01-16 19:35:49.943  1436  1436 D ActivityThread: Package [com.ruitb.test.my_app.dev] reported as REPLACED, but missing application info. Assuming REMOVED.
01-16 19:35:49.943   976   976 D ActivityThread: Package [com.ruitb.test.my_app.dev] reported as REPLACED, but missing application info. Assuming REMOVED.
01-16 19:35:49.943  1393  1393 D ActivityThread: Package [com.ruitb.test.my_app.dev] reported as REPLACED, but missing application info. Assuming REMOVED.
01-16 19:35:49.943  1367  1367 D ActivityThread: Package [com.ruitb.test.my_app.dev] reported as REPLACED, but missing application info. Assuming REMOVED.
01-16 19:35:49.944   930   930 D ActivityThread: Package [com.ruitb.test.my_app.dev] reported as REPLACED, but missing application info. Assuming REMOVED.
01-16 19:35:49.944   569   628 D PackageInstallerSession: Marking session 1890808254 as applied
01-16 19:35:49.944  2112  2112 D ActivityThread: Package [com.ruitb.test.my_app.dev] reported as REPLACED, but missing application info. Assuming REMOVED.
01-16 19:35:49.945   863   863 D ActivityThread: Package [com.ruitb.test.my_app.dev] reported as REPLACED, but missing application info. Assuming REMOVED.
01-16 19:35:49.946  1321  1321 D ActivityThread: Package [com.ruitb.test.my_app.dev] reported as REPLACED, but missing application info. Assuming REMOVED.
01-16 19:35:49.946  1670  1670 D ActivityThread: Package [com.ruitb.test.my_app.dev] reported as REPLACED, but missing application info. Assuming REMOVED.
01-16 19:35:49.947  2074  2074 D ActivityThread: Package [com.ruitb.test.my_app.dev] reported as REPLACED, but missing application info. Assuming REMOVED.
01-16 19:35:49.950  2213  2213 D ActivityThread: Package [com.ruitb.test.my_app.dev] reported as REPLACED, but missing application info. Assuming REMOVED.
01-16 19:35:49.951  2872  2872 D ActivityThread: Package [com.ruitb.test.my_app.dev] reported as REPLACED, but missing application info. Assuming REMOVED.
01-16 19:35:49.951   569   605 D ActivityManager: sync unfroze 1174 com.google.android.permissioncontroller for 3
01-16 19:35:49.952  1739  1739 D ActivityThread: Package [com.ruitb.test.my_app.dev] reported as REPLACED, but missing application info. Assuming REMOVED.
01-16 19:35:49.953   569   638 W IPCThreadState: Sending oneway calls to frozen process.
01-16 19:35:49.954   812   812 D ActivityThread: Package [com.ruitb.test.my_app.dev] reported as REPLACED, but missing application info. Assuming REMOVED.
01-16 19:35:49.954  1837  1837 D ActivityThread: Package [com.ruitb.test.my_app.dev] reported as REPLACED, but missing application info. Assuming REMOVED.
01-16 19:35:49.954   569   779 I SdkSandboxManager: No SDKs used. Skipping SDK data reconcilation for CallingInfo{mUid=10210, mPackageName='com.ruitb.test.my_app.dev, mAppProcessToken='null'}
01-16 19:35:49.948   569   569 W binder:569_E: type=1400 audit(0.0:39): avc:  denied  { getopt } for  scontext=u:r:system_server:s0 tcontext=u:r:shell:s0 tclass=unix_stream_socket permissive=0
01-16 19:35:49.948   569   569 W binder:569_E: type=1400 audit(0.0:40): avc:  denied  { getopt } for  scontext=u:r:system_server:s0 tcontext=u:r:shell:s0 tclass=unix_stream_socket permissive=0
01-16 19:35:49.948   569   569 W binder:569_E: type=1400 audit(0.0:41): avc:  denied  { getopt } for  scontext=u:r:system_server:s0 tcontext=u:r:shell:s0 tclass=unix_stream_socket permissive=0
01-16 19:35:49.955   569   730 E AppOps  : attributionTag VCN not declared in manifest of android
01-16 19:35:49.965  1463  1463 D ActivityThread: Package [com.ruitb.test.my_app.dev] reported as REPLACED, but missing application info. Assuming REMOVED.
01-16 19:35:49.966  1547  1547 D ActivityThread: Package [com.ruitb.test.my_app.dev] reported as REPLACED, but missing application info. Assuming REMOVED.
01-16 19:35:49.968  1174  1174 D ActivityThread: Package [com.ruitb.test.my_app.dev] reported as REPLACED, but missing application info. Assuming REMOVED.
01-16 19:35:49.971   945   945 E SmsApplication: com.google.android.apps.messaging lost android:read_cell_broadcasts:  (fixing)
01-16 19:35:49.972   569  1532 W AppOpService: Ignored setUidMode call for runtime permission app op: uid = 10137, code = READ_CELL_BROADCASTS, mode = allow, callingUid = 1001, oldMode = allow
01-16 19:35:49.977   945   945 E CellBroadcastUtils: getDefaultCellBroadcastReceiverPackageName: no package found
01-16 19:35:49.978   569  1532 W AppOpService: Ignored setUidMode call for runtime permission app op: uid = 1001, code = READ_SMS, mode = allow, callingUid = 1001, oldMode = allow
01-16 19:35:49.979   569   641 W AppOpService: Ignored setUidMode call for runtime permission app op: uid = 1001, code = RECEIVE_SMS, mode = allow, callingUid = 1001, oldMode = allow
01-16 19:35:49.979   569   641 W AppOpService: Ignored setUidMode call for runtime permission app op: uid = 1001, code = RECEIVE_WAP_PUSH, mode = allow, callingUid = 1001, oldMode = allow
01-16 19:35:49.979   569   641 W AppOpService: Ignored setUidMode call for runtime permission app op: uid = 1001, code = SEND_SMS, mode = allow, callingUid = 1001, oldMode = allow
01-16 19:35:49.979   569   641 W AppOpService: Ignored setUidMode call for runtime permission app op: uid = 1001, code = READ_CELL_BROADCASTS, mode = allow, callingUid = 1001, oldMode = allow
01-16 19:35:49.986   945   945 E SmsApplication: com.google.android.apps.messaging lost android:read_cell_broadcasts:  (fixing)
01-16 19:35:49.987   569  1532 W AppOpService: Ignored setUidMode call for runtime permission app op: uid = 10137, code = READ_CELL_BROADCASTS, mode = allow, callingUid = 1001, oldMode = allow
01-16 19:35:49.988   945   945 E CellBroadcastUtils: getDefaultCellBroadcastReceiverPackageName: no package found
01-16 19:35:49.988   569   641 W AppOpService: Ignored setUidMode call for runtime permission app op: uid = 1001, code = READ_SMS, mode = allow, callingUid = 1001, oldMode = allow
01-16 19:35:49.988   569   641 W AppOpService: Ignored setUidMode call for runtime permission app op: uid = 1001, code = RECEIVE_SMS, mode = allow, callingUid = 1001, oldMode = allow
01-16 19:35:49.988   569  1532 W AppOpService: Ignored setUidMode call for runtime permission app op: uid = 1001, code = RECEIVE_WAP_PUSH, mode = allow, callingUid = 1001, oldMode = allow
01-16 19:35:49.988   569  1532 W AppOpService: Ignored setUidMode call for runtime permission app op: uid = 1001, code = SEND_SMS, mode = allow, callingUid = 1001, oldMode = allow
01-16 19:35:49.988   569   641 W AppOpService: Ignored setUidMode call for runtime permission app op: uid = 1001, code = READ_CELL_BROADCASTS, mode = allow, callingUid = 1001, oldMode = allow
01-16 19:35:49.989   945  1145 D ImsResolver: maybeAddedImsService, packageName: com.ruitb.test.my_app.dev
01-16 19:35:49.990  1035  1035 D ActivityThread: Package [com.ruitb.test.my_app.dev] reported as REPLACED, but missing application info. Assuming REMOVED.
01-16 19:35:49.994   370   370 D Zygote  : Forked child process 3570
01-16 19:35:49.995   569   606 W ActivityManager: Slow operation: 55ms so far, now at startProcess: returned from zygote!
01-16 19:35:49.996   569   606 W ActivityManager: Slow operation: 56ms so far, now at startProcess: done updating battery stats
01-16 19:35:49.996   569   606 W ActivityManager: Slow operation: 56ms so far, now at startProcess: building log message
01-16 19:35:49.996   569   606 I ActivityManager: Start proc 3570:com.android.keychain/1000 for service {com.android.keychain/com.android.keychain.KeyChainService}
01-16 19:35:49.996   569   606 W ActivityManager: Slow operation: 56ms so far, now at startProcess: starting to update pids map
01-16 19:35:49.996   569   606 W ActivityManager: Slow operation: 56ms so far, now at startProcess: done updating pids map
01-16 19:35:50.005   569   569 I Telecom : CarModeTracker: Package com.ruitb.test.my_app.dev is not tracked.: SSH.oR@AGk
01-16 19:35:50.006   569   569 I Telecom : InCallController: updateCarModeForConnections: car mode apps: : SSH.oR@AGk
01-16 19:35:50.008   569   569 I Telecom : InCallController: update carmode current:UserHandle{0} parent:null: SSH.oR@AGk
01-16 19:35:50.015  1174  1174 I SafetyLabelChangedBroadcastReceiver: received broadcast packageName: com.ruitb.test.my_app.dev, current user: UserHandle{0}, packageChangeEvent: UPDATE, intent user: UserHandle{0}
01-16 19:35:50.018   171   171 I logd    : logdr: UID=2000 GID=2000 PID=3571 n tail=1 logMask=99 pid=0 start=0ns deadline=0ns
01-16 19:35:50.019   945   945 D ActivityThread: Package [com.ruitb.test.my_app.dev] reported as REPLACED, but missing application info. Assuming REMOVED.
01-16 19:35:50.021   569   569 V BackupManagerConstants: getFullBackupIntervalMilliseconds(...) returns 86400000
01-16 19:35:50.021  3570  3570 I ndroid.keychain: Using CollectorTypeCMC GC.
01-16 19:35:50.021   569   569 V BackupManagerConstants: getFullBackupRequiredNetworkType(...) returns 2
01-16 19:35:50.023   569   569 V BackupManagerConstants: getFullBackupRequireCharging(...) returns true
01-16 19:35:50.024  1174  3168 I PermissionControllerServiceImpl: Updating user sensitive for uid 10210
01-16 19:35:50.025   569   569 D CompatChangeReporter: Compat change id reported: 311402873; UID 1000; state: ENABLED
01-16 19:35:50.026   569   569 D CompatChangeReporter: Compat change id reported: 323349338; UID 1000; state: ENABLED
01-16 19:35:50.030   569   569 D ActivityThread: Package [com.ruitb.test.my_app.dev] reported as REPLACED, but missing application info. Assuming REMOVED.
01-16 19:35:50.031  3570  3570 E ndroid.keychain: Not starting debugger since process cannot load the jdwp agent.
01-16 19:35:50.032   569   569 W AlarmManager: Package com.ruitb.test.my_app.dev, uid 10210 lost permission to set exact alarms!
01-16 19:35:50.034  3570  3570 D nativeloader: Load libframework-connectivity-tiramisu-jni.so using APEX ns com_android_tethering for caller /apex/com.android.tethering/javalib/framework-connectivity-t.jar: ok
01-16 19:35:50.039  1101  1101 D StatsLog: LAUNCHER_ALLAPPS_COUNT
01-16 19:35:50.043   569   831 D IntervalStats: Unable to parse usage stats packages: [252, 253, 255, 256, 257, 258, 259, 260, 261]
01-16 19:35:50.049   569   831 D IntervalStats: Unable to parse usage stats packages: [253, 261]
01-16 19:35:50.057   171   171 I logd    : logdr: UID=2000 GID=2000 PID=3585 b tail=0 logMask=99 pid=0 start=1768581350008000000ns deadline=0ns
01-16 19:35:50.063  3570  3570 D nativeloader: Configuring clns-shared-7 for other apk /system/app/KeyChain/KeyChain.apk. target_sdk_version=35, uses_libraries=, library_path=/system/app/KeyChain/lib/arm64:/system/app/KeyChain/KeyChain.apk!/lib/arm64-v8a:/system/lib64:/system_ext/lib64, permitted_path=/data:/mnt/expand:/data/user/0/com.android.keychain:/system/app/KeyChain:/system/lib64:/system_ext/lib64
01-16 19:35:50.065   569   641 W ActivityTaskManager: callingPackage for (uid=2000, pid=3590) has no WPC
01-16 19:35:50.066   569   641 W OptProp : Cannot read opt property android.window.PROPERTY_COMPAT_ALLOW_USER_ASPECT_RATIO_OVERRIDE
01-16 19:35:50.066   569   641 W OptProp : Cannot read opt property android.window.PROPERTY_COMPAT_ALLOW_USER_ASPECT_RATIO_FULLSCREEN_OVERRIDE
01-16 19:35:50.066   569   641 W OptProp : Cannot read opt property android.window.PROPERTY_COMPAT_ALLOW_ORIENTATION_OVERRIDE
01-16 19:35:50.069   569   641 V GrammaticalInflectionUtils: AttributionSource: AttributionSource { uid = 10210, packageName = null, attributionTag = null, token = android.os.Binder@fd5ebda, deviceId = 0, next = null } does not have READ_SYSTEM_GRAMMATICAL_GENDER permission.
01-16 19:35:50.071   569   641 W OptProp : Cannot read opt property android.window.PROPERTY_COMPAT_ALLOW_RESIZEABLE_ACTIVITY_OVERRIDES
01-16 19:35:50.073   569   641 W OptProp : Cannot read opt property android.window.PROPERTY_COMPAT_ALLOW_MIN_ASPECT_RATIO_OVERRIDE
01-16 19:35:50.076  3570  3570 D CompatChangeReporter: Compat change id reported: 202956589; UID 1000; state: ENABLED
01-16 19:35:50.088  3570  3570 V GraphicsEnvironment: Currently set values for:
01-16 19:35:50.088  3570  3570 V GraphicsEnvironment:   angle_gl_driver_selection_pkgs=[]
01-16 19:35:50.088  3570  3570 V GraphicsEnvironment:   angle_gl_driver_selection_values=[]
01-16 19:35:50.088  3570  3570 V GraphicsEnvironment: Global.Settings values are invalid: number of packages: 0, number of values: 0
01-16 19:35:50.088  3570  3570 V GraphicsEnvironment: Neither updatable production driver nor prerelease driver is supported.
01-16 19:35:50.098   569   641 I ActivityTaskManager: START u0 {act=android.intent.action.MAIN cat=[android.intent.category.LAUNCHER] flg=0x30000000 cmp=com.ruitb.test.my_app.dev/com.ruitb.test.my_app.MainActivity (has extras)} with LAUNCH_SINGLE_TOP from uid 2000 (BAL_ALLOW_PERMISSION) result code=0
01-16 19:35:50.099   812   847 V WindowManagerShell: Transition requested (#11): android.os.BinderProxy@bd7f32b TransitionRequestInfo { type = OPEN, triggerTask = TaskInfo{userId=0 taskId=153 displayId=0 isRunning=true baseIntent=Intent { act=android.intent.action.MAIN cat=[android.intent.category.LAUNCHER] flg=0x30000000 cmp=com.ruitb.test.my_app.dev/com.ruitb.test.my_app.MainActivity } baseActivity=ComponentInfo{com.ruitb.test.my_app.dev/com.ruitb.test.my_app.MainActivity} topActivity=ComponentInfo{com.ruitb.test.my_app.dev/com.ruitb.test.my_app.MainActivity} origActivity=null realActivity=ComponentInfo{com.ruitb.test.my_app.dev/com.ruitb.test.my_app.MainActivity} numActivities=1 lastActiveTime=271673 supportsMultiWindow=true resizeMode=1 isResizeable=true minWidth=-1 minHeight=-1 defaultMinSize=220 token=WCT{android.window.IWindowContainerToken$Stub$Proxy@54bd388} topActivityType=1 pictureInPictureParams=null shouldDockBigOverlays=false launchIntoPipHostTaskId=-1 lastParentTaskIdBeforePip=-1 displayCutoutSafeInsets=Rect(0, 136 - 0, 0) topActivityInfo=ActivityInfo{eecb121 com.ruitb.test.my_app.MainActivity} launchCookies=[] positionInParent=Point(0, 0) parentTaskId=-1 isFocused=false isVisible=false isVisibleRequested=false isSleeping=false locusId=null displayAreaFeatureId=1 isTopActivityTransparent=false appCompatTaskInfo=AppCompatTaskInfo { topActivityInSizeCompat=false topActivityEligibleForLetterboxEducation= falseisLetterboxEducationEnabled= true isLetterboxDoubleTapEnabled= false topActivityEligibleForUserAspectRatioButton= false topActivityBoundsLetterboxed= false isFromLetterboxDoubleTap= false topActivityLetterboxVerticalPosition= -1 topActivityLetterboxHorizontalPosition= -1 topActivityLetterboxWidth=1080 topActivityLetterboxHeight=2340 isUserFullscreenOverrideEnabled=false isSystemFullscreenOverrideEnabled=false cameraCompatTaskInfo=CameraCompatTaskInfo { cameraCompatControlState=hidden freeformCameraCompatMode=inactive}}}, pipTask = null, remoteTransition = null, displayChange = null, flags = 0, debugId = 11 }
01-16 19:35:50.101   569   597 V GrammaticalInflectionUtils: AttributionSource: AttributionSource { uid = 10210, packageName = null, attributionTag = null, token = android.os.Binder@fd5ebda, deviceId = 0, next = null } does not have READ_SYSTEM_GRAMMATICAL_GENDER permission.
01-16 19:35:50.110   415   415 I BpBinder: onLastStrongRef automatically unlinking death recipients: 
01-16 19:35:50.112   569   604 W MagnificationConnectionManager: requestConnection duplicated request: connect=false, mConnectionState=DISCONNECTED
01-16 19:35:50.113   569   569 W IPCThreadState: Sending oneway calls to frozen process.
01-16 19:35:50.113   569   569 W IPCThreadState: Sending oneway calls to frozen process.
01-16 19:35:50.113   569   569 W IPCThreadState: Sending oneway calls to frozen process.
01-16 19:35:50.113   569   569 W IPCThreadState: Sending oneway calls to frozen process.
01-16 19:35:50.113   569   569 W IPCThreadState: Sending oneway calls to frozen process.
01-16 19:35:50.113   569   569 W IPCThreadState: Sending oneway calls to frozen process.
01-16 19:35:50.115  1101  1101 W SplitSelectStateCtor: Missing session instanceIds
01-16 19:35:50.115  1101  1101 D StatsLog: LAUNCHER_SPLIT_SELECTION_EXIT_INTERRUPTED
01-16 19:35:50.119   812   847 D WindowManagerShell: setLauncherKeepClearAreaHeight: visible=false, height=552
01-16 19:35:50.124   569   882 I AppsFilter: interaction: PackageSetting{368e2c4 com.seraj.community/10235} -> PackageSetting{a51459 com.ruitb.test.my_app.dev/10210} BLOCKED
01-16 19:35:50.126   370   370 D Zygote  : Forked child process 3596
01-16 19:35:50.127   569   882 I AppsFilter: interaction: PackageSetting{93d1381 io.appium.uiautomator2.server.test/10208} -> PackageSetting{a51459 com.ruitb.test.my_app.dev/10210} BLOCKED
01-16 19:35:50.127   569   882 I AppsFilter: interaction: PackageSetting{b1278bb com.arabtherapy.psychologist.mentalhealth/10237} -> PackageSetting{a51459 com.ruitb.test.my_app.dev/10210} BLOCKED
01-16 19:35:50.127   569   882 I AppsFilter: interaction: PackageSetting{31f6eaf com.example.cart_products/10211} -> PackageSetting{a51459 com.ruitb.test.my_app.dev/10210} BLOCKED
01-16 19:35:50.128   569   882 I AppsFilter: interaction: PackageSetting{4a4492e io.appium.settings/10207} -> PackageSetting{a51459 com.ruitb.test.my_app.dev/10210} BLOCKED
01-16 19:35:50.128   569   882 I AppsFilter: interaction: PackageSetting{5875ad com.arabtherapy.consaltant.mentalhealth/10236} -> PackageSetting{a51459 com.ruitb.test.my_app.dev/10210} BLOCKED
01-16 19:35:50.141   569   604 W MagnificationConnectionManager: requestConnection duplicated request: connect=false, mConnectionState=DISCONNECTED
01-16 19:35:50.142  1101  1101 I TopTaskTracker: onTaskMovedToFront: (moved taskInfo to front) taskId=153, baseIntent=Intent { act=android.intent.action.MAIN cat=[android.intent.category.LAUNCHER] flg=0x30000000 cmp=com.ruitb.test.my_app.dev/com.ruitb.test.my_app.MainActivity }
01-16 19:35:50.145   569   569 W IPCThreadState: Sending oneway calls to frozen process.
01-16 19:35:50.147   569   569 W IPCThreadState: Sending oneway calls to frozen process.
01-16 19:35:50.147   569   569 W IPCThreadState: Sending oneway calls to frozen process.
01-16 19:35:50.148   569   569 W IPCThreadState: Sending oneway calls to frozen process.
01-16 19:35:50.148   569   752 I AppWidgetServiceImpl: Received broadcast: android.intent.action.PACKAGE_UNSTOPPED on user 0
01-16 19:35:50.149   569   752 I AppWidgetServiceImpl: Updating package stopped masked state for uid 10210 package com.ruitb.test.my_app.dev isStopped false
01-16 19:35:50.149   569   569 W IPCThreadState: Sending oneway calls to frozen process.
01-16 19:35:50.150   569   569 W IPCThreadState: Sending oneway calls to frozen process.
01-16 19:35:50.153   569   606 I ActivityManager: Start proc 3596:com.ruitb.test.my_app.dev/u0a210 for next-top-activity {com.ruitb.test.my_app.dev/com.ruitb.test.my_app.MainActivity}
01-16 19:35:50.153  3596  3596 I test.my_app.dev: Late-enabling -Xcheck:jni
01-16 19:35:50.154   812   860 D SplashScreenView: Build android.window.SplashScreenView{8fa9b1e V.E...... ......ID 0,0-0,0}
01-16 19:35:50.154   812   860 D SplashScreenView: Icon: view: android.widget.ImageView{52b5fff V.ED..... ......I. 0,0-0,0 #1020504 android:id/splashscreen_icon_view} drawable: com.android.wm.shell.startingsurface.SplashscreenIconDrawableFactory$ImmobileIconDrawable@8f1c1cc size: 528
01-16 19:35:50.154   812   860 D SplashScreenView: Branding: view: android.view.View{7c3dc15 G.ED..... ......I. 0,0-0,0 #1020503 android:id/splashscreen_branding_view} drawable: null size w: 0 h: 0
01-16 19:35:50.163   569  1532 D CoreBackPreview: Window{8701fef u0 Splash Screen com.ruitb.test.my_app.dev}: Setting back callback OnBackInvokedCallbackInfo{mCallback=android.window.IOnBackInvokedCallback$Stub$Proxy@1b61de7, mPriority=0, mIsAnimationCallback=false}
01-16 19:35:50.169   569  1532 D CompatChangeReporter: Compat change id reported: 311208629; UID 1000; state: ENABLED
01-16 19:35:50.177   369   369 I netd    : tetherGetStats() -> {[]} <0.61ms>
01-16 19:35:50.197  3596  3596 I test.my_app.dev: Using CollectorTypeCMC GC.
01-16 19:35:50.281   421   454 I adbd    : jdwp connection from 3596
01-16 19:35:50.282  1101  1512 D EGL_emulation: app_time_stats: avg=2264.08ms min=4.01ms max=13502.38ms count=6
01-16 19:35:50.285   812  1246 V WindowManagerShell: onTransitionReady(transaction=2443836391832)
01-16 19:35:50.285   812   847 V WindowManagerShell: onTransitionReady (#11) android.os.BinderProxy@bd7f32b: {id=11 t=OPEN f=0x0 trk=0 r=[0@Point(0, 0)] c=[{WCT{android.window.IWindowContainerToken$Stub$Proxy@f9cd4c9} m=OPEN f=NONE leash=Surface(name=Task=153)/@0x5b41582 sb=Rect(0, 0 - 1080, 2340) eb=Rect(0, 0 - 1080, 2340) d=0 taskParent=-1},{WCT{android.window.IWindowContainerToken$Stub$Proxy@b1207ce} m=TO_BACK f=SHOW_WALLPAPER leash=Surface(name=Task=1)/@0xc6f493 sb=Rect(0, 0 - 1080, 2340) eb=Rect(0, 0 - 1080, 2340) d=0 taskParent=-1}]}
01-16 19:35:50.285   569   594 V WindowManager: Sent Transition (#11) createdAt=01-16 19:35:50.075 via request=TransitionRequestInfo { type = OPEN, triggerTask = TaskInfo{userId=0 taskId=153 displayId=0 isRunning=true baseIntent=Intent { act=android.intent.action.MAIN cat=[android.intent.category.LAUNCHER] flg=0x30000000 cmp=com.ruitb.test.my_app.dev/com.ruitb.test.my_app.MainActivity } baseActivity=ComponentInfo{com.ruitb.test.my_app.dev/com.ruitb.test.my_app.MainActivity} topActivity=ComponentInfo{com.ruitb.test.my_app.dev/com.ruitb.test.my_app.MainActivity} origActivity=null realActivity=ComponentInfo{com.ruitb.test.my_app.dev/com.ruitb.test.my_app.MainActivity} numActivities=1 lastActiveTime=271673 supportsMultiWindow=true resizeMode=1 isResizeable=true minWidth=-1 minHeight=-1 defaultMinSize=220 token=WCT{RemoteToken{96ead60 Task{bddc240 #153 type=standard I=com.ruitb.test.my_app.dev/com.ruitb.test.my_app.MainActivity}}} topActivityType=1 pictureInPictureParams=null shouldDockBigOverlays=false launchIntoPipHostTaskId=-1 lastParentTaskIdBeforePip=-1 displayCutoutSafeInsets=Rect(0, 136 - 0, 0) topActivityInfo=ActivityInfo{5334219 com.ruitb.test.my_app.MainActivity} launchCookies=[] positionInParent=Point(0, 0) parentTaskId=-1 isFocused=false isVisible=false isVisibleRequested=false isSleeping=false locusId=null displayAreaFeatureId=1 isTopActivityTransparent=false appCompatTaskInfo=AppCompatTaskInfo { topActivityInSizeCompat=false topActivityEligibleForLetterboxEducation= falseisLetterboxEducationEnabled= true isLetterboxDoubleTapEnabled= false topActivityEligibleForUserAspectRatioButton= false topActivityBoundsLetterboxed= false isFromLetterboxDoubleTap= false topActivityLetterboxVerticalPosition= -1 topActivityLetterboxHorizontalPosition= -1 topActivityLetterboxWidth=1080 topActivityLetterboxHeight=2340 isUserFullscreenOverrideEnabled=false isSystemFullscreenOverrideEnabled=false cameraCompatTaskInfo=CameraCompatTaskInfo { cameraCompatControlState=hidden freeformCameraCompatMode=inactive}}}, pipTask = null, remoteTransition = null, displayChange = null, flags = 0, debugId = 11 }
01-16 19:35:50.286   569   594 V WindowManager:     startWCT=WindowContainerTransaction { changes = {} hops = [] errorCallbackToken=null taskFragmentOrganizer=null }
01-16 19:35:50.286   569   594 V WindowManager:     info={id=11 t=OPEN f=0x0 trk=0 r=[0@Point(0, 0)] c=[
01-16 19:35:50.286   569   594 V WindowManager:         {WCT{RemoteToken{96ead60 Task{bddc240 #153 type=standard I=com.ruitb.test.my_app.dev/com.ruitb.test.my_app.MainActivity}}} m=OPEN f=NONE leash=Surface(name=Task=153)/@0x4177d48 sb=Rect(0, 0 - 1080, 2340) eb=Rect(0, 0 - 1080, 2340) d=0 taskParent=-1},
01-16 19:35:50.286   569   594 V WindowManager:         {WCT{RemoteToken{f013f8c Task{ea32ec4 #1 type=home}}} m=TO_BACK f=SHOW_WALLPAPER leash=Surface(name=Task=1)/@0x2c52beb sb=Rect(0, 0 - 1080, 2340) eb=Rect(0, 0 - 1080, 2340) d=0 taskParent=-1}
01-16 19:35:50.286   569   594 V WindowManager:     ]}
01-16 19:35:50.287   812   847 V WindowManagerShell: Playing animation for (#11) android.os.BinderProxy@bd7f32b@0
01-16 19:35:50.287   812   847 V WindowManagerShell:  try handler com.android.wm.shell.transition.DefaultMixedHandler@d50adae
01-16 19:35:50.288   812   847 V WindowManagerShell:  try handler com.android.wm.shell.keyguard.KeyguardTransitionHandler@2d9274f
01-16 19:35:50.288   812   847 V WindowManagerShell:  try handler com.android.wm.shell.pip.PipTransition@689fedc
01-16 19:35:50.288   812   847 V WindowManagerShell:  try handler com.android.wm.shell.activityembedding.ActivityEmbeddingController@e90bbe5
01-16 19:35:50.288   812   847 V WindowManagerShell:  try handler com.android.wm.shell.recents.RecentsTransitionHandler@4fdf6ba
01-16 19:35:50.288   812   847 V ShellRecents: RecentsTransitionHandler.startAnimation: no controller found
01-16 19:35:50.288   812   847 V WindowManagerShell:  try handler com.android.wm.shell.splitscreen.StageCoordinator@f2ae96b
01-16 19:35:50.288   812   847 V WindowManagerShell:  try handler com.android.wm.shell.transition.RemoteTransitionHandler@c262cc8
01-16 19:35:50.288   812   847 V WindowManagerShell: Transition doesn't have explicit remote, search filters for match for {id=11 t=OPEN f=0x0 trk=0 r=[0@Point(0, 0)] c=[{WCT{android.window.IWindowContainerToken$Stub$Proxy@f9cd4c9} m=OPEN f=NONE leash=Surface(name=Task=153)/@0x5b41582 sb=Rect(0, 0 - 1080, 2340) eb=Rect(0, 0 - 1080, 2340) d=0 taskParent=-1},{WCT{android.window.IWindowContainerToken$Stub$Proxy@b1207ce} m=TO_BACK f=SHOW_WALLPAPER leash=Surface(name=Task=1)/@0xc6f493 sb=Rect(0, 0 - 1080, 2340) eb=Rect(0, 0 - 1080, 2340) d=0 taskParent=-1}]}
01-16 19:35:50.290   812   847 V WindowManagerShell:  Checking filter Pair{{types=[] flags=0x0] notFlags=0x0 checks=[{atype=undefined independent=true modes=[OPEN,TO_FRONT] flags=IN_TASK_WITH_EMBEDDED_ACTIVITY mustBeTask=false order=ANY topActivity=ComponentInfo{com.google.android.apps.nexuslauncher/com.google.android.apps.nexuslauncher.NexusLauncherActivity} launchCookie=null},{atype=undefined independent=true modes=[CLOSE,TO_BACK] flags=IN_TASK_WITH_EMBEDDED_ACTIVITY mustBeTask=false order=ANY topActivity=null launchCookie=null}]} RemoteTransition { remoteTransition = android.window.IRemoteTransition$Stub$Proxy@c6246ef, appThread = android.app.IApplicationThread$Stub$Proxy@34f35fc, debugName = OverlaySwipeBack }}
01-16 19:35:50.291   812   847 V WindowManagerShell:  Checking filter Pair{{types=[] flags=0x0] notFlags=0x0 checks=[{atype=dream independent=true modes=[OPEN,TO_FRONT] flags=NONE mustBeTask=false order=ANY topActivity=null launchCookie=null},{atype=home independent=true modes=[CLOSE,TO_BACK] flags=NONE mustBeTask=false order=ANY topActivity=null launchCookie=null}]} RemoteTransition { remoteTransition = android.window.IRemoteTransition$Stub$Proxy@74ad2da, appThread = android.app.IApplicationThread$Stub$Proxy@5b6630b, debugName = LauncherToDream }}
01-16 19:35:50.291   812   847 V WindowManagerShell:  Checking filter Pair{{types=[] flags=0x0] notFlags=0x100 checks=[{atype=home independent=true modes=[OPEN,TO_FRONT] flags=NONE mustBeTask=false order=TOP topActivity=ComponentInfo{com.google.android.apps.nexuslauncher/com.google.android.apps.nexuslauncher.NexusLauncherActivity} launchCookie=null},{atype=standard independent=true modes=[CLOSE,TO_BACK] flags=NONE mustBeTask=false order=ANY topActivity=null launchCookie=null}]} RemoteTransition { remoteTransition = android.window.IRemoteTransition$Stub$Proxy@657b5e8, appThread = android.app.IApplicationThread$Stub$Proxy@6355401, debugName = QuickstepLaunchHome }}
01-16 19:35:50.291   812   847 V WindowManagerShell:  Delegate animation for (#11) to null
01-16 19:35:50.291   812   847 V WindowManagerShell:  try handler com.android.wm.shell.transition.DefaultTransitionHandler@8963161
01-16 19:35:50.291   812   847 V WindowManagerShell: start default transition animation, info = {id=11 t=OPEN f=0x0 trk=0 r=[0@Point(0, 0)] c=[{WCT{android.window.IWindowContainerToken$Stub$Proxy@f9cd4c9} m=OPEN f=NONE leash=Surface(name=Task=153)/@0x5b41582 sb=Rect(0, 0 - 1080, 2340) eb=Rect(0, 0 - 1080, 2340) d=0 taskParent=-1},{WCT{android.window.IWindowContainerToken$Stub$Proxy@b1207ce} m=TO_BACK f=SHOW_WALLPAPER leash=Surface(name=Task=1)/@0xc6f493 sb=Rect(0, 0 - 1080, 2340) eb=Rect(0, 0 - 1080, 2340) d=0 taskParent=-1}]}
01-16 19:35:50.292   569  1532 W UserManagerService: Requested status bar icon for non-badged user 0
01-16 19:35:50.302  3596  3596 D nativeloader: Load libframework-connectivity-tiramisu-jni.so using APEX ns com_android_tethering for caller /apex/com.android.tethering/javalib/framework-connectivity-t.jar: ok
01-16 19:35:50.305   812   847 V WindowManagerShell: loadAnimation: anim=android.view.animation.AnimationSet@8e64894 animAttr=0x13 type=OPEN isEntrance=false
01-16 19:35:50.308   812   847 V WindowManagerShell: loadAnimation: anim=android.view.animation.AnimationSet@7f6007e animAttr=0x12 type=OPEN isEntrance=true
01-16 19:35:50.311   812   847 V WindowManagerShell:  animated by com.android.wm.shell.transition.DefaultTransitionHandler@8963161
01-16 19:35:50.321  1101  1512 D EGL_emulation: app_time_stats: avg=6777.77ms min=45.25ms max=13510.28ms count=2
01-16 19:35:50.327   812   847 V WindowManagerShell: Transition animation finished (aborted=false), notifying core (#11) android.os.BinderProxy@bd7f32b@0
01-16 19:35:50.331   812   995 D EGL_emulation: app_time_stats: avg=20781.45ms min=20781.45ms max=20781.45ms count=1
01-16 19:35:50.333   569   594 V WindowManager: Finish Transition (#11): created at 01-16 19:35:50.075 collect-started=0.283ms request-sent=21.519ms started=34.151ms ready=163.027ms sent=202.651ms finished=257.318ms
01-16 19:35:50.340   812   847 V WindowManagerShell: Track 0 became idle
01-16 19:35:50.340   812   847 V WindowManagerShell: All active transition animations finished
01-16 19:35:50.341  1101  1101 D VRI[NexusLauncherActivity]: visibilityChanged oldVisibility=true newVisibility=false
01-16 19:35:50.343  1101  1101 D NexusLauncherModelDelegate: notifySmartspaceEvent: SmartspaceTargetEvent{mSmartspaceTarget=null, mSmartspaceActionId='null', mEventType=7}
01-16 19:35:50.346  3596  3596 D ApplicationLoaders: Returning zygote-cached class loader: /system_ext/framework/androidx.window.extensions.jar
01-16 19:35:50.346  3596  3596 D ApplicationLoaders: Returning zygote-cached class loader: /system_ext/framework/androidx.window.sidecar.jar
01-16 19:35:50.348  3596  3596 W ziparchive: Unable to open '/data/app/~~0okfi5_GN5striB_7Fzphw==/com.ruitb.test.my_app.dev-mSL2CP4K4h9K1ZLq2d7xpA==/base.dm': No such file or directory
01-16 19:35:50.348  3596  3596 W ziparchive: Unable to open '/data/app/~~0okfi5_GN5striB_7Fzphw==/com.ruitb.test.my_app.dev-mSL2CP4K4h9K1ZLq2d7xpA==/base.dm': No such file or directory
01-16 19:35:50.351   569  1069 W UserManagerService: Requested status bar icon for non-badged user 0
01-16 19:35:50.353   569  1069 W UserManagerService: Requested status bar icon for non-badged user 0
01-16 19:35:50.354  2853  2853 D ActivityThread: Package [com.ruitb.test.my_app.dev] reported as REPLACED, but missing application info. Assuming REMOVED.
01-16 19:35:50.354   569   660 D ActivityManager: sync unfroze 2853 com.google.android.apps.photos for 6
01-16 19:35:50.398   812   812 D ControlsListingControllerImpl: ServiceConfig reloaded, count: 0
01-16 19:35:50.401   812   812 D ControlsListingControllerImpl: ServiceConfig reloaded, count: 0
01-16 19:35:50.401   812   812 D ControlsListingControllerImpl: ServiceConfig reloaded, count: 0
01-16 19:35:50.417   569  1532 D ActivityManager: sync unfroze 1519 com.google.android.gms for 6
01-16 19:35:50.418  1423  1423 I GsaVoiceInteractionSrv: (REDACTED) O received %s
01-16 19:35:50.422  1519  1519 D ActivityThread: Package [com.ruitb.test.my_app.dev] reported as REPLACED, but missing application info. Assuming REMOVED.
01-16 19:35:50.431   569  1532 D CompatChangeReporter: Compat change id reported: 261072174; UID 10143; state: ENABLED
01-16 19:35:50.435  1423  1423 I GsaVoiceInteractionSrv: (REDACTED) O received %s
01-16 19:35:50.443  1423  1423 I GsaVoiceInteractionSrv: (REDACTED) O received %s
01-16 19:35:50.473  1367  1367 W MediaProvider: WorkProfileOwnerApps cache is empty
01-16 19:35:50.485   569   882 D ActivityManager: sync unfroze 1567 com.google.android.googlequicksearchbox:search for 6
01-16 19:35:50.490   569   882 D ActivityManager: sync unfroze 3274 com.google.android.adservices.api for 6
01-16 19:35:50.492  3229  3229 D ActivityThread: Package [com.ruitb.test.my_app.dev] reported as REPLACED, but missing application info. Assuming REMOVED.
01-16 19:35:50.495   569   882 D ActivityManager: sync unfroze 3229 com.google.android.webview:sandboxed_process0:org.chromium.content.app.SandboxedProcessService0:0 for 6
