01-16 19:36:38.329  1393  3850 E native  : E0000 00:00:1768581398.329326    3850 node_def_util.cc:676] NodeDef mentions attribute use_inter_op_parallelism which is not in the op definition: Op<name=PreprocessInk; signature=ink:string -> preprocessed_ink:string; attr=spec:string> This may be expected if your graph generating binary is newer  than this binary. Unknown attributes will be ignored. NodeDef: {{node PreprocessInk}}
01-16 19:36:38.333  1393  1393 I InputBundle: InputBundle.consumeEvent():884 Skip consuming an event as keyboard status is 0
01-16 19:36:38.333  1393  3850 I tflite  : Replacing 4 out of 94 node(s) with delegate (TfLiteFlexDelegate) node, yielding 4 partitions for the whole graph.
01-16 19:36:38.336  1393  1393 I KeyboardWrapper: KeyboardWrapper.activateKeyboard():575 activateKeyboard(): type=prime, status=0, imeDef=ktt{stringId=ime_english_united_states, language=en-US, languageTag=en-US, processedConditions={enable_number_row=false, device=phone}, className=com.google.android.apps.inputmethod.libs.latin5.LatinIme, label=0, keyEventInterpreter=null, inlineComposing=true, autoCapital=true, announceAutoSelectedCandidate=true, statusIcon=0, primeKeyboardType=SOFT, indicatorIcon=0, indicatorLabel=US, displayAppCompletions=true, extraValues=ktl{}, processors=kvl@6101799, unacceptableMetaKeys=4098, languageSpecificSettings=0, asciiCapable=true, alwaysShowSuggestions=false, useAsciiPasswordKeyboard=false, secondaryIme=null, keyboardGroupDef=kut@1947a0a, phenotypeFlagId=0, localizationLanguageTag=null, supportsInlineSuggestion=true, supportsAccessPoints=true}
01-16 19:36:38.337  1393  1393 I KeyboardManager: KeyboardManager.requestKeyboard():234 Creating keyboard prime, imeId=ime_english_united_states, cacheKey=theme_border_stylesheet_noshadow_gsans_pillkey_silkpopup_hover_light_phone_bottom4dp_navredesign
01-16 19:36:38.338  1393  1393 I KeyboardWrapper: KeyboardWrapper.onKeyboardReady():239 onKeyboardReady(): type=null(prime), kb=com.google.android.apps.inputmethod.latin.keyboard.LatinPrimeKeyboard@9802898
01-16 19:36:38.338  1393  1393 I KeyboardWrapper: KeyboardWrapper.doActivateKeyboard():606 doActivateKeyboard(): prime
01-16 19:36:38.371  1393  1795 I NativeLibHelper: NativeLibHelper.loadLibrary():162 Loaded native library:integrated_shared_object (result=true)
01-16 19:36:38.378  1393  1393 E PropertyBackgroundShape: PropertyBackgroundShape$Factory.extractAvailableStateSpecs():598 Multiple state is not supported: [16843623, 16842919]
01-16 19:36:38.378  1393  1393 E PropertyBackgroundShape: PropertyBackgroundShape$Factory.extractAvailableStateSpecs():598 Multiple state is not supported: [16843623, 16842919]
01-16 19:36:38.378  1393  1393 E PropertyBackgroundShape: PropertyBackgroundShape$Factory.extractAvailableStateSpecs():598 Multiple state is not supported: [16843623, 16842919]
01-16 19:36:38.379   482  3705 D BufferPoolAccessor2.0: bufferpool2 0xb400007328604188 : 1(966144 size) total buffers - 1(966144 size) used buffers - 40/41 (recycle/alloc) - 1/40 (fetch/transfer)
01-16 19:36:38.381  1393  1393 E PropertyBackgroundShape: PropertyBackgroundShape$Factory.extractAvailableStateSpecs():598 Multiple state is not supported: [16843623, 16842919]
01-16 19:36:38.381  1393  1393 E PropertyBackgroundShape: PropertyBackgroundShape$Factory.extractAvailableStateSpecs():598 Multiple state is not supported: [16843623, 16842919]
01-16 19:36:38.381  1393  1393 E PropertyBackgroundShape: PropertyBackgroundShape$Factory.extractAvailableStateSpecs():598 Multiple state is not supported: [16843623, 16842919]
01-16 19:36:38.381  1393  1393 E PropertyBackgroundShape: PropertyBackgroundShape$Factory.extractAvailableStateSpecs():598 Multiple state is not supported: [16843623, 16842919]
01-16 19:36:38.381  1393  1393 E PropertyBackgroundShape: PropertyBackgroundShape$Factory.extractAvailableStateSpecs():598 Multiple state is not supported: [16843623, 16842919]
01-16 19:36:38.381  1393  1393 E PropertyBackgroundShape: PropertyBackgroundShape$Factory.extractAvailableStateSpecs():598 Multiple state is not supported: [16843623, 16842919]
01-16 19:36:38.381  1393  1393 E PropertyBackgroundShape: PropertyBackgroundShape$Factory.extractAvailableStateSpecs():598 Multiple state is not supported: [16843623, 16842919]
01-16 19:36:38.381  1393  1393 I KeyboardViewHelper: KeyboardViewHelper.getView():168 Get view with height ratio:1.000000
01-16 19:36:38.387  1393  1852 I SuperDelight: SuperDelightManager.syncBundledLanguageModels():729 syncBundledLanguageModels(): clearing bundled_delight selection
01-16 19:36:38.388  1393  1852 I LmManager: LmManager.asyncUpdateEnabledLanguageModels():96 asyncUpdateEnabledLanguageModels()
01-16 19:36:38.388  1393  1852 I SuperDelight: SuperDelightManager.initializeOverridesSuperpacks():400 initializeOverridesSuperpacks()
01-16 19:36:38.389  1393  1852 I DelightKLPDownloader: DelightKLPDownloader.downloadKLPInternal():185 downloading KLP for en_840
01-16 19:36:38.389  1393  1852 I ManifestedDataDownloader: ManifestedDataDownloader.download():57 downloading manifest https://www.gstatic.com/android/keyboard/dictionarypack/2024070918/metadata.json-perlang/en-840.json?v=2024071002
01-16 19:36:38.389  1393  1852 I DelightKLPDownloader: DelightKLPDownloader.downloadKLPInternal():185 downloading KLP for ar_XC
01-16 19:36:38.389  1393  1852 I ManifestedDataDownloader: ManifestedDataDownloader.download():57 downloading manifest https://www.gstatic.com/android/keyboard/dictionarypack/2024070918/metadata.json-perlang/ar-XC.json?v=2024071002
01-16 19:36:38.396  1393  3863 I SuperDelight: SuperDelightManager.lambda$syncOverridesLanguageModels$14():683 SuperDelightManager#syncOverridesLanguageModels(): Superpack delight_overrides not found or negative version provided
01-16 19:36:38.399  1393  1852 I DelightDataFileManagerLanguageModelProvider: DelightDataFileManagerLanguageModelProvider.fetchLanguageModel():76 find data en-US bundled_delight
01-16 19:36:38.404  1393  3851 I DownloadManager: DownloadManager.downloadInternal():390 Download for __KLP_manifest_delight__en-840 scheduled with params DownloadParams{allowMetered=true, requireCharging=false, foreground=false, immediately=true, priority=0}
01-16 19:36:38.406  1393  3851 I DownloadManager: DownloadManager.startDownload():484 start download of __KLP_manifest_delight__en-840
01-16 19:36:38.410  1393  1852 I LmManager: LmManager.asyncUpdateEnabledLanguageModels():96 asyncUpdateEnabledLanguageModels()
01-16 19:36:38.410  1393  1852 I SuperDelight: SuperDelightManager.initializeOverridesSuperpacks():400 initializeOverridesSuperpacks()
01-16 19:36:38.410  1393  1852 I DelightKLPDownloader: DelightKLPDownloader.downloadKLPInternal():185 downloading KLP for en_840
01-16 19:36:38.410  1393  1852 I ManifestedDataDownloader: ManifestedDataDownloader.download():57 downloading manifest https://www.gstatic.com/android/keyboard/dictionarypack/2024070918/metadata.json-perlang/en-840.json?v=2024071002
01-16 19:36:38.410  1393  1852 I DelightKLPDownloader: DelightKLPDownloader.downloadKLPInternal():185 downloading KLP for ar_XC
01-16 19:36:38.410  1393  1852 I ManifestedDataDownloader: ManifestedDataDownloader.download():57 downloading manifest https://www.gstatic.com/android/keyboard/dictionarypack/2024070918/metadata.json-perlang/ar-XC.json?v=2024071002
01-16 19:36:38.410  1393  1852 I MainLanguageModelLoader: MainLanguageModelLoader.updateLmAvailableState():349 updateLmAvailableState(): locale? en_US prevState? AVAILABLE
01-16 19:36:38.416  1393  3863 I SuperDelight: SuperDelightManager.initializeBundledDelightSuperpacks():374 initializeBundledDelightSuperpacks()
01-16 19:36:38.416  1393  1851 I Delight5Decoder: Delight5DecoderWrapper.loadLanguageModel():730 loadLanguageModel() : 1, version [2024070900]
01-16 19:36:38.416  1393  1852 I MainLanguageModelLoader: MainLanguageModelLoader.updateLmAvailableState():385 updateLmAvailableState(): locale? en_US newState? AVAILABLE
01-16 19:36:38.416  1393  1852 I Delight5Facilitator: BlocklistLoader.call():39 Running blocklist loader
01-16 19:36:38.427  1035  1049 I FontLog : Received query Google Sans Text, URI content://com.google.android.gms.fonts [CONTEXT service_id=132 ]
01-16 19:36:38.432  1393  1852 I Delight5Facilitator: ContactsLanguageModelLoader.call():37 Running contacts language model loader
01-16 19:36:38.435  1393  1852 I Delight5Facilitator: ContactsLanguageModelLoader.call():49 Contacts language model is unloaded: preferences=false, deviceLocked=false, blockPersonalData=false
01-16 19:36:38.435  1393  1852 I Delight5Facilitator: PersonalLanguageModelLoader.call():47 Running personal language model loader
01-16 19:36:38.437  1035  1049 I FontLog : Query [Google Sans Text] resolved to {Google Sans Text, wdth 100.0, wght 400, ital 0.0, bestEffort false} [CONTEXT service_id=132 ]
01-16 19:36:38.437  1393  3851 I DownloadManager: DownloadManager.downloadInternal():390 Download for __KLP_manifest_delight__ar-XC scheduled with params DownloadParams{allowMetered=true, requireCharging=false, foreground=false, immediately=true, priority=0}
01-16 19:36:38.437  1393  3851 I DownloadManager: DownloadManager.startDownload():484 start download of __KLP_manifest_delight__ar-XC
01-16 19:36:38.445  1393  1393 I KeyboardHeightUtil: KeyboardHeightUtil.calculateMaxKeyboardBodyHeight():45 leave 267 height for app when ime window height:2195, header height:121 and isFullscreenMode:false, so the max keyboard body height is:1807
01-16 19:36:38.445  1393  1393 I SoftKeyboardView: SoftKeyboardView.setMaxHeight():980 Set max keyboard height:1807.
01-16 19:36:38.449  1393  1393 W KeyboardDef: KeyboardDef.getKeyboardViewDef():757 KeyboardViewDef is not found: keyboardDef=kuo{processedConditions={enable_more_candidates_view_for_multilingual=false, enable_secondary_symbols=false, variant=qwerty, language=en-US, device=phone, expressions=normal, keyboard_mode=normal, show_secondary_digits=true, enable_preemptive_decode=true, rtl_layout=false}, globalConditions={global_theme_key=theme_border_stylesheet_noshadow_gsans_pillkey_silkpopup_hover_light_phone_bottom4dp_navredesign, global_locale=en_US, global_density_dpi=440, global_orientation=1}, className=.latin.keyboard.LatinPrimeKeyboard, resourceIds=[#0x7f170663, #0x7f1708e0], initialStates=0, keyboardViewDefs=[kvb{direction=null, id=#0x7f0b014d, isScalable=true, layoutId=#0x7f0e039d, type=BODY, touchable=true, defaultShow=true}, kvb{direction=null, id=#0x7f0b014d, isScalable=false, layoutId=#0x7f0e01aa, type=FLOATING_CANDIDATES, touchable=false, defaultShow=false}, kvb{direction=LOCALE, id=#0x7f0b014d, isScalable=false, layoutId=#0x7f0e0591, type=HEADER, touchable=true, defaultShow=true}], persistentStates=0, persistentStatesPrefKey=null, popupBubbleLayoutId=#0x7f0e068d, recentKeyLayoutId=0, recentKeyPopupLayoutId=0, recentKeyType=null, rememberRecentKey=NONE, sessionStates=17592186044419}, type=WIDGET, id=2131427661
01-16 19:36:38.449  1393  1393 W Keyboard: Keyboard.getKeyboardViewHelper():574 null helper is returned: keyboardDef=kuo{processedConditions={enable_more_candidates_view_for_multilingual=false, enable_secondary_symbols=false, variant=qwerty, language=en-US, device=phone, expressions=normal, keyboard_mode=normal, show_secondary_digits=true, enable_preemptive_decode=true, rtl_layout=false}, globalConditions={global_theme_key=theme_border_stylesheet_noshadow_gsans_pillkey_silkpopup_hover_light_phone_bottom4dp_navredesign, global_locale=en_US, global_density_dpi=440, global_orientation=1}, className=.latin.keyboard.LatinPrimeKeyboard, resourceIds=[#0x7f170663, #0x7f1708e0], initialStates=0, keyboardViewDefs=[kvb{direction=null, id=#0x7f0b014d, isScalable=true, layoutId=#0x7f0e039d, type=BODY, touchable=true, defaultShow=true}, kvb{direction=null, id=#0x7f0b014d, isScalable=false, layoutId=#0x7f0e01aa, type=FLOATING_CANDIDATES, touchable=false, defaultShow=false}, kvb{direction=LOCALE, id=#0x7f0b014d, isScalable=false, layoutId=#0x7f0e0591, type=HEADER, touchable=true, defaultShow=true}], persistentStates=0, persistentStatesPrefKey=null, popupBubbleLayoutId=#0x7f0e068d, recentKeyLayoutId=0, recentKeyPopupLayoutId=0, recentKeyType=null, rememberRecentKey=NONE, sessionStates=17592186044419}, type=WIDGET, helpersCreated=[kib@109117e, kib@9a506df, kib@2d60f2c, null], context.getResources().getConfiguration(): {1.0 310mcc260mnc [en_US] ldltr sw393dp w393dp h851dp 440dpi nrml long port finger -keyb/v/h -nav/h winConfig={ mBounds=Rect(0, 0 - 1080, 2340) mAppBounds=Rect(0, 0 - 1080, 2340) mMaxBounds=Rect(0, 0 - 1080, 2340) mDisplayRotation=ROTATION_0 mWindowingMode=fullscreen mActivityType=undefined mAlwaysOnTop=undefined mRotation=ROTATION_0} as.3 s.47 fontWeightAdjustment=0}
01-16 19:36:38.451  1035  1049 I FontLog : Font PFD returned from cache for {Google Sans Text, wdth 100.0, wght 400, ital 0.0, bestEffort false} [CONTEXT service_id=132 ]
01-16 19:36:38.453  1035  1049 I FontLog : Fetch {Google Sans Text, wdth 100.0, wght 400, ital 0.0, bestEffort false} end status Status{statusCode=SUCCESS, resolution=null} [CONTEXT service_id=132 ]
01-16 19:36:38.468  1393  1393 I KeyboardHeightUtil: KeyboardHeightUtil.calculateMaxKeyboardBodyHeight():45 leave 267 height for app when ime window height:2195, header height:121 and isFullscreenMode:false, so the max keyboard body height is:1807
01-16 19:36:38.478  1035  1049 I FontLog : Pulling font file for id = 12, cache size = 8 [CONTEXT service_id=132 ]
01-16 19:36:38.471  1393  1852 I Delight5Facilitator: UserHistoryLanguageModelLoader.call():84 Running user history language model loader
01-16 19:36:38.491  1393  1852 I EmojiSuperpacksManager: EmojiSuperpacksManager.triggerSync():382 triggerSync() : isBundled = false
01-16 19:36:38.493  1393  1393 I GoogleInputMethodService: GoogleInputMethodService.startInputIfInputViewStarted():3728 startInputIfInputViewStarted(): default prime
01-16 19:36:38.494  1393  1393 I KeyboardModeManager: KeyboardModeManager.setInputViewKeyboardViewHolderProvider():625 setInputView() : supportsOneHandedMode=true supportsSplitMode=true
01-16 19:36:38.495  1393  1393 I NormalModeController: NormalModeController.getKeyboardBodyViewHolderPaddingBottom():104 currentPrimeKeyboardType:SOFT systemPaddingBottom:-1
01-16 19:36:38.495  1393  1393 I KeyboardHeightUtil: KeyboardHeightUtil.calculateMaxKeyboardBodyHeight():45 leave 267 height for app when ime window height:2195, header height:121 and isFullscreenMode:false, so the max keyboard body height is:1807
01-16 19:36:38.495  1393  1393 I KeyboardHeightUtil: KeyboardHeightUtil.calculateMaxKeyboardBodyHeight():45 leave 267 height for app when ime window height:2195, header height:121 and isFullscreenMode:false, so the max keyboard body height is:1807
01-16 19:36:38.497  1393  1393 I KeyboardHeightUtil: KeyboardHeightUtil.calculateMaxKeyboardBodyHeight():45 leave 267 height for app when ime window height:2195, header height:121 and isFullscreenMode:false, so the max keyboard body height is:1807
01-16 19:36:38.497  1393  1393 I KeyboardHeightUtil: KeyboardHeightUtil.calculateMaxKeyboardBodyHeight():45 leave 267 height for app when ime window height:2195, header height:121 and isFullscreenMode:false, so the max keyboard body height is:1807
01-16 19:36:38.497  1393  1393 I NormalModeController: NormalModeController.getKeyboardBodyViewHolderPaddingBottom():104 currentPrimeKeyboardType:SOFT systemPaddingBottom:-1
01-16 19:36:38.500  1393  1393 I KeyboardHeightUtil: KeyboardHeightUtil.calculateMaxKeyboardBodyHeight():45 leave 267 height for app when ime window height:2195, header height:121 and isFullscreenMode:false, so the max keyboard body height is:1807
01-16 19:36:38.500  1393  1393 I KeyboardHeightUtil: KeyboardHeightUtil.calculateMaxKeyboardBodyHeight():45 leave 267 height for app when ime window height:2195, header height:121 and isFullscreenMode:false, so the max keyboard body height is:1807
01-16 19:36:38.500  1393  1393 I KeyboardModeManager: KeyboardModeManager.setInputViewKeyboardViewHolderProvider():613 setInputView() : supportsOneHandedMode=true, supportSplitMode=true
01-16 19:36:38.509  1393  1393 W AutoPasteSuggestionHelper: AutoPasteSuggestionHelper.setMaxWidthOfChipTextView():1056 Failed to get the width of the proactive suggestion view holder in HEADER.
01-16 19:36:38.510  1393  1796 I SP      : Registering bundled_delight.2024043000, url: null, constraints: *:*:*:*, flags: *, requested: 2024043000, current: 2024043000
01-16 19:36:38.512  1393  1393 W AutoPasteSuggestionHelper: AutoPasteSuggestionHelper.setMaxWidthOfChipTextView():1056 Failed to get the width of the proactive suggestion view holder in HEADER.
01-16 19:36:38.517  1393  1852 I EmojiSuperpacksManager: EmojiSuperpacksManager.triggerSync():382 triggerSync() : isBundled = true
01-16 19:36:38.517  1393  3863 I SuperDelight: SuperDelightManager.initializeBundledDelightSuperpacks():374 initializeBundledDelightSuperpacks()
01-16 19:36:38.517  1393  3863 I SuperDelight: SuperDelightManager$2.onSuccess():631 delight_overrides sync success, adding to data file manager
01-16 19:36:38.517  1393  1852 I EmojiShortcutsLoader: EmojiShortcutsLoader.getEmojiShortcuts():132 Emoji shortcut file does not exist.
01-16 19:36:38.517  1393  1852 I EmojiShortcutsLoader: EmojiShortcutsLoader.call():71 0 emoji shortcut maps loaded.
01-16 19:36:38.517  1393  3863 I SuperDelight: SuperDelightManager.lambda$syncOverridesLanguageModels$14():683 SuperDelightManager#syncOverridesLanguageModels(): Superpack delight_overrides not found or negative version provided
01-16 19:36:38.517  1393  1852 I EmojiShortcutsLoader: EmojiShortcutsLoader.call():82 Finished loading emoji shortcuts
01-16 19:36:38.517  1393  1852 I Delight5Facilitator: EmailLanguageModelLoader.call():32 Running email language model loader
01-16 19:36:38.517  1393  1852 I Delight5Facilitator: KeyCorrectionTfliteModelLoader.call():31 Running Key Correction Tflite Model loader
01-16 19:36:38.517  1393  1852 I Delight5Facilitator: RankingModelLoader.call():30 Running Ranking Model loader
01-16 19:36:38.518  1393  1796 I SP      : Registering emoji.2024051320, url: https://www.gstatic.com/android/keyboard/modelpack/emoji/20240513200046/superpacks_manifest.zip, constraints: m:*:*:*, flags: *, requested: 2024051320, current: 2024051320
01-16 19:36:38.521  1393  3864 I SuperDelight: SuperDelightManager.lambda$syncBundledLanguageModels$16():769 SuperDelightManager#syncBundledLanguageModels(): Syncing for version 2024043000
01-16 19:36:38.521  1393  3864 I SuperDelight: SuperDelightManager$2.onSuccess():631 delight_overrides sync success, adding to data file manager
01-16 19:36:38.524  1393  3851 I DownloadManager: DownloadManager.downloadInternal():390 Download for __KLP_manifest_delight__en-840 scheduled with params DownloadParams{allowMetered=true, requireCharging=false, foreground=false, immediately=true, priority=0}
01-16 19:36:38.524  1393  3851 I DownloadManager: DownloadManager.startDownload():484 start download of __KLP_manifest_delight__en-840
01-16 19:36:38.526  1393  1393 W AndroidIME: KeyboardViewUtil.getKeyboardView():35 Null keyboardView is found for keyboardViewType: WIDGET
01-16 19:36:38.526  1393  1393 W AutoPasteSuggestionHelper: AutoPasteSuggestionHelper.setMaxWidthOfChipTextView():1056 Failed to get the width of the proactive suggestion view holder in WIDGET.
01-16 19:36:38.527  1393  1796 I SP      : Registering bundled_delight.2024043000, url: null, constraints: *:*:*:*, flags: *, requested: 2024043000, current: 2024043000
01-16 19:36:38.527  1393  1796 I SP      : Registering kc_tflite_model.2024052201, url: https://www.gstatic.com/android/keyboard/kc_triggering_model/superpacks-manifest-20240423_102657.json, constraints: W:*:*:*, flags: bg, requested: 2024052201, current: 2024052201
01-16 19:36:38.529  1035  1049 I FontLog : Received query Google Sans Text:500, URI content://com.google.android.gms.fonts [CONTEXT service_id=132 ]
01-16 19:36:38.529  1035  1049 I FontLog : Query [Google Sans Text:500] resolved to {Google Sans Text, wdth 100.0, wght 500, ital 0.0, bestEffort false} [CONTEXT service_id=132 ]
01-16 19:36:38.529  1393  3851 I DownloadManager: DownloadManager$4.onFailure():560 download for __KLP_manifest_delight__ar-XC is cancelled
01-16 19:36:38.530  1393  3851 I DownloadManager: DownloadManager.downloadInternal():388 Previous download for __KLP_manifest_delight__ar-XC is cancelled
01-16 19:36:38.530  1035  1049 I FontLog : Font PFD returned from cache for {Google Sans Text, wdth 100.0, wght 500, ital 0.0, bestEffort false} [CONTEXT service_id=132 ]
01-16 19:36:38.530  1035  1049 I FontLog : Fetch {Google Sans Text, wdth 100.0, wght 500, ital 0.0, bestEffort false} end status Status{statusCode=SUCCESS, resolution=null} [CONTEXT service_id=132 ]
01-16 19:36:38.531  1393  3851 I DownloadManager: DownloadManager.downloadInternal():390 Download for __KLP_manifest_delight__ar-XC scheduled with params DownloadParams{allowMetered=true, requireCharging=false, foreground=false, immediately=true, priority=0}
01-16 19:36:38.531  1035  1049 I FontLog : Pulling font file for id = 13, cache size = 9 [CONTEXT service_id=132 ]
01-16 19:36:38.532  1393  3851 I DownloadManager: DownloadManager.startDownload():484 start download of __KLP_manifest_delight__ar-XC
01-16 19:36:38.534  1393  1796 I SP      : Registering kc_tflite_model.2024052201, url: https://www.gstatic.com/android/keyboard/kc_triggering_model/superpacks-manifest-20240423_102657.json, constraints: W:*:*:*, flags: bg, requested: 2024052201, current: 2024052201
01-16 19:36:38.534  1393  1852 I CrankEngineLocales: CrankEngineLocales.getLocaleToUseForCrankEngine():66 Using locale en_US for emoji prediction
01-16 19:36:38.535  1393  1796 I SP      : Registering kc_tflite_model.2024052201, url: https://www.gstatic.com/android/keyboard/kc_triggering_model/superpacks-manifest-20240423_102657.json, constraints: W:*:*:*, flags: bg, requested: 2024052201, current: 2024052201
01-16 19:36:38.535  1393  1796 I SP      : Registering kc_tflite_model.2024052201, url: https://www.gstatic.com/android/keyboard/kc_triggering_model/superpacks-manifest-20240423_102657.json, constraints: W:*:*:*, flags: bg, requested: 2024052201, current: 2024052201
01-16 19:36:38.536  1393  1796 I SP      : Registering kc_tflite_model.2024052201, url: https://www.gstatic.com/android/keyboard/kc_triggering_model/superpacks-manifest-20240423_102657.json, constraints: W:*:*:*, flags: bg, requested: 2024052201, current: 2024052201
01-16 19:36:38.536  1393  1852 I CrankEngineLocales: CrankEngineLocales.getLocaleToUseForCrankEngine():66 Using locale en_US for emoji prediction
01-16 19:36:38.536  1393  1852 I CrankEngineLocales: CrankEngineLocales.getLocaleToUseForCrankEngine():66 Using locale en_US for emoji prediction
01-16 19:36:38.536  1393  1796 I SP      : Registering bundled_emoji.2024051320, url: null, constraints: m:*:*:*, flags: *, requested: 2024051320, current: 2024051320
01-16 19:36:38.538  1393  3851 I DownloadManager: DownloadManager.downloadInternal():390 Download for __KLP_delight__en-840 scheduled with params DownloadParams{allowMetered=false, requireCharging=false, foreground=false, immediately=false, priority=500}
01-16 19:36:38.544  1393  1393 I CrowdsourceExtension: CrowdsourceExtension.checkIfDefaultBrowserIsAllowed():110 Failed to get default browser. The default browser may be deactived.
01-16 19:36:38.552  3596  3596 D InputConnectionAdaptor: The input method toggled cursor monitoring on
01-16 19:36:38.553  3596  3660 D EGL_emulation: app_time_stats: avg=240.15ms min=15.81ms max=855.90ms count=6
01-16 19:36:38.554  1393  1393 I AccessoryInputModeManager: AccessoryInputModeManager.onModeStarted():308 Accessory input mode started: STYLUS
01-16 19:36:38.558  1393  1851 I Delight5Decoder: Delight5DecoderWrapper.loadLanguageModel():752 Loaded main LM 1.en
01-16 19:36:38.559  1393  1851 I Delight5Decoder: Delight5DecoderWrapper.loadLanguageModel():730 loadLanguageModel() : 7, version [n/a]
01-16 19:36:38.559  1393  1851 I native  : I0000 00:00:1768581398.559803    1851 blocklist-assembly.cc:126] LoadBlocklist en
01-16 19:36:38.561  1393  1851 I Delight5Decoder: Delight5DecoderWrapper.loadLanguageModel():771 Loaded dynamic LM 7.en
01-16 19:36:38.561  1393  1851 I Delight5Decoder: Delight5DecoderWrapper.loadLanguageModel():730 loadLanguageModel() : 4, version [n/a]
01-16 19:36:38.563  1393  1393 I KeyboardViewHelper: KeyboardViewHelper.getView():168 Get view with height ratio:1.000000
01-16 19:36:38.564  1393  1796 I SuperDelight: SuperDelightBundledSlicingStrategy.getSlices():41 BundledSlicing#getSlices() : Locale = [en_US, ar_XC]
01-16 19:36:38.564  1393  1393 I WidgetViewShowingController: WidgetViewShowingController.showWidgetKeyboardInternal():466 Show companion widget
01-16 19:36:38.565  1393  1851 I Delight5Decoder: Delight5DecoderWrapper.loadLanguageModel():771 Loaded dynamic LM 4.en
01-16 19:36:38.565  1393  1851 I Delight5Decoder: Delight5DecoderWrapper.loadLanguageModel():730 loadLanguageModel() : 3, version [n/a]
01-16 19:36:38.567  1393  1851 I Delight5Decoder: Delight5DecoderWrapper.loadLanguageModel():771 Loaded dynamic LM 3.en
01-16 19:36:38.570  1393  1796 I SuperDelight: SuperDelightBundledSlicingStrategy.getSlices():67 BundledSlicing#getSlices(): result {slices=[bundled_delight:main_en_us_2024022600_2], last batch=true, sync metadata=false}
01-16 19:36:38.570  1393  1796 I SP      : Syncing bundled_delight (2024043000) with slices: [main_en_us_2024022600_2], metadata: false
01-16 19:36:38.580   415  1238 W ServiceManagerCppClient: Permission failure: android.permission.ACCESS_SURFACE_FLINGER from uid=10161 pid=1393
01-16 19:36:38.580   415  1238 D PermissionCache: checking android.permission.ACCESS_SURFACE_FLINGER for uid=10161 => denied (399 us)
01-16 19:36:38.580   415  1238 W ServiceManagerCppClient: Permission failure: android.permission.ROTATE_SURFACE_FLINGER from uid=10161 pid=1393
01-16 19:36:38.580   415  1238 D PermissionCache: checking android.permission.ROTATE_SURFACE_FLINGER for uid=10161 => denied (175 us)
01-16 19:36:38.580  1393  1852 I CrankEngineLocales: CrankEngineLocales.getLocaleToUseForCrankEngine():66 Using locale en_US for emoji prediction
01-16 19:36:38.580  1393  1852 I CrankEngineLocales: CrankEngineLocales.getLocaleToUseForCrankEngine():66 Using locale en_US for emoji prediction
01-16 19:36:38.581  1393  3851 I DownloadManager: DownloadManager.downloadInternal():390 Download for __KLP_delight__en-840 scheduled with params DownloadParams{allowMetered=false, requireCharging=false, foreground=false, immediately=false, priority=500}
01-16 19:36:38.584   415  1238 W ServiceManagerCppClient: Permission failure: android.permission.INTERNAL_SYSTEM_WINDOW from uid=10161 pid=1393
01-16 19:36:38.584   415  1238 D PermissionCache: checking android.permission.INTERNAL_SYSTEM_WINDOW for uid=10161 => denied (3595 us)
01-16 19:36:38.592  1393  1393 I KeyboardWrapper: KeyboardWrapper.switchToKeyboard():657 switchToKeyboard(): type=accessory, status=1
01-16 19:36:38.592  1393  1393 I KeyboardManager: KeyboardManager.requestKeyboard():234 Creating keyboard accessory, imeId=ime_english_united_states, cacheKey=theme_border_stylesheet_noshadow_gsans_pillkey_silkpopup_hover_light_phone_bottom4dp_navredesign
01-16 19:36:38.593  1393  3851 I DownloadManager: DownloadManager.downloadInternal():390 Download for __KLP_delight__ar-XC scheduled with params DownloadParams{allowMetered=false, requireCharging=false, foreground=false, immediately=false, priority=500}
01-16 19:36:38.593  1393  3851 I DownloadManager: DownloadManager.downloadInternal():390 Download for __KLP_delight__ar-XC scheduled with params DownloadParams{allowMetered=false, requireCharging=false, foreground=false, immediately=false, priority=500}
01-16 19:36:38.595  1393  3863 I SuperDelight: SuperDelightManager.lambda$syncBundledLanguageModels$16():769 SuperDelightManager#syncBundledLanguageModels(): Syncing for version 2024043000
01-16 19:36:38.595  1393  1393 I KeyboardWrapper: KeyboardWrapper.onKeyboardReady():239 onKeyboardReady(): type=prime(accessory), kb=com.google.android.libraries.inputmethod.keyboard.impl.Keyboard@eb8cb35
01-16 19:36:38.595  1393  1393 I KeyboardWrapper: KeyboardWrapper.doActivateKeyboard():606 doActivateKeyboard(): accessory
01-16 19:36:38.596  1393  1393 W KeyboardDef: KeyboardDef.getKeyboardViewDef():757 KeyboardViewDef is not found: keyboardDef=kuo{processedConditions={}, globalConditions={}, className=com.google.android.libraries.inputmethod.keyboard.impl.Keyboard, resourceIds=[#0x7f170047], initialStates=0, keyboardViewDefs=[], persistentStates=0, persistentStatesPrefKey=null, popupBubbleLayoutId=0, recentKeyLayoutId=0, recentKeyPopupLayoutId=0, recentKeyType=null, rememberRecentKey=NONE, sessionStates=0}, type=HEADER, id=2131427661
01-16 19:36:38.596  1393  1393 W Keyboard: Keyboard.getKeyboardViewHelper():574 null helper is returned: keyboardDef=kuo{processedConditions={}, globalConditions={}, className=com.google.android.libraries.inputmethod.keyboard.impl.Keyboard, resourceIds=[#0x7f170047], initialStates=0, keyboardViewDefs=[], persistentStates=0, persistentStatesPrefKey=null, popupBubbleLayoutId=0, recentKeyLayoutId=0, recentKeyPopupLayoutId=0, recentKeyType=null, rememberRecentKey=NONE, sessionStates=0}, type=HEADER, helpersCreated=[null, null, null, null], context.getResources().getConfiguration(): {1.0 310mcc260mnc [en_US] ldltr sw393dp w393dp h851dp 440dpi nrml long port finger -keyb/v/h -nav/h winConfig={ mBounds=Rect(0, 0 - 1080, 2340) mAppBounds=Rect(0, 0 - 1080, 2340) mMaxBounds=Rect(0, 0 - 1080, 2340) mDisplayRotation=ROTATION_0 mWindowingMode=fullscreen mActivityType=undefined mAlwaysOnTop=undefined mRotation=ROTATION_0} as.3 s.47 fontWeightAdjustment=0}
01-16 19:36:38.596  1393  1393 W KeyboardDef: KeyboardDef.getKeyboardViewDef():757 KeyboardViewDef is not found: keyboardDef=kuo{processedConditions={}, globalConditions={}, className=com.google.android.libraries.inputmethod.keyboard.impl.Keyboard, resourceIds=[#0x7f170047], initialStates=0, keyboardViewDefs=[], persistentStates=0, persistentStatesPrefKey=null, popupBubbleLayoutId=0, recentKeyLayoutId=0, recentKeyPopupLayoutId=0, recentKeyType=null, rememberRecentKey=NONE, sessionStates=0}, type=BODY, id=2131427661
01-16 19:36:38.596  1393  1393 W Keyboard: Keyboard.getKeyboardViewHelper():574 null helper is returned: keyboardDef=kuo{processedConditions={}, globalConditions={}, className=com.google.android.libraries.inputmethod.keyboard.impl.Keyboard, resourceIds=[#0x7f170047], initialStates=0, keyboardViewDefs=[], persistentStates=0, persistentStatesPrefKey=null, popupBubbleLayoutId=0, recentKeyLayoutId=0, recentKeyPopupLayoutId=0, recentKeyType=null, rememberRecentKey=NONE, sessionStates=0}, type=BODY, helpersCreated=[null, null, null, null], context.getResources().getConfiguration(): {1.0 310mcc260mnc [en_US] ldltr sw393dp w393dp h851dp 440dpi nrml long port finger -keyb/v/h -nav/h winConfig={ mBounds=Rect(0, 0 - 1080, 2340) mAppBounds=Rect(0, 0 - 1080, 2340) mMaxBounds=Rect(0, 0 - 1080, 2340) mDisplayRotation=ROTATION_0 mWindowingMode=fullscreen mActivityType=undefined mAlwaysOnTop=undefined mRotation=ROTATION_0} as.3 s.47 fontWeightAdjustment=0}
01-16 19:36:38.597  1393  1393 W Keyboard: Keyboard.getKeyboardViewHelper():574 null helper is returned: keyboardDef=kuo{processedConditions={}, globalConditions={}, className=com.google.android.libraries.inputmethod.keyboard.impl.Keyboard, resourceIds=[#0x7f170047], initialStates=0, keyboardViewDefs=[], persistentStates=0, persistentStatesPrefKey=null, popupBubbleLayoutId=0, recentKeyLayoutId=0, recentKeyPopupLayoutId=0, recentKeyType=null, rememberRecentKey=NONE, sessionStates=0}, type=HEADER, helpersCreated=[null, null, null, null], context.getResources().getConfiguration(): {1.0 310mcc260mnc [en_US] ldltr sw393dp w393dp h851dp 440dpi nrml long port finger -keyb/v/h -nav/h winConfig={ mBounds=Rect(0, 0 - 1080, 2340) mAppBounds=Rect(0, 0 - 1080, 2340) mMaxBounds=Rect(0, 0 - 1080, 2340) mDisplayRotation=ROTATION_0 mWindowingMode=fullscreen mActivityType=undefined mAlwaysOnTop=undefined mRotation=ROTATION_0} as.3 s.47 fontWeightAdjustment=0}
01-16 19:36:38.597  1393  1393 W Keyboard: Keyboard.getKeyboardViewHelper():574 null helper is returned: keyboardDef=kuo{processedConditions={}, globalConditions={}, className=com.google.android.libraries.inputmethod.keyboard.impl.Keyboard, resourceIds=[#0x7f170047], initialStates=0, keyboardViewDefs=[], persistentStates=0, persistentStatesPrefKey=null, popupBubbleLayoutId=0, recentKeyLayoutId=0, recentKeyPopupLayoutId=0, recentKeyType=null, rememberRecentKey=NONE, sessionStates=0}, type=BODY, helpersCreated=[null, null, null, null], context.getResources().getConfiguration(): {1.0 310mcc260mnc [en_US] ldltr sw393dp w393dp h851dp 440dpi nrml long port finger -keyb/v/h -nav/h winConfig={ mBounds=Rect(0, 0 - 1080, 2340) mAppBounds=Rect(0, 0 - 1080, 2340) mMaxBounds=Rect(0, 0 - 1080, 2340) mDisplayRotation=ROTATION_0 mWindowingMode=fullscreen mActivityType=undefined mAlwaysOnTop=undefined mRotation=ROTATION_0} as.3 s.47 fontWeightAdjustment=0}
01-16 19:36:38.597  1393  1393 W KeyboardDef: KeyboardDef.getKeyboardViewDef():757 KeyboardViewDef is not found: keyboardDef=kuo{processedConditions={}, globalConditions={}, className=com.google.android.libraries.inputmethod.keyboard.impl.Keyboard, resourceIds=[#0x7f170047], initialStates=0, keyboardViewDefs=[], persistentStates=0, persistentStatesPrefKey=null, popupBubbleLayoutId=0, recentKeyLayoutId=0, recentKeyPopupLayoutId=0, recentKeyType=null, rememberRecentKey=NONE, sessionStates=0}, type=FLOATING_CANDIDATES, id=2131427661
01-16 19:36:38.597  1393  1393 W Keyboard: Keyboard.getKeyboardViewHelper():574 null helper is returned: keyboardDef=kuo{processedConditions={}, globalConditions={}, className=com.google.android.libraries.inputmethod.keyboard.impl.Keyboard, resourceIds=[#0x7f170047], initialStates=0, keyboardViewDefs=[], persistentStates=0, persistentStatesPrefKey=null, popupBubbleLayoutId=0, recentKeyLayoutId=0, recentKeyPopupLayoutId=0, recentKeyType=null, rememberRecentKey=NONE, sessionStates=0}, type=FLOATING_CANDIDATES, helpersCreated=[null, null, null, null], context.getResources().getConfiguration(): {1.0 310mcc260mnc [en_US] ldltr sw393dp w393dp h851dp 440dpi nrml long port finger -keyb/v/h -nav/h winConfig={ mBounds=Rect(0, 0 - 1080, 2340) mAppBounds=Rect(0, 0 - 1080, 2340) mMaxBounds=Rect(0, 0 - 1080, 2340) mDisplayRotation=ROTATION_0 mWindowingMode=fullscreen mActivityType=undefined mAlwaysOnTop=undefined mRotation=ROTATION_0} as.3 s.47 fontWeightAdjustment=0}
01-16 19:36:38.597  1393  1393 W KeyboardDef: KeyboardDef.getKeyboardViewDef():757 KeyboardViewDef is not found: keyboardDef=kuo{processedConditions={}, globalConditions={}, className=com.google.android.libraries.inputmethod.keyboard.impl.Keyboard, resourceIds=[#0x7f170047], initialStates=0, keyboardViewDefs=[], persistentStates=0, persistentStatesPrefKey=null, popupBubbleLayoutId=0, recentKeyLayoutId=0, recentKeyPopupLayoutId=0, recentKeyType=null, rememberRecentKey=NONE, sessionStates=0}, type=WIDGET, id=2131427661
01-16 19:36:38.597  1393  1393 W Keyboard: Keyboard.getKeyboardViewHelper():574 null helper is returned: keyboardDef=kuo{processedConditions={}, globalConditions={}, className=com.google.android.libraries.inputmethod.keyboard.impl.Keyboard, resourceIds=[#0x7f170047], initialStates=0, keyboardViewDefs=[], persistentStates=0, persistentStatesPrefKey=null, popupBubbleLayoutId=0, recentKeyLayoutId=0, recentKeyPopupLayoutId=0, recentKeyType=null, rememberRecentKey=NONE, sessionStates=0}, type=WIDGET, helpersCreated=[null, null, null, null], context.getResources().getConfiguration(): {1.0 310mcc260mnc [en_US] ldltr sw393dp w393dp h851dp 440dpi nrml long port finger -keyb/v/h -nav/h winConfig={ mBounds=Rect(0, 0 - 1080, 2340) mAppBounds=Rect(0, 0 - 1080, 2340) mMaxBounds=Rect(0, 0 - 1080, 2340) mDisplayRotation=ROTATION_0 mWindowingMode=fullscreen mActivityType=undefined mAlwaysOnTop=undefined mRotation=ROTATION_0} as.3 s.47 fontWeightAdjustment=0}
01-16 19:36:38.599  1393  1796 I EmojiSlicingStrategy: EmojiSlicingStrategy.matchEnabledLocalesWithPackLocales():129 matchEnabledLocalesWithPackLocales() : User enabled 2 locales; returning 1 slices
01-16 19:36:38.599  1393  1796 I SP      : Syncing emoji (2024051320) with slices: [{2ada3c9a4a17d6bb81b1fe8d51502d60, m:*:*:*}], metadata: false
01-16 19:36:38.599  1393  3873 W InteractionJankMonitor: Initializing without READ_DEVICE_CONFIG permission. enabled=true, interval=1, missedFrameThreshold=3, frameTimeThreshold=64, package=com.google.android.inputmethod.latin
01-16 19:36:38.606  1393  1393 I KeyboardManager: KeyboardManager.requestKeyboard():234 Creating keyboard accessory_candidates_consumer, imeId=ime_english_united_states, cacheKey=theme_border_stylesheet_noshadow_gsans_pillkey_silkpopup_hover_light_phone_bottom4dp_navredesign
01-16 19:36:38.608  1393  1393 W NotificationCenter: NotificationCenter$ListenerData.notifyOnExecutor():672 Heavy notify work detected on UI thread: |iom->ing| takes 54ms
01-16 19:36:38.609  1393  1393 I HardKeyTracker: HardKeyTracker.registerKeySequence():139 Register key sequence lnk{labelResId=2132019800, callback=cfr@3b42bed, lastModifier=2, keyCodes=[56], actions=[0]}
01-16 19:36:38.613  1393  1393 I VoiceImeExtension: VoiceImeExtension.shouldStartVoiceInputAutomaticallyInCurrentInputBox():415 No private IME option set to start voice input.
01-16 19:36:38.613  1393  1393 I HardKeyTracker: HardKeyTracker.unregisterKeySequence():183 Unregister key sequence lnk{labelResId=2132019804, callback=cfr@52a121d, lastModifier=2, keyCodes=[48], actions=[0]}
01-16 19:36:38.613  1393  1393 I HardKeyTracker: HardKeyTracker.registerKeySequence():139 Register key sequence lnk{labelResId=2132019804, callback=cfr@b176bf6, lastModifier=2, keyCodes=[48], actions=[0]}
01-16 19:36:38.614  1393  1393 W FDL     : FDL logging failed. Add a dependency for Firebase Analytics to your app to enable logging of Dynamic Link events.
01-16 19:36:38.625  1393  1393 I HardKeyTracker: HardKeyTracker.unregisterKeySequence():183 Unregister key sequence lnk{labelResId=2132019799, callback=cfr@d62db65, lastModifier=2, keyCodes=[50], actions=[0]}
01-16 19:36:38.625  1393  1393 I HardKeyTracker: HardKeyTracker.registerKeySequence():139 Register key sequence lnk{labelResId=2132019799, callback=cfr@71a92ef, lastModifier=2, keyCodes=[50], actions=[0]}
01-16 19:36:38.631  1393  1393 I AbstractOpenableExtension: AbstractOpenableExtension$3.onSuccess():552 KeyboardGroupManager destroyed in eid.
01-16 19:36:38.640  1393  1393 I DeviceIntelligenceExtension: DeviceIntelligenceExtension.getInlineSuggestionsRequest():304 Inline suggestions disabled in stylus mode or vertical PK/Voice toolbar
01-16 19:36:38.642   569   644 D AutofillInlineSuggestionsRequestSession: onInlineSuggestionsUnsupported() called.
01-16 19:36:38.664  1393  1852 I CrankEngineLocales: CrankEngineLocales.getLocaleToUseForCrankEngine():66 Using locale en_US for emoji prediction
01-16 19:36:38.672   569   882 D ActivityManager: sync unfroze 1519 com.google.android.gms for 4
01-16 19:36:38.676  1519  1519 D BoundBrokerSvc: onBind: Intent { act=com.google.firebase.dynamiclinks.service.START pkg=com.google.android.gms }
01-16 19:36:38.676  1519  1519 D BoundBrokerSvc: Loading bound service for intent: Intent { act=com.google.firebase.dynamiclinks.service.START pkg=com.google.android.gms }
01-16 19:36:38.681  1393  1796 I SP      : Syncing kc_tflite_model (2024052201) with slices: [{tflite-kc-en_us_key_pair-20240423_102657, m:*:*:*, fg}], metadata: false
01-16 19:36:38.681  1393  1796 I SP      : Syncing kc_tflite_model (2024052201) with slices: [{tflite-kc-en_us_key_pair-20240423_102657, m:*:*:*, fg}], metadata: false
01-16 19:36:38.681  1393  1796 I SP      : Syncing kc_tflite_model (2024052201) with slices: [{tflite-kc-en_us_key_pair-20240423_102657, m:*:*:*, fg}], metadata: false
01-16 19:36:38.682  1393  1796 I SP      : Syncing kc_tflite_model (2024052201) with slices: [{tflite-kc-en_us_key_pair-20240423_102657, m:*:*:*, fg}], metadata: false
01-16 19:36:38.682  1393  1402 W SP      : File ref is being finalized but wasn't closed, file: transformer_latin_tflite_20231010_zip[18]
01-16 19:36:38.683  1393  1402 W SP      : File ref is being finalized but wasn't closed, file: scribe_latin_20231123_tflite_zip[18]
01-16 19:36:38.684  1393  1402 W SP      : File ref is being finalized but wasn't closed, file: transformer_arabic_conf_tflite_20230818_zip[14]
01-16 19:36:38.685  1393  1402 W SP      : File ref is being finalized but wasn't closed, file: transformer_arabic_tflite_20230818_zip[14]
01-16 19:36:38.685  1393  1402 W SP      : File ref is being finalized but wasn't closed, file: qrnn_en_us_reco_20231010_fst_20230613_recospec_zip[18]
01-16 19:36:38.685  1393  1402 W SP      : File ref is being finalized but wasn't closed, file: transformer_latin_conf_tflite_20231010_zip[18]
01-16 19:36:38.685  1393  1402 W SP      : File ref is being finalized but wasn't closed, file: pack_mapping_v1_lstm_20231127[14]
01-16 19:36:38.685  1393  1402 W SP      : File ref is being finalized but wasn't closed, file: qrnn_ar_reco_20230818_fst_20230818_recospec_zip[14]
01-16 19:36:38.685  1393  1402 W SP      : File ref is being finalized but wasn't closed, file: transformer_latin_seg_tflite_20231010_zip[18]
01-16 19:36:38.685  1393  1402 W SP      : File ref is being finalized but wasn't closed, file: ar_20230818_compact_fst_zip[14]
01-16 19:36:38.685  1393  1402 W SP      : File ref is being finalized but wasn't closed, file: scribe_latin_20231123_recospec_zip[18]
01-16 19:36:38.685  1393  1402 W SP      : File ref is being finalized but wasn't closed, file: en_us_20230613_compact_fst_zip[18]
01-16 19:36:38.685  1393  1402 W SP      : File ref is being finalized but wasn't closed, file: transformer_latin_tflite_20231010_zip[18]
01-16 19:36:38.685  1393  1402 W SP      : File ref is being finalized but wasn't closed, file: scribe_latin_20231123_tflite_zip[18]
01-16 19:36:38.685  1393  1402 W SP      : File ref is being finalized but wasn't closed, file: transformer_arabic_conf_tflite_20230818_zip[14]
01-16 19:36:38.685  1393  1402 W SP      : File ref is being finalized but wasn't closed, file: transformer_arabic_tflite_20230818_zip[14]
01-16 19:36:38.685  1393  1402 W SP      : File ref is being finalized but wasn't closed, file: qrnn_en_us_reco_20231010_fst_20230613_recospec_zip[18]
01-16 19:36:38.685  1393  1402 W SP      : File ref is being finalized but wasn't closed, file: transformer_latin_conf_tflite_20231010_zip[18]
01-16 19:36:38.685  1393  1402 W SP      : File ref is being finalized but wasn't closed, file: pack_mapping_v1_lstm_20231127[14]
01-16 19:36:38.685  1393  1402 W SP      : File ref is being finalized but wasn't closed, file: qrnn_ar_reco_20230818_fst_20230818_recospec_zip[14]
01-16 19:36:38.685  1393  1402 W SP      : File ref is being finalized but wasn't closed, file: transformer_latin_seg_tflite_20231010_zip[18]
01-16 19:36:38.685  1393  1402 W SP      : File ref is being finalized but wasn't closed, file: ar_20230818_compact_fst_zip[14]
01-16 19:36:38.685  1393  1402 W SP      : File ref is being finalized but wasn't closed, file: scribe_latin_20231123_recospec_zip[18]
01-16 19:36:38.685  1393  1402 W SP      : File ref is being finalized but wasn't closed, file: en_us_20230613_compact_fst_zip[18]
01-16 19:36:38.685  1393  1402 W SP      : File ref is being finalized but wasn't closed, file: scribe_latin_20231123_recospec_zip[18]
01-16 19:36:38.685  1393  1402 W SP      : File ref is being finalized but wasn't closed, file: scribe_latin_20231123_tflite_zip[18]
01-16 19:36:38.685  1393  1402 W SP      : File ref is being finalized but wasn't closed, file: qrnn_en_us_reco_20231010_fst_20230613_recospec_zip[18]
01-16 19:36:38.685  1393  1402 W SP      : File ref is being finalized but wasn't closed, file: transformer_latin_conf_tflite_20231010_zip[18]
01-16 19:36:38.685  1393  1402 W SP      : File ref is being finalized but wasn't closed, file: transformer_latin_seg_tflite_20231010_zip[18]
01-16 19:36:38.685  1393  1402 W SP      : File ref is being finalized but wasn't closed, file: transformer_latin_tflite_20231010_zip[18]
01-16 19:36:38.685  1393  1402 W SP      : File ref is being finalized but wasn't closed, file: en_us_20230613_compact_fst_zip[18]
01-16 19:36:38.685  1393  1402 W SP      : File ref is being finalized but wasn't closed, file: tflite-nwp-756c50035b995cfb0f7e8feb7d1b10ee[3]
01-16 19:36:38.685  1393  1402 W SP      : File ref is being finalized but wasn't closed, file: tflite-nwp-756c50035b995cfb0f7e8feb7d1b10ee[3]
01-16 19:36:38.685  1393  1402 W SP      : File ref is being finalized but wasn't closed, file: 2023012316_en[5]
01-16 19:36:38.685  1393  1402 W SP      : File ref is being finalized but wasn't closed, file: 2023012316_en[5]
01-16 19:36:38.690  1393  1796 I SP      : Syncing kc_tflite_model (2024052201) with slices: [{tflite-kc-en_us_key_pair-20240423_102657, m:*:*:*, fg}], metadata: false
01-16 19:36:38.709  1393  1393 I WindowMetricsNotification: WindowMetricsNotification.notifyWithWindow():113 
01-16 19:36:38.709  1393  1393 I DeviceModeMonitor2: DeviceModeMonitor2.calculateAndNotify():101 Device mode 'phone' from display metrics 'DisplayMetrics{density=0.0, width=1080, height=2340, scaledDensity=0.0, xdpi=440.0, ydpi=440.0}' or smallestScreenWidthDp: 393
01-16 19:36:38.710  1393  1393 I GoogleInputMethodService: GoogleInputMethodService$10.onWindowMetricsChanged():1226 windowMetrics: bounds() = Rect(0, 136 - 1080, 2340), insets() = Rect(0, 0 - 0, 66)
01-16 19:36:38.714  1393  1393 I WindowMetricsNotification: WindowMetricsNotification.notify():106 WindowMetricsNotification{bounds=Rect(0, 136 - 1080, 2340), insets=Rect(0, 0 - 0, 66), densityDpi=440, smallestScreenWidthDp=393, displayWidth=1080, displayHeight=2340, xdpi=440.0, ydpi=440.0}; DisplayMetrics{density=2.75, width=1080, height=2340, scaledDensity=2.75, xdpi=440.0, ydpi=440.0}
01-16 19:36:38.714  1393  1393 W View    : requestLayout() improperly called by android.widget.FrameLayout{26a6f6b V........ ......ID 0,0-37,188 #7f0b016f app:id/0_resource_name_obfuscated} during layout: running second layout pass
01-16 19:36:38.717   812   847 W Looper  : Slow dispatch took 30ms wmshell.main h=android.os.Handler c=com.android.wm.shell.common.DisplayInsetsController$PerDisplay$DisplayWindowInsetsControllerImpl$$ExternalSyntheticLambda3@6412f24 m=0
01-16 19:36:38.729  1393  1796 I EmojiSlicingStrategy: EmojiSlicingStrategy.matchEnabledLocalesWithPackLocales():129 matchEnabledLocalesWithPackLocales() : User enabled 2 locales; returning 1 slices
01-16 19:36:38.729  1393  1796 I SP      : Syncing bundled_emoji (2024051320) with slices: [{7b9ddb0b8c001e17cee03b1edf554b20, m:*:*:*}], metadata: false
01-16 19:36:38.754  1393  1852 I CrankEngineLocales: CrankEngineLocales.getLocaleToUseForCrankEngine():66 Using locale en_US for emoji prediction
01-16 19:36:38.757  1393  1796 I SuperDelight: SuperDelightBundledSlicingStrategy.getSlices():41 BundledSlicing#getSlices() : Locale = [en_US, ar_XC]
01-16 19:36:38.757  1393  1796 I SuperDelight: SuperDelightBundledSlicingStrategy.getSlices():67 BundledSlicing#getSlices(): result {slices=[bundled_delight:main_en_us_2024022600_2], last batch=true, sync metadata=false}
01-16 19:36:38.758  1393  1796 I SP      : Syncing bundled_delight (2024043000) with slices: [main_en_us_2024022600_2], metadata: false
01-16 19:36:38.758  1393  1924 I EGL_emulation: Opening libGLESv1_CM_emulation.so
01-16 19:36:38.760  1393  1924 I EGL_emulation: Opening libGLESv2_emulation.so
01-16 19:36:38.767  1393  1924 W HWUI    : Failed to choose config with EGL_SWAP_BEHAVIOR_PRESERVED, retrying without...
01-16 19:36:38.767  1393  1924 W HWUI    : Failed to initialize 101010-2 format, error = EGL_SUCCESS
01-16 19:36:38.794  1035  1035 I GmsCoreXrpcWrapper: Returning a channel provider with trafficStatsTag=18692 trafficStatsUid=-1
01-16 19:36:38.805   569   852 W ProcessStats: Tracking association SourceState{d0740d com.google.android.inputmethod.latin/10161 BFgs #1784} whose proc state 4 is better than process ProcessState{d1bb7af com.google.android.gms/10144 pkg=com.google.android.gms} proc state 14 (13 skipped)
01-16 19:36:38.809  1393  1796 I SP      : GC for 'kc_tflite_model' (10) with ttl of 0 ms took 0 ms (0/0/0)
01-16 19:36:38.809  1393  1796 I SP      : GC for 'kc_tflite_model' (10) with ttl of 0 ms took 0 ms (0/0/0)
01-16 19:36:38.809  1393  1796 I SP      : GC for 'kc_tflite_model' (10) with ttl of 0 ms took 0 ms (0/0/0)
01-16 19:36:38.809  1393  1796 I SP      : GC for 'kc_tflite_model' (10) with ttl of 0 ms took 0 ms (0/0/0)
01-16 19:36:38.816   163   163 I hwservicemanager: getTransport: Cannot find entry android.hardware.graphics.mapper@4.0::IMapper/default in either framework or device VINTF manifest.
01-16 19:36:38.816  1393  1924 I Gralloc4: mapper 4.x is not supported
01-16 19:36:38.816   162   162 I servicemanager: Caller(pid=1393,uid=10161,sid=u:r:untrusted_app:s0:c161,c256,c512,c768) Could not find android.hardware.graphics.allocator.IAllocator/default in the VINTF manifest. No alternative instances declared in VINTF.
01-16 19:36:38.819   569   644 D ConnectivityService: requestNetwork for uid/pid:10161/1393 activeRequest: null callbackRequest: 137 [NetworkRequest [ REQUEST id=138, [ Capabilities: INTERNET&NOT_RESTRICTED&TRUSTED&NOT_VCN_MANAGED&NOT_BANDWIDTH_CONSTRAINED Uid: 10161 RequestorUid: 10161 RequestorPkg: com.google.android.inputmethod.latin UnderlyingNetworks: Null] ]] callback flags: 0 order: 2147483647 isUidTracked: false
01-16 19:36:38.824   569   724 D ConnectivityService: NetReassign [138 : null  101] [c 1] [a 1] [i 2]
