01-16 19:48:07.412  5360  5435 W GmsStrictMode: 	at android.os.Handler.dispatchMessage(Handler.java:100)
01-16 19:48:07.412  5360  5435 W GmsStrictMode: 	at bphk.nR(:com.google.android.gms@242335038@24.23.35 (190400-646585959):1)
01-16 19:48:07.412  5360  5435 W GmsStrictMode: 	at bphk.dispatchMessage(:com.google.android.gms@242335038@24.23.35 (190400-646585959):138)
01-16 19:48:07.412  5360  5435 W GmsStrictMode: 	at android.os.Looper.loopOnce(Looper.java:232)
01-16 19:48:07.412  5360  5435 W GmsStrictMode: 	at android.os.Looper.loop(Looper.java:317)
01-16 19:48:07.412  5360  5435 W GmsStrictMode: 	at android.app.ActivityThread.main(ActivityThread.java:8705)
01-16 19:48:07.412  5360  5435 W GmsStrictMode: 	at java.lang.reflect.Method.invoke(Native Method)
01-16 19:48:07.412  5360  5435 W GmsStrictMode: 	at com.android.internal.os.RuntimeInit$MethodAndArgsCaller.run(RuntimeInit.java:580)
01-16 19:48:07.412  5360  5435 W GmsStrictMode: 	at com.android.internal.os.ZygoteInit.main(ZygoteInit.java:886)
01-16 19:48:07.412  5360  5435 W GmsStrictMode: DISK_READ [CONTEXT service_id=256 ]
01-16 19:48:07.412  5360  5435 W GmsStrictMode: android.os.strictmode.DiskReadViolation
01-16 19:48:07.412  5360  5435 W GmsStrictMode: 	at android.os.StrictMode$AndroidBlockGuardPolicy.onReadFromDisk(StrictMode.java:1683)
01-16 19:48:07.412  5360  5435 W GmsStrictMode: 	at libcore.io.BlockGuardOs.open(BlockGuardOs.java:269)
01-16 19:48:07.412  5360  5435 W GmsStrictMode: 	at libcore.io.ForwardingOs.open(ForwardingOs.java:563)
01-16 19:48:07.412  5360  5435 W GmsStrictMode: 	at android.app.ActivityThread$AndroidOs.open(ActivityThread.java:8591)
01-16 19:48:07.412  5360  5435 W GmsStrictMode: 	at libcore.io.IoBridge.open(IoBridge.java:560)
01-16 19:48:07.412  5360  5435 W GmsStrictMode: 	at java.io.FileInputStream.<init>(FileInputStream.java:179)
01-16 19:48:07.412  5360  5435 W GmsStrictMode: 	at bkjw.a(:com.google.android.gms@242335038@24.23.35 (190400-646585959):122)
01-16 19:48:07.412  5360  5435 W GmsStrictMode: 	at eory.a(:com.google.android.gms@242335038@24.23.35 (190400-646585959):14)
01-16 19:48:07.412  5360  5435 W GmsStrictMode: 	at bkjz.a(:com.google.android.gms@242335038@24.23.35 (190400-646585959):31)
01-16 19:48:07.412  5360  5435 W GmsStrictMode: 	at bkay.r(:com.google.android.gms@242335038@24.23.35 (190400-646585959):18)
01-16 19:48:07.412  5360  5435 W GmsStrictMode: 	at bkay.j(:com.google.android.gms@242335038@24.23.35 (190400-646585959):291)
01-16 19:48:07.412  5360  5435 W GmsStrictMode: 	at bkay.i(:com.google.android.gms@242335038@24.23.35 (190400-646585959):9)
01-16 19:48:07.412  5360  5435 W GmsStrictMode: 	at bkay.q(:com.google.android.gms@242335038@24.23.35 (190400-646585959):2)
01-16 19:48:07.412  5360  5435 W GmsStrictMode: 	at bkhv.g(:com.google.android.gms@242335038@24.23.35 (190400-646585959):91)
01-16 19:48:07.412  5360  5435 W GmsStrictMode: 	at bkhq.a(:com.google.android.gms@242335038@24.23.35 (190400-646585959):5)
01-16 19:48:07.412  5360  5435 W GmsStrictMode: 	at bjzj.a(:com.google.android.gms@242335038@24.23.35 (190400-646585959):5)
01-16 19:48:07.412  5360  5435 W GmsStrictMode: 	at bhwk.e(:com.google.android.gms@242335038@24.23.35 (190400-646585959):187)
01-16 19:48:07.412  5360  5435 W GmsStrictMode: 	at bhwk.b(:com.google.android.gms@242335038@24.23.35 (190400-646585959):37)
01-16 19:48:07.412  5360  5435 W GmsStrictMode: 	at bhvr.ie(:com.google.android.gms@242335038@24.23.35 (190400-646585959):112)
01-16 19:48:07.412  5360  5435 W GmsStrictMode: 	at dkje.run(:com.google.android.gms@242335038@24.23.35 (190400-646585959):18)
01-16 19:48:07.412  5360  5435 W GmsStrictMode: 	at anga.c(:com.google.android.gms@242335038@24.23.35 (190400-646585959):12)
01-16 19:48:07.412  5360  5435 W GmsStrictMode: 	at bbqs.run(:com.google.android.gms@242335038@24.23.35 (190400-646585959):5)
01-16 19:48:07.412  5360  5435 W GmsStrictMode: 	at android.os.Handler.handleCallback(Handler.java:959)
01-16 19:48:07.412  5360  5435 W GmsStrictMode: 	at android.os.Handler.dispatchMessage(Handler.java:100)
01-16 19:48:07.412  5360  5435 W GmsStrictMode: 	at bphk.nR(:com.google.android.gms@242335038@24.23.35 (190400-646585959):1)
01-16 19:48:07.412  5360  5435 W GmsStrictMode: 	at bphk.dispatchMessage(:com.google.android.gms@242335038@24.23.35 (190400-646585959):138)
01-16 19:48:07.412  5360  5435 W GmsStrictMode: 	at android.os.Looper.loopOnce(Looper.java:232)
01-16 19:48:07.412  5360  5435 W GmsStrictMode: 	at android.os.Looper.loop(Looper.java:317)
01-16 19:48:07.412  5360  5435 W GmsStrictMode: 	at android.app.ActivityThread.main(ActivityThread.java:8705)
01-16 19:48:07.412  5360  5435 W GmsStrictMode: 	at java.lang.reflect.Method.invoke(Native Method)
01-16 19:48:07.412  5360  5435 W GmsStrictMode: 	at com.android.internal.os.RuntimeInit$MethodAndArgsCaller.run(RuntimeInit.java:580)
01-16 19:48:07.412  5360  5435 W GmsStrictMode: 	at com.android.internal.os.ZygoteInit.main(ZygoteInit.java:886)
01-16 19:48:07.412  5360  5435 W GmsStrictMode: DISK_READ [CONTEXT service_id=256 ]
01-16 19:48:07.412  5360  5435 W GmsStrictMode: android.os.strictmode.DiskReadViolation
01-16 19:48:07.412  5360  5435 W GmsStrictMode: 	at android.os.StrictMode$AndroidBlockGuardPolicy.onReadFromDisk(StrictMode.java:1683)
01-16 19:48:07.412  5360  5435 W GmsStrictMode: 	at libcore.io.BlockGuardOs.fstat(BlockGuardOs.java:194)
01-16 19:48:07.412  5360  5435 W GmsStrictMode: 	at libcore.io.ForwardingOs.fstat(ForwardingOs.java:261)
01-16 19:48:07.412  5360  5435 W GmsStrictMode: 	at libcore.io.IoBridge.open(IoBridge.java:563)
01-16 19:48:07.412  5360  5435 W GmsStrictMode: 	at java.io.FileInputStream.<init>(FileInputStream.java:179)
01-16 19:48:07.412  5360  5435 W GmsStrictMode: 	at bkjw.a(:com.google.android.gms@242335038@24.23.35 (190400-646585959):122)
01-16 19:48:07.412  5360  5435 W GmsStrictMode: 	at eory.a(:com.google.android.gms@242335038@24.23.35 (190400-646585959):14)
01-16 19:48:07.412  5360  5435 W GmsStrictMode: 	at bkjz.a(:com.google.android.gms@242335038@24.23.35 (190400-646585959):31)
01-16 19:48:07.412  5360  5435 W GmsStrictMode: 	at bkay.r(:com.google.android.gms@242335038@24.23.35 (190400-646585959):18)
01-16 19:48:07.412  5360  5435 W GmsStrictMode: 	at bkay.j(:com.google.android.gms@242335038@24.23.35 (190400-646585959):291)
01-16 19:48:07.412  5360  5435 W GmsStrictMode: 	at bkay.i(:com.google.android.gms@242335038@24.23.35 (190400-646585959):9)
01-16 19:48:07.412  5360  5435 W GmsStrictMode: 	at bkay.q(:com.google.android.gms@242335038@24.23.35 (190400-646585959):2)
01-16 19:48:07.412  5360  5435 W GmsStrictMode: 	at bkhv.g(:com.google.android.gms@242335038@24.23.35 (190400-646585959):91)
01-16 19:48:07.412  5360  5435 W GmsStrictMode: 	at bkhq.a(:com.google.android.gms@242335038@24.23.35 (190400-646585959):5)
01-16 19:48:07.412  5360  5435 W GmsStrictMode: 	at bjzj.a(:com.google.android.gms@242335038@24.23.35 (190400-646585959):5)
01-16 19:48:07.412  5360  5435 W GmsStrictMode: 	at bhwk.e(:com.google.android.gms@242335038@24.23.35 (190400-646585959):187)
01-16 19:48:07.412  5360  5435 W GmsStrictMode: 	at bhwk.b(:com.google.android.gms@242335038@24.23.35 (190400-646585959):37)
01-16 19:48:07.412  5360  5435 W GmsStrictMode: 	at bhvr.ie(:com.google.android.gms@242335038@24.23.35 (190400-646585959):112)
01-16 19:48:07.412  5360  5435 W GmsStrictMode: 	at dkje.run(:com.google.android.gms@242335038@24.23.35 (190400-646585959):18)
01-16 19:48:07.412  5360  5435 W GmsStrictMode: 	at anga.c(:com.google.android.gms@242335038@24.23.35 (190400-646585959):12)
01-16 19:48:07.412  5360  5435 W GmsStrictMode: 	at bbqs.run(:com.google.android.gms@242335038@24.23.35 (190400-646585959):5)
01-16 19:48:07.412  5360  5435 W GmsStrictMode: 	at android.os.Handler.handleCallback(Handler.java:959)
01-16 19:48:07.412  5360  5435 W GmsStrictMode: 	at android.os.Handler.dispatchMessage(Handler.java:100)
01-16 19:48:07.412  5360  5435 W GmsStrictMode: 	at bphk.nR(:com.google.android.gms@242335038@24.23.35 (190400-646585959):1)
01-16 19:48:07.412  5360  5435 W GmsStrictMode: 	at bphk.dispatchMessage(:com.google.android.gms@242335038@24.23.35 (190400-646585959):138)
01-16 19:48:07.412  5360  5435 W GmsStrictMode: 	at android.os.Looper.loopOnce(Looper.java:232)
01-16 19:48:07.412  5360  5435 W GmsStrictMode: 	at android.os.Looper.loop(Looper.java:317)
01-16 19:48:07.412  5360  5435 W GmsStrictMode: 	at android.app.ActivityThread.main(ActivityThread.java:8705)
01-16 19:48:07.412  5360  5435 W GmsStrictMode: 	at java.lang.reflect.Method.invoke(Native Method)
01-16 19:48:07.412  5360  5435 W GmsStrictMode: 	at com.android.internal.os.RuntimeInit$MethodAndArgsCaller.run(RuntimeInit.java:580)
01-16 19:48:07.412  5360  5435 W GmsStrictMode: 	at com.android.internal.os.ZygoteInit.main(ZygoteInit.java:886)
01-16 19:48:07.412  5360  5435 W GmsStrictMode: DISK_READ [CONTEXT service_id=256 ]
01-16 19:48:07.412  5360  5435 W GmsStrictMode: android.os.strictmode.DiskReadViolation
01-16 19:48:07.412  5360  5435 W GmsStrictMode: 	at android.os.StrictMode$AndroidBlockGuardPolicy.onReadFromDisk(StrictMode.java:1683)
01-16 19:48:07.412  5360  5435 W GmsStrictMode: 	at libcore.io.BlockGuardOs.read(BlockGuardOs.java:324)
01-16 19:48:07.412  5360  5435 W GmsStrictMode: 	at libcore.io.ForwardingOs.read(ForwardingOs.java:613)
01-16 19:48:07.412  5360  5435 W GmsStrictMode: 	at libcore.io.IoBridge.read(IoBridge.java:604)
01-16 19:48:07.412  5360  5435 W GmsStrictMode: 	at java.io.FileInputStream.read(FileInputStream.java:353)
01-16 19:48:07.412  5360  5435 W GmsStrictMode: 	at fkeu.U(:com.google.android.gms@242335038@24.23.35 (190400-646585959):1)
01-16 19:48:07.412  5360  5435 W GmsStrictMode: 	at fkeu.Y(:com.google.android.gms@242335038@24.23.35 (190400-646585959):65)
01-16 19:48:07.412  5360  5435 W GmsStrictMode: 	at fkeu.D(:com.google.android.gms@242335038@24.23.35 (190400-646585959):8)
01-16 19:48:07.412  5360  5435 W GmsStrictMode: 	at bkjw.a(:com.google.android.gms@242335038@24.23.35 (190400-646585959):129)
01-16 19:48:07.412  5360  5435 W GmsStrictMode: 	at eory.a(:com.google.android.gms@242335038@24.23.35 (190400-646585959):14)
01-16 19:48:07.412  5360  5435 W GmsStrictMode: 	at bkjz.a(:com.google.android.gms@242335038@24.23.35 (190400-646585959):31)
01-16 19:48:07.412  5360  5435 W GmsStrictMode: 	at bkay.r(:com.google.android.gms@242335038@24.23.35 (190400-646585959):18)
01-16 19:48:07.412  5360  5435 W GmsStrictMode: 	at bkay.j(:com.google.android.gms@242335038@24.23.35 (190400-646585959):291)
01-16 19:48:07.412  5360  5435 W GmsStrictMode: 	at bkay.i(:com.google.android.gms@242335038@24.23.35 (190400-646585959):9)
01-16 19:48:07.412  5360  5435 W GmsStrictMode: 	at bkay.q(:com.google.android.gms@242335038@24.23.35 (190400-646585959):2)
01-16 19:48:07.412  5360  5435 W GmsStrictMode: 	at bkhv.g(:com.google.android.gms@242335038@24.23.35 (190400-646585959):91)
01-16 19:48:07.412  5360  5435 W GmsStrictMode: 	at bkhq.a(:com.google.android.gms@242335038@24.23.35 (190400-646585959):5)
01-16 19:48:07.412  5360  5435 W GmsStrictMode: 	at bjzj.a(:com.google.android.gms@242335038@24.23.35 (190400-646585959):5)
01-16 19:48:07.412  5360  5435 W GmsStrictMode: 	at bhwk.e(:com.google.android.gms@242335038@24.23.35 (190400-646585959):187)
01-16 19:48:07.412  5360  5435 W GmsStrictMode: 	at bhwk.b(:com.google.android.gms@242335038@24.23.35 (190400-646585959):37)
01-16 19:48:07.412  5360  5435 W GmsStrictMode: 	at bhvr.ie(:com.google.android.gms@242335038@24.23.35 (190400-646585959):112)
01-16 19:48:07.412  5360  5435 W GmsStrictMode: 	at dkje.run(:com.google.android.gms@242335038@24.23.35 (190400-646585959):18)
01-16 19:48:07.412  5360  5435 W GmsStrictMode: 	at anga.c(:com.google.android.gms@242335038@24.23.35 (190400-646585959):12)
01-16 19:48:07.412  5360  5435 W GmsStrictMode: 	at bbqs.run(:com.google.android.gms@242335038@24.23.35 (190400-646585959):5)
01-16 19:48:07.412  5360  5435 W GmsStrictMode: 	at android.os.Handler.handleCallback(Handler.java:959)
01-16 19:48:07.412  5360  5435 W GmsStrictMode: 	at android.os.Handler.dispatchMessage(Handler.java:100)
01-16 19:48:07.412  5360  5435 W GmsStrictMode: 	at bphk.nR(:com.google.android.gms@242335038@24.23.35 (190400-646585959):1)
01-16 19:48:07.412  5360  5435 W GmsStrictMode: 	at bphk.dispatchMessage(:com.google.android.gms@242335038@24.23.35 (190400-646585959):138)
01-16 19:48:07.412  5360  5435 W GmsStrictMode: 	at android.os.Looper.loopOnce(Looper.java:232)
01-16 19:48:07.412  5360  5435 W GmsStrictMode: 	at android.os.Looper.loop(Looper.java:317)
01-16 19:48:07.412  5360  5435 W GmsStrictMode: 	at android.app.ActivityThread.main(ActivityThread.java:8705)
01-16 19:48:07.412  5360  5435 W GmsStrictMode: 	at java.lang.reflect.Method.invoke(Native Method)
01-16 19:48:07.412  5360  5435 W GmsStrictMode: 	at com.android.internal.os.RuntimeInit$MethodAndArgsCaller.run(RuntimeInit.java:580)
01-16 19:48:07.412  5360  5435 W GmsStrictMode: 	at com.android.internal.os.ZygoteInit.main(ZygoteInit.java:886)
01-16 19:48:07.412  5360  6488 I Icing   : Indexing done com.google.android.gms-apps
01-16 19:48:07.425   569  4478 D PackageManager: Instant App installer not found with android.intent.action.INSTALL_INSTANT_APP_PACKAGE
01-16 19:48:07.425   569  4478 D PackageManager: Clear ephemeral installer activity
01-16 19:48:07.425   569  4393 D ShortcutService: rescanPackageIfNeeded 0@com.google.android.apps.docs, forceRescan=false , isNewApp=false
01-16 19:48:07.449   569  1686 D ConnectivityService: requestNetwork for uid/pid:10145/6260 activeRequest: null callbackRequest: 211 [NetworkRequest [ REQUEST id=212, [ Capabilities: INTERNET&NOT_RESTRICTED&TRUSTED&NOT_VCN_MANAGED&NOT_BANDWIDTH_CONSTRAINED Uid: 10145 RequestorUid: 10145 RequestorPkg: com.android.chrome UnderlyingNetworks: Null] ]] callback flags: 0 order: 2147483647 isUidTracked: false
01-16 19:48:07.452  6533  6560 W PhClient: Shared storage file not found for com.google.android.apps.drive_editors.android#com.google.android.apps.docs
01-16 19:48:07.453   569   717 D WifiNetworkFactory: got request NetworkRequest [ REQUEST id=212, [ Capabilities: INTERNET&NOT_RESTRICTED&TRUSTED&NOT_VCN_MANAGED&NOT_BANDWIDTH_CONSTRAINED Uid: 10145 RequestorUid: 10145 RequestorPkg: com.android.chrome UnderlyingNetworks: Null] ]
01-16 19:48:07.454   569   717 D UntrustedWifiNetworkFactory: got request NetworkRequest [ REQUEST id=212, [ Capabilities: INTERNET&NOT_RESTRICTED&TRUSTED&NOT_VCN_MANAGED&NOT_BANDWIDTH_CONSTRAINED Uid: 10145 RequestorUid: 10145 RequestorPkg: com.android.chrome UnderlyingNetworks: Null] ]
01-16 19:48:07.454   569   717 D OemPaidWifiNetworkFactory: got request NetworkRequest [ REQUEST id=212, [ Capabilities: INTERNET&NOT_RESTRICTED&TRUSTED&NOT_VCN_MANAGED&NOT_BANDWIDTH_CONSTRAINED Uid: 10145 RequestorUid: 10145 RequestorPkg: com.android.chrome UnderlyingNetworks: Null] ]
01-16 19:48:07.454   569   717 D MultiInternetWifiNetworkFactory: got request NetworkRequest [ REQUEST id=212, [ Capabilities: INTERNET&NOT_RESTRICTED&TRUSTED&NOT_VCN_MANAGED&NOT_BANDWIDTH_CONSTRAINED Uid: 10145 RequestorUid: 10145 RequestorPkg: com.android.chrome UnderlyingNetworks: Null] ]
01-16 19:48:07.454   569   724 D ConnectivityService: NetReassign [212 : null  101] [c 0] [a 0] [i 2]
01-16 19:48:07.454  6533  6556 D nativeloader: Load /product/app/Drive/Drive.apk!/lib/arm64-v8a/libnative_crash_handler_jni.so using ns product-clns-7 from class loader (caller=/product/app/Drive/Drive.apk!classes2.dex): ok
01-16 19:48:07.457   569   724 D ConnectivityService: NetReassign [no changes] [c 0] [a 2] [i 1]
01-16 19:48:07.460  6533  6560 W PhClient: Shared storage file not found for com.google.android.libraries.performance.primes#com.google.android.apps.docs
01-16 19:48:07.465  6533  6567 E DocsApplication: from onCreate Completable for sending summary about blocked SyncRequests
01-16 19:48:07.465  6533  6567 E DocsApplication: java.lang.IllegalStateException
01-16 19:48:07.465  6533  6567 E DocsApplication: 	at flf.i(PG:64)
01-16 19:48:07.465  6533  6567 E DocsApplication: 	at eyt.lambda$onCreate$3$com-google-android-apps-docs-DocsApplication(PG:279)
01-16 19:48:07.465  6533  6567 E DocsApplication: 	at eyq.run(PG:208)
01-16 19:48:07.465  6533  6567 E DocsApplication: 	at uqj.fw(PG:13)
01-16 19:48:07.465  6533  6567 E DocsApplication: 	at unt.d(PG:3)
01-16 19:48:07.465  6533  6567 E DocsApplication: 	at uqs$a.run(PG:3)
01-16 19:48:07.465  6533  6567 E DocsApplication: 	at uoe$a.run(PG:10)
01-16 19:48:07.465  6533  6567 E DocsApplication: 	at uuu.run(PG:14)
01-16 19:48:07.465  6533  6567 E DocsApplication: 	at uuu.call(PG:1)
01-16 19:48:07.465  6533  6567 E DocsApplication: 	at java.util.concurrent.FutureTask.run(FutureTask.java:264)
01-16 19:48:07.465  6533  6567 E DocsApplication: 	at java.util.concurrent.ScheduledThreadPoolExecutor$ScheduledFutureTask.run(ScheduledThreadPoolExecutor.java:307)
01-16 19:48:07.465  6533  6567 E DocsApplication: 	at java.util.concurrent.ThreadPoolExecutor.runWorker(ThreadPoolExecutor.java:1145)
01-16 19:48:07.465  6533  6567 E DocsApplication: 	at java.util.concurrent.ThreadPoolExecutor$Worker.run(ThreadPoolExecutor.java:644)
01-16 19:48:07.465  6533  6567 E DocsApplication: 	at java.lang.Thread.run(Thread.java:1012)
01-16 19:48:07.481   569  4393 I AppWidgetServiceImpl: getAppWidgetIds() 0
01-16 19:48:07.482   569  4473 I AppWidgetServiceImpl: getInstalledProvidersForProfiles() 0
01-16 19:48:07.484   569  4473 I AppWidgetServiceImpl: notifyProviderInheritance() 0
01-16 19:48:07.485  5238  6299 I FontLog : Received query Noto Color Emoji Compat, URI content://com.google.android.gms.fonts [CONTEXT service_id=132 ]
01-16 19:48:07.486   569  4393 D ConnectivityService: requestNetwork for uid/pid:10159/6533 activeRequest: null callbackRequest: 214 [NetworkRequest [ REQUEST id=215, [ Capabilities: INTERNET&NOT_RESTRICTED&TRUSTED&NOT_VCN_MANAGED&NOT_BANDWIDTH_CONSTRAINED Uid: 10159 RequestorUid: 10159 RequestorPkg: com.google.android.apps.docs UnderlyingNetworks: Null] ]] callback flags: 0 order: 2147483647 isUidTracked: false
01-16 19:48:07.486  5238  6299 I FontLog : Query [Noto Color Emoji Compat] resolved to {Noto Color Emoji Compat, wdth 100.0, wght 400, ital 0.0, bestEffort false} [CONTEXT service_id=132 ]
01-16 19:48:07.488   569   724 D ConnectivityService: NetReassign [215 : null  101] [c 0] [a 0] [i 1]
01-16 19:48:07.488   569   717 D WifiNetworkFactory: got request NetworkRequest [ REQUEST id=215, [ Capabilities: INTERNET&NOT_RESTRICTED&TRUSTED&NOT_VCN_MANAGED&NOT_BANDWIDTH_CONSTRAINED Uid: 10159 RequestorUid: 10159 RequestorPkg: com.google.android.apps.docs UnderlyingNetworks: Null] ]
01-16 19:48:07.488   569   717 D UntrustedWifiNetworkFactory: got request NetworkRequest [ REQUEST id=215, [ Capabilities: INTERNET&NOT_RESTRICTED&TRUSTED&NOT_VCN_MANAGED&NOT_BANDWIDTH_CONSTRAINED Uid: 10159 RequestorUid: 10159 RequestorPkg: com.google.android.apps.docs UnderlyingNetworks: Null] ]
01-16 19:48:07.488   569   717 D OemPaidWifiNetworkFactory: got request NetworkRequest [ REQUEST id=215, [ Capabilities: INTERNET&NOT_RESTRICTED&TRUSTED&NOT_VCN_MANAGED&NOT_BANDWIDTH_CONSTRAINED Uid: 10159 RequestorUid: 10159 RequestorPkg: com.google.android.apps.docs UnderlyingNetworks: Null] ]
01-16 19:48:07.488   569   717 D MultiInternetWifiNetworkFactory: got request NetworkRequest [ REQUEST id=215, [ Capabilities: INTERNET&NOT_RESTRICTED&TRUSTED&NOT_VCN_MANAGED&NOT_BANDWIDTH_CONSTRAINED Uid: 10159 RequestorUid: 10159 RequestorPkg: com.google.android.apps.docs UnderlyingNetworks: Null] ]
01-16 19:48:07.488  5238  6299 I FontLog : Fetch {Noto Color Emoji Compat, wdth 100.0, wght 400, ital 0.0, bestEffort false} end status Status{statusCode=SUCCESS, resolution=null} [CONTEXT service_id=132 ]
01-16 19:48:07.489  5238  6299 I FontLog : Pulling font file for id = 8, cache size = 8 [CONTEXT service_id=132 ]
01-16 19:48:07.489   569  4473 D FileUtils: Rounded bytes from 2070597632 to 4000000000
01-16 19:48:07.490  5238  5508 I FontLog : Pulling font file for id = 8, cache size = 8 [CONTEXT service_id=132 ]
01-16 19:48:07.498   569  4473 D FileUtils: Rounded bytes from 2070597632 to 4000000000
01-16 19:48:07.498  6465  6499 I ProvidersCache: Provider returned no roots. Possibly naughty: com.google.android.apps.docs.storage
01-16 19:48:07.505  5238  5238 W SystemServiceRegistry: No service published for: persistent_data_block
01-16 19:48:07.515  5360  5360 D BoundBrokerSvc: onBind: Intent { act=com.google.android.gms.checkin.START pkg=com.google.android.gms }
01-16 19:48:07.515  5360  5360 D BoundBrokerSvc: Loading bound service for intent: Intent { act=com.google.android.gms.checkin.START pkg=com.google.android.gms }
01-16 19:48:07.519  5360  6206 I Checkin : [CheckinApiChimeraService] onGetService
01-16 19:48:07.530   569   891 D PackageManager: Instant App installer not found with android.intent.action.INSTALL_INSTANT_APP_PACKAGE
01-16 19:48:07.530   569   891 D PackageManager: Clear ephemeral installer activity
01-16 19:48:07.537  6533  6576 W GmsIpProtection: (Possibly expected) - Error changing state for [com.google.android.apps.docs.drive.directsharing.ChooserTargetService, com.google.android.apps.docs.editors.shared.documentcreation.WidgetDocumentCreatorActivity, com.google.android.apps.docs.editors.shared.documentcreation.ExternalDocumentCreatorActivity, com.google.android.apps.docs.editors.shared.widgets.NewDocumentWidgetActivity, com.google.android.apps.docs.editors.shared.export.FileContentProvider, com.google.android.apps.docs.editors.shared.copypaste.AndroidClipboardContentProvider, com.google.android.apps.docs.editors.shared.copypaste.AndroidImageContentProvider, com.google.android.apps.docs.editors.shared.inserttool.clipboard.InsertToolClipboardContentProvider, com.google.android.apps.docs.editors.shared.inserttool.clipboard.InsertToolImageContentProvider, com.google.android.apps.docs.editors.kix.conversion.KixOnlineImportActivity, com.google.android.apps.docs.editors.ritz.conversion.RitzOnlineImportActivity, com.google.android.apps.docs.editors.punch.conversion.PunchOnlineImportActivity]
01-16 19:48:07.538  6533  6576 W GmsIpProtection: (Possibly expected) - Error changing state for [com.google.android.apps.docs.drive.directsharing.ChooserTargetService, com.google.android.apps.docs.editors.shared.documentcreation.WidgetDocumentCreatorActivity, com.google.android.apps.docs.editors.shared.documentcreation.ExternalDocumentCreatorActivity, com.google.android.apps.docs.editors.shared.widgets.NewDocumentWidgetActivity, com.google.android.apps.docs.editors.shared.export.FileContentProvider, com.google.android.apps.docs.editors.shared.copypaste.AndroidClipboardContentProvider, com.google.android.apps.docs.editors.shared.copypaste.AndroidImageContentProvider, com.google.android.apps.docs.editors.shared.inserttool.clipboard.InsertToolClipboardContentProvider, com.google.android.apps.docs.editors.shared.inserttool.clipboard.InsertToolImageContentProvider, com.google.android.apps.docs.editors.kix.conversion.KixOnlineImportActivity, com.google.android.apps.docs.editors.ritz.conversion.RitzOnlineImportActivity, com.google.android.apps.docs.editors.punch.conversion.PunchOnlineImportActivity]
01-16 19:48:07.539  6533  6560 W PhClient: Shared storage file not found for com.google.android.libraries.consentverifier#com.google.android.apps.docs
01-16 19:48:07.539  6533  6560 W Phlogger: Shared storage file not found for com.google.android.libraries.consentverifier#com.google.android.apps.docs
01-16 19:48:07.564  5238  5245 W .gms.persistent: ApkAssets: Deleting an ApkAssets object '<empty> and /product/priv-app/WellbeingPrebuilt/WellbeingPrebuilt.apk' with 1 weak references
01-16 19:48:07.569  5238  5242 W .gms.persistent: Missing inline cache for void aldi.c(android.content.Context, fkgb)
01-16 19:48:07.569  5238  5242 W .gms.persistent: Missing inline cache for void aldi.c(android.content.Context, fkgb)
01-16 19:48:07.569  5238  5242 W .gms.persistent: Missing inline cache for void aldi.c(android.content.Context, fkgb)
01-16 19:48:07.569  5238  5242 W .gms.persistent: Missing inline cache for void aldi.c(android.content.Context, fkgb)
01-16 19:48:07.569  5238  5242 W .gms.persistent: Missing inline cache for void aldi.c(android.content.Context, fkgb)
01-16 19:48:07.569  5238  5242 W .gms.persistent: Missing inline cache for void aldi.c(android.content.Context, fkgb)
01-16 19:48:07.569  5238  5242 W .gms.persistent: Missing inline cache for void aldi.c(android.content.Context, fkgb)
01-16 19:48:07.569  5238  5242 W .gms.persistent: Missing inline cache for void aldi.c(android.content.Context, fkgb)
01-16 19:48:07.782  5726  5733 W .apps.wellbeing: ApkAssets: Deleting an ApkAssets object '<empty> and /product/app/YouTube/YouTube.apk' with 1 weak references
01-16 19:48:07.782  5726  5733 W .apps.wellbeing: ApkAssets: Deleting an ApkAssets object '<empty> and /product/overlay/DisplayCutoutEmulationCorner/DisplayCutoutEmulationCornerOverlay.apk' with 1 weak references
01-16 19:48:07.782  5726  5733 W .apps.wellbeing: ApkAssets: Deleting an ApkAssets object '<empty> and /apex/com.android.extservices/priv-app/GoogleExtServices@350820300/GoogleExtServices.apk' with 1 weak references
01-16 19:48:07.782  5726  5733 W .apps.wellbeing: ApkAssets: Deleting an ApkAssets object '<empty> and /product/overlay/DisplayCutoutEmulationDouble/DisplayCutoutEmulationDoubleOverlay.apk' with 1 weak references
01-16 19:48:07.782  5726  5733 W .apps.wellbeing: ApkAssets: Deleting an ApkAssets object '<empty> and /system/priv-app/TelephonyProvider/TelephonyProvider.apk' with 1 weak references
01-16 19:48:07.782  5726  5733 W .apps.wellbeing: ApkAssets: Deleting an ApkAssets object '/product/overlay/TelephonyProvider__sdk_gphone64_arm64__auto_generated_rro_product.apk' with 1 weak references
01-16 19:48:07.782  5726  5733 W .apps.wellbeing: ApkAssets: Deleting an ApkAssets object '<empty> and /system/priv-app/DynamicSystemInstallationService/DynamicSystemInstallationService.apk' with 1 weak references
01-16 19:48:07.782  5726  5733 W .apps.wellbeing: ApkAssets: Deleting an ApkAssets object '<empty> and /data/app/~~osPgAidCsy1ziAv9IeVq3w==/io.appium.settings-BcNEy7T5IxObP-aZrZ905g==/base.apk' with 1 weak references
01-16 19:48:07.782  5726  5733 W .apps.wellbeing: ApkAssets: Deleting an ApkAssets object '<empty> and /product/priv-app/Velvet/Velvet.apk' with 1 weak references
01-16 19:48:07.782  5726  5733 W .apps.wellbeing: ApkAssets: Deleting an ApkAssets object '<empty> and /system/priv-app/CalendarProvider/CalendarProvider.apk' with 1 weak references
01-16 19:48:07.782  5726  5733 W .apps.wellbeing: ApkAssets: Deleting an ApkAssets object '<empty> and /product/priv-app/GoogleOneTimeInitializer/GoogleOneTimeInitializer.apk' with 1 weak references
01-16 19:48:07.783  5726  5733 W .apps.wellbeing: ApkAssets: Deleting an ApkAssets object '<empty> and /system/app/GoogleExtShared/GoogleExtShared.apk' with 1 weak references
01-16 19:48:07.783  5726  5733 W .apps.wellbeing: ApkAssets: Deleting an ApkAssets object '<empty> and /system/priv-app/ExternalStorageProvider/ExternalStorageProvider.apk' with 1 weak references
01-16 19:48:07.783  5726  5733 W .apps.wellbeing: ApkAssets: Deleting an ApkAssets object '<empty> and /system/app/HTMLViewer/HTMLViewer.apk' with 1 weak references
01-16 19:48:07.783  5726  5733 W .apps.wellbeing: ApkAssets: Deleting an ApkAssets object '<empty> and /system/app/CompanionDeviceManager/CompanionDeviceManager.apk' with 1 weak references
01-16 19:48:07.783  5726  5733 W .apps.wellbeing: ApkAssets: Deleting an ApkAssets object '<empty> and /system/priv-app/DownloadProvider/DownloadProvider.apk' with 1 weak references
01-16 19:48:07.783  5726  5733 W .apps.wellbeing: ApkAssets: Deleting an ApkAssets object '<empty> and /product/priv-app/PrebuiltBugle/PrebuiltBugle.apk' with 1 weak references
01-16 19:48:07.784  5726  5733 W .apps.wellbeing: ApkAssets: Deleting an ApkAssets object '<empty> and /product/app/SoundPickerPrebuilt/SoundPickerPrebuilt.apk' with 1 weak references
01-16 19:48:07.784  5726  5733 W .apps.wellbeing: ApkAssets: Deleting an ApkAssets object '<empty> and /apex/com.android.mediaprovider/priv-app/MediaProviderGoogle@350820300/MediaProviderGoogle.apk' with 1 weak references
01-16 19:48:07.784  5726  5733 W .apps.wellbeing: ApkAssets: Deleting an ApkAssets object '<empty> and /product/priv-app/SafetyHubPrebuilt/SafetyHubPrebuilt.apk' with 1 weak references
01-16 19:48:07.784  5726  5733 W .apps.wellbeing: ApkAssets: Deleting an ApkAssets object '<empty> and /system/priv-app/DownloadProviderUi/DownloadProviderUi.apk' with 1 weak references
01-16 19:48:07.784  5726  5733 W .apps.wellbeing: ApkAssets: Deleting an ApkAssets object '<empty> and /apex/com.android.wifi/app/OsuLoginGoogle@350820300/OsuLoginGoogle.apk' with 1 weak references
01-16 19:48:07.784  5726  5733 W .apps.wellbeing: ApkAssets: Deleting an ApkAssets object '<empty> and /system/app/PacProcessor/PacProcessor.apk' with 1 weak references
01-16 19:48:07.784  5726  5733 W .apps.wellbeing: ApkAssets: Deleting an ApkAssets object '<empty> and /system/app/SimAppDialog/SimAppDialog.apk' with 1 weak references
01-16 19:48:07.784  5726  5733 W .apps.wellbeing: ApkAssets: Deleting an ApkAssets object '/product/overlay/SimAppDialog__sdk_gphone64_arm64__auto_generated_rro_product.apk' with 1 weak references
01-16 19:48:07.784  5726  5733 W .apps.wellbeing: ApkAssets: Deleting an ApkAssets object '<empty> and /apex/com.android.adservices/priv-app/AdServicesApkGoogle@350820260/AdServicesApkGoogle.apk' with 1 weak references
01-16 19:48:07.784  5726  5733 W .apps.wellbeing: ApkAssets: Deleting an ApkAssets object '<empty> and /product/overlay/DisplayCutoutEmulationHole/DisplayCutoutEmulationHoleOverlay.apk' with 1 weak references
01-16 19:48:07.784  5726  5733 W .apps.wellbeing: ApkAssets: Deleting an ApkAssets object '<empty> and /product/overlay/DisplayCutoutEmulationTall/DisplayCutoutEmulationTallOverlay.apk' with 1 weak references
01-16 19:48:07.784  5726  5733 W .apps.wellbeing: ApkAssets: Deleting an ApkAssets object '<empty> and /system/app/CertInstaller/CertInstaller.apk' with 1 weak references
01-16 19:48:07.784  5726  5733 W .apps.wellbeing: ApkAssets: Deleting an ApkAssets object '<empty> and /product/app/talkback/talkback.apk' with 1 weak references
01-16 19:48:07.784  5726  5733 W .apps.wellbeing: ApkAssets: Deleting an ApkAssets object '/vendor/overlay/EmulatorTalkBackOverlay/EmulatorTalkBackOverlay.apk' with 1 weak references
01-16 19:48:07.784  5726  5733 W .apps.wellbeing: ApkAssets: Deleting an ApkAssets object '<empty> and /product/overlay/NavigationBarMode3Button/NavigationBarMode3ButtonOverlay.apk' with 1 weak references
01-16 19:48:07.784  5726  5733 W .apps.wellbeing: ApkAssets: Deleting an ApkAssets object '<empty> and /product/app/Camera2/Camera2.apk' with 1 weak references
01-16 19:48:07.784  5726  5733 W .apps.wellbeing: ApkAssets: Deleting an ApkAssets object '<empty> and /system/app/EasterEgg/EasterEgg.apk' with 1 weak references
01-16 19:48:07.784  5726  5733 W .apps.wellbeing: ApkAssets: Deleting an ApkAssets object '<empty> and /system/priv-app/MtpService/MtpService.apk' with 1 weak references
01-16 19:48:07.784  5726  5733 W .apps.wellbeing: ApkAssets: Deleting an ApkAssets object '<empty> and /apex/com.android.nfcservices/priv-app/NfcNciApexGoogle@AE3A.240806.043/NfcNciApexGoogle.apk' with 1 weak references
01-16 19:48:07.785  5726  5733 W .apps.wellbeing: ApkAssets: Deleting an ApkAssets object '<empty> and /system/app/Stk/Stk.apk' with 1 weak references
01-16 19:48:07.785  5726  5733 W .apps.wellbeing: ApkAssets: Deleting an ApkAssets object '<empty> and /product/app/PrebuiltDeskClockGoogle/PrebuiltDeskClockGoogle.apk' with 1 weak references
01-16 19:48:07.785  5726  5733 W .apps.wellbeing: ApkAssets: Deleting an ApkAssets object '<empty> and /product/overlay/NavigationBarMode2Button/NavigationBarMode2ButtonOverlay.apk' with 1 weak references
01-16 19:48:07.785  5726  5733 W .apps.wellbeing: ApkAssets: Deleting an ApkAssets object '<empty> and /product/priv-app/DevicePersonalizationPrebuiltPixel2021-aiai_20240329.00_RC16/DevicePersonalizationPrebuiltPixel2021-aiai_20240329.00_RC16.apk' with 1 weak references
01-16 19:48:07.785  5726  5733 W .apps.wellbeing: ApkAssets: Deleting an ApkAssets object '<empty> and /product/app/PrebuiltGmail/PrebuiltGmail.apk' with 1 weak references
01-16 19:48:07.785  5726  5733 W .apps.wellbeing: ApkAssets: Deleting an ApkAssets object '<empty> and /apex/com.android.permission/priv-app/GooglePermissionController@350820360/GooglePermissionController.apk' with 1 weak references
01-16 19:48:07.785  5726  5733 W .apps.wellbeing: ApkAssets: Deleting an ApkAssets object '/product/overlay/GooglePermissionControllerOverlay.apk' with 1 weak references
01-16 19:48:07.785  5726  5733 W .apps.wellbeing: ApkAssets: Deleting an ApkAssets object '<empty> and /apex/com.android.btservices/app/BluetoothGoogle@342010060/BluetoothGoogle.apk' with 1 weak references
01-16 19:48:07.785  5726  5733 W .apps.wellbeing: ApkAssets: Deleting an ApkAssets object '<empty> and /system/priv-app/SettingsProvider/SettingsProvider.apk' with 1 weak references
01-16 19:48:07.785  5726  5733 W .apps.wellbeing: ApkAssets: Deleting an ApkAssets object '/product/overlay/LargeScreenSettingsProviderOverlay.apk' with 1 weak references
01-16 19:48:07.785  5726  5733 W .apps.wellbeing: ApkAssets: Deleting an ApkAssets object '/product/overlay/SettingsProvider__sdk_gphone64_arm64__auto_generated_rro_product.apk' with 1 weak references
01-16 19:48:07.785  5726  5733 W .apps.wellbeing: ApkAssets: Deleting an ApkAssets object '<empty> and /system/app/PrintSpooler/PrintSpooler.apk' with 1 weak references
01-16 19:48:07.785  5726  5733 W .apps.wellbeing: ApkAssets: Deleting an ApkAssets object '<empty> and /system/app/BasicDreams/BasicDreams.apk' with 1 weak references
01-16 19:48:07.785  5726  5733 W .apps.wellbeing: ApkAssets: Deleting an ApkAssets object '<empty> and /product/priv-app/DeviceIntelligenceNetworkPrebuilt-astrea_20240329.00_RC02/DeviceIntelligenceNetworkPrebuilt-astrea_20240329.00_RC02.apk' with 1 weak references
01-16 19:48:07.785  5726  5733 W .apps.wellbeing: ApkAssets: Deleting an ApkAssets object '<empty> and /system/priv-app/InputDevices/InputDevices.apk' with 1 weak references
01-16 19:48:07.785  5726  5733 W .apps.wellbeing: ApkAssets: Deleting an ApkAssets object '<empty> and /apex/com.android.devicelock/priv-app/DeviceLockControllerGoogle@AE3A.240806.043/DeviceLockControllerGoogle.apk' with 1 weak references
01-16 19:48:07.786  5726  5733 W .apps.wellbeing: ApkAssets: Deleting an ApkAssets object '<empty> and /product/priv-app/GoogleDialer/GoogleDialer.apk' with 1 weak references
01-16 19:48:07.786  5726  5733 W .apps.wellbeing: ApkAssets: Deleting an ApkAssets object '<empty> and /system/priv-app/BuiltInPrintService/BuiltInPrintService.apk' with 1 weak references
01-16 19:48:07.786  5726  5733 W .apps.wellbeing: ApkAssets: Deleting an ApkAssets object '/product/overlay/BuiltInPrintService__sdk_gphone64_arm64__auto_generated_rro_product.apk' with 1 weak references
01-16 19:48:07.786  5726  5733 W .apps.wellbeing: ApkAssets: Deleting an ApkAssets object '<empty> and /system/app/CaptivePortalLoginGoogle/CaptivePortalLoginGoogle.apk' with 1 weak references
01-16 19:48:07.786  5726  5733 W .apps.wellbeing: ApkAssets: Deleting an ApkAssets object '<empty> and /system/priv-app/MusicFX/MusicFX.apk' with 1 weak references
01-16 19:48:07.786  5726  5733 W .apps.wellbeing: ApkAssets: Deleting an ApkAssets object '<empty> and /product/app/Drive/Drive.apk' with 1 weak references
01-16 19:48:07.787  5726  5733 W .apps.wellbeing: ApkAssets: Deleting an ApkAssets object '<empty> and /product/app/Maps/Maps.apk' with 1 weak references
01-16 19:48:07.787  5726  5733 W .apps.wellbeing: ApkAssets: Deleting an ApkAssets object '<empty> and /product/app/ModuleMetadataGoogle/ModuleMetadataGoogle.apk' with 1 weak references
01-16 19:48:07.787  5726  5733 W .apps.wellbeing: ApkAssets: Deleting an ApkAssets object '<empty> and /product/overlay/DisplayCutoutEmulationEmu01/DisplayCutoutEmulationEmu01Overlay.apk' with 1 weak references
01-16 19:48:07.787  5726  5733 W .apps.wellbeing: ApkAssets: Deleting an ApkAssets object '<empty> and /system_ext/priv-app/AvatarPickerGoogle/AvatarPickerGoogle.apk' with 1 weak references
01-16 19:48:07.787  5726  5733 W .apps.wellbeing: ApkAssets: Deleting an ApkAssets object '<empty> and /product/app/MarkupGoogle_v2/MarkupGoogle_v2.apk' with 1 weak references
01-16 19:48:07.787  5726  5733 W .apps.wellbeing: ApkAssets: Deleting an ApkAssets object '<empty> and /system/priv-app/NetworkStackGoogle/NetworkStackGoogle.apk' with 1 weak references
01-16 19:48:07.787  5726  5733 W .apps.wellbeing: ApkAssets: Deleting an ApkAssets object '<empty> and /apex/com.android.rkpd/priv-app/rkpdapp.google@350820300/rkpdapp.google.apk' with 1 weak references
01-16 19:48:07.787  5726  5733 W .apps.wellbeing: ApkAssets: Deleting an ApkAssets object '<empty> and /product/app/GoogleContacts/GoogleContacts.apk' with 1 weak references
01-16 19:48:07.788  5726  5733 W .apps.wellbeing: ApkAssets: Deleting an ApkAssets object '<empty> and /system/priv-app/Telecom/Telecom.apk' with 1 weak references
01-16 19:48:07.788  5726  5733 W .apps.wellbeing: ApkAssets: Deleting an ApkAssets object '/product/overlay/Telecom__sdk_gphone64_arm64__auto_generated_rro_product.apk' with 1 weak references
01-16 19:48:07.788  5726  5733 W .apps.wellbeing: ApkAssets: Deleting an ApkAssets object '<empty> and /system/app/KeyChain/KeyChain.apk' with 1 weak references
01-16 19:48:07.788  5726  5733 W .apps.wellbeing: ApkAssets: Deleting an ApkAssets object '<empty> and /data/app/~~F-FIFR6euvZXZdlGc3IOUg==/com.android.chrome-lWvjph_RcALt25sRYn0MFA==/Chrome.apk' with 1 weak references
01-16 19:48:07.788  5726  5733 W .apps.wellbeing: ApkAssets: Deleting an ApkAssets object '<empty> and /data/app/~~0taSCBhqTbfNSJRTSp7KQQ==/com.google.android.trichromelibrary_636771932-PLpryk6ZuZEzTsmgkO53Wg==/TrichromeLibrary.apk' with 1 weak references
01-16 19:48:07.788  5726  5733 W .apps.wellbeing: ApkAssets: Deleting an ApkAssets object '<empty> and /system/priv-app/GooglePackageInstaller/GooglePackageInstaller.apk' with 1 weak references
01-16 19:48:07.788  5726  5733 W .apps.wellbeing: ApkAssets: Deleting an ApkAssets object '<empty> and /product/app/PixelThemesStub/PixelThemesStub.apk' with 1 weak references
01-16 19:48:07.788  5726  5733 W .apps.wellbeing: ApkAssets: Deleting an ApkAssets object '<empty> and /system_ext/priv-app/GoogleServicesFramework/GoogleServicesFramework.apk' with 1 weak references
01-16 19:48:07.788  5726  5733 W .apps.wellbeing: ApkAssets: Deleting an ApkAssets object '<empty> and /system/priv-app/TagGoogle/TagGoogle.apk' with 1 weak references
01-16 19:48:07.788  5726  5733 W .apps.wellbeing: ApkAssets: Deleting an ApkAssets object '<empty> and /product/app/GoogleTTS/GoogleTTS.apk' with 1 weak references
01-16 19:48:07.788  5726  5733 W .apps.wellbeing: ApkAssets: Deleting an ApkAssets object '<empty> and /system/priv-app/CallLogBackup/CallLogBackup.apk' with 1 weak references
01-16 19:48:07.789  5726  5733 W .apps.wellbeing: ApkAssets: Deleting an ApkAssets object '<empty> and /product/priv-app/PartnerSetupPrebuilt/PartnerSetupPrebuilt.apk' with 1 weak references
01-16 19:48:07.789  5726  5733 W .apps.wellbeing: ApkAssets: Deleting an ApkAssets object '<empty> and /system/app/CameraExtensionsProxy/CameraExtensionsProxy.apk' with 1 weak references
01-16 19:48:07.789  5726  5733 W .apps.wellbeing: ApkAssets: Deleting an ApkAssets object '<empty> and /product/app/NexusWallpapersStubPrebuilt2018/NexusWallpapersStubPrebuilt2018.apk' with 1 weak references
01-16 19:48:07.789  5726  5733 W .apps.wellbeing: ApkAssets: Deleting an ApkAssets object '<empty> and /system_ext/priv-app/NexusLauncherRelease/NexusLauncherRelease.apk' with 1 weak references
01-16 19:48:07.789  5726  5733 W .apps.wellbeing: ApkAssets: Deleting an ApkAssets object '<empty> and /system/app/CarrierDefaultApp/CarrierDefaultApp.apk' with 1 weak references
01-16 19:48:07.789  5726  5733 W .apps.wellbeing: ApkAssets: Deleting an ApkAssets object '<empty> and /system/priv-app/CredentialManager/CredentialManager.apk' with 1 weak references
01-16 19:48:07.789  5726  5733 W .apps.wellbeing: ApkAssets: Deleting an ApkAssets object '<empty> and /product/overlay/FontNotoSerifSource/FontNotoSerifSourceOverlay.apk' with 1 weak references
01-16 19:48:07.789  5726  5733 W .apps.wellbeing: ApkAssets: Deleting an ApkAssets object '<empty> and /system/priv-app/DeviceAsWebcam/DeviceAsWebcam.apk' with 1 weak references
01-16 19:48:07.789  5726  5733 W .apps.wellbeing: ApkAssets: Deleting an ApkAssets object '<empty> and /system/priv-app/ProxyHandler/ProxyHandler.apk' with 1 weak references
01-16 19:48:07.789  5726  5733 W .apps.wellbeing: ApkAssets: Deleting an ApkAssets object '<empty> and /apex/com.android.permission/priv-app/GoogleSafetyCenterResources@350820360/GoogleSafetyCenterResources.apk' with 1 weak references
01-16 19:48:07.789  5726  5733 W .apps.wellbeing: ApkAssets: Deleting an ApkAssets object '<empty> and /product/overlay/DisplayCutoutEmulationWaterfall/DisplayCutoutEmulationWaterfallOverlay.apk' with 1 weak references
01-16 19:48:07.789  5726  5733 W .apps.wellbeing: ApkAssets: Deleting an ApkAssets object '<empty> and /system/priv-app/IntentResolver/IntentResolver.apk' with 1 weak references
01-16 19:48:07.789  5726  5733 W .apps.wellbeing: ApkAssets: Deleting an ApkAssets object '<empty> and /product/overlay/TransparentNavigationBar/TransparentNavigationBarOverlay.apk' with 1 weak references
01-16 19:48:07.789  5726  5733 W .apps.wellbeing: ApkAssets: Deleting an ApkAssets object '<empty> and /system/priv-app/E2eeContactKeysProvider/E2eeContactKeysProvider.apk' with 1 weak references
01-16 19:48:07.789  5726  5733 W .apps.wellbeing: ApkAssets: Deleting an ApkAssets object '<empty> and /apex/com.android.tethering/priv-app/ServiceConnectivityResourcesGoogle@350820300/ServiceConnectivityResourcesGoogle.apk' with 1 weak references
01-16 19:48:07.789  5726  5733 W .apps.wellbeing: ApkAssets: Deleting an ApkAssets object '/vendor/overlay/goldfish_overlay_connectivity_google.apk' with 1 weak references
01-16 19:48:07.789  5726  5733 W .apps.wellbeing: ApkAssets: Deleting an ApkAssets object '<empty> and /system_ext/priv-app/GoogleFeedback/GoogleFeedback.apk' with 1 weak references
01-16 19:48:07.789  5726  5733 W .apps.wellbeing: ApkAssets: Deleting an ApkAssets object '<empty> and /system/app/GooglePrintRecommendationService/GooglePrintRecommendationService.apk' with 1 weak references
01-16 19:48:07.789  5726  5733 W .apps.wellbeing: ApkAssets: Deleting an ApkAssets object '<empty> and /product/app/Photos/Photos.apk' with 1 weak references
01-16 19:48:07.789  5726  5733 W .apps.wellbeing: ApkAssets: Deleting an ApkAssets object '<empty> and /product/app/CalendarGooglePrebuilt/CalendarGooglePrebuilt.apk' with 1 weak references
01-16 19:48:07.790  5726  5733 W .apps.wellbeing: ApkAssets: Deleting an ApkAssets object '<empty> and /system/priv-app/ManagedProvisioning/ManagedProvisioning.apk' with 1 weak references
01-16 19:48:07.790  5726  5733 W .apps.wellbeing: ApkAssets: Deleting an ApkAssets object '<empty> and /system/priv-app/SoundPicker/SoundPicker.apk' with 1 weak references
01-16 19:48:07.790  5726  5733 W .apps.wellbeing: ApkAssets: Deleting an ApkAssets object '<empty> and /system/priv-app/DocumentsUIGoogle/DocumentsUIGoogle.apk' with 1 weak references
01-16 19:48:07.790  5726  5733 W .apps.wellbeing: ApkAssets: Deleting an ApkAssets object '<empty> and /product/app/PrebuiltGoogleTelemetryTvp/PrebuiltGoogleTelemetryTvp.apk' with 1 weak references
01-16 19:48:07.790  5726  5733 W .apps.wellbeing: ApkAssets: Deleting an ApkAssets object '<empty> and /system_ext/priv-app/MultiDisplayProvider/MultiDisplayProvider.apk' with 1 weak references
01-16 19:48:07.790  5726  5733 W .apps.wellbeing: ApkAssets: Deleting an ApkAssets object '<empty> and /system/priv-app/DeviceDiagnostics/DeviceDiagnostics.apk' with 1 weak references
01-16 19:48:07.790  5726  5733 W .apps.wellbeing: ApkAssets: Deleting an ApkAssets object '/product/overlay/DeviceDiagnostics__sdk_gphone64_arm64__auto_generated_rro_product.apk' with 1 weak references
01-16 19:48:07.790  5726  5733 W .apps.wellbeing: ApkAssets: Deleting an ApkAssets object '<empty> and /product/overlay/NotesRoleEnabled/NotesRoleEnabledOverlay.apk' with 1 weak references
01-16 19:48:07.790  5726  5733 W .apps.wellbeing: ApkAssets: Deleting an ApkAssets object '<empty> and /system/priv-app/LiveWallpapersPicker/LiveWallpapersPicker.apk' with 1 weak references
01-16 19:48:07.790  5726  5733 W .apps.wellbeing: ApkAssets: Deleting an ApkAssets object '<empty> and /product/app/PrebuiltGoogleAdservicesTvp/PrebuiltGoogleAdservicesTvp.apk' with 1 weak references
01-16 19:48:07.790  5726  5733 W .apps.wellbeing: ApkAssets: Deleting an ApkAssets object '<empty> and /apex/com.android.healthfitness/priv-app/HealthConnectControllerGoogle@350820300/HealthConnectControllerGoogle.apk' with 1 weak references
01-16 19:48:07.790  5726  5733 W .apps.wellbeing: ApkAssets: Deleting an ApkAssets object '<empty> and /product/priv-app/KidsSupervisionStub/KidsSupervisionStub.apk' with 1 weak references
01-16 19:48:07.790  5726  5733 W .apps.wellbeing: ApkAssets: Deleting an ApkAssets object '<empty> and /system_ext/priv-app/StorageManager/StorageManager.apk' with 1 weak references
01-16 19:48:07.790  5726  5733 W .apps.wellbeing: ApkAssets: Deleting an ApkAssets object '/product/overlay/StorageManager__sdk_gphone64_arm64__auto_generated_rro_product.apk' with 1 weak references
01-16 19:48:07.790  5726  5733 W .apps.wellbeing: ApkAssets: Deleting an ApkAssets object '<empty> and /system/app/BookmarkProvider/BookmarkProvider.apk' with 1 weak references
01-16 19:48:07.790  5726  5733 W .apps.wellbeing: ApkAssets: Deleting an ApkAssets object '<empty> and /system_ext/priv-app/SettingsGoogle/SettingsGoogle.apk' with 1 weak references
01-16 19:48:07.791  5726  5733 W .apps.wellbeing: ApkAssets: Deleting an ApkAssets object '/product/overlay/SettingsGoogle__sdk_gphone64_arm64__auto_generated_rro_product.apk' with 1 weak references
01-16 19:48:07.791  5726  5733 W .apps.wellbeing: ApkAssets: Deleting an ApkAssets object '<empty> and /product/priv-app/SettingsIntelligenceGooglePrebuilt/SettingsIntelligenceGooglePrebuilt.apk' with 1 weak references
01-16 19:48:07.791  5726  5733 W .apps.wellbeing: ApkAssets: Deleting an ApkAssets object '<empty> and /apex/com.android.uwb/priv-app/ServiceUwbResourcesGoogle@350820300/ServiceUwbResourcesGoogle.apk' with 1 weak references
01-16 19:48:07.791  5726  5733 W .apps.wellbeing: ApkAssets: Deleting an ApkAssets object '<empty> and /apex/com.android.wifi/priv-app/ServiceWifiResourcesGoogle@350820300/ServiceWifiResourcesGoogle.apk' with 1 weak references
01-16 19:48:07.791  5726  5733 W .apps.wellbeing: ApkAssets: Deleting an ApkAssets object '<empty> and /system_ext/priv-app/ThemePicker/ThemePicker.apk' with 1 weak references
01-16 19:48:07.791  5726  5733 W .apps.wellbeing: ApkAssets: Deleting an ApkAssets object '<empty> and /system_ext/priv-app/WallpaperPickerGoogleRelease/WallpaperPickerGoogleRelease.apk' with 1 weak references
01-16 19:48:07.791  5726  5733 W .apps.wellbeing: ApkAssets: Deleting an ApkAssets object '<empty> and /product/priv-app/OdadPrebuilt/OdadPrebuilt.apk' with 1 weak references
01-16 19:48:07.791  5726  5733 W .apps.wellbeing: ApkAssets: Deleting an ApkAssets object '<empty> and /system/priv-app/TeleService/TeleService.apk' with 1 weak references
01-16 19:48:07.791  5726  5733 W .apps.wellbeing: ApkAssets: Deleting an ApkAssets object '/vendor/overlay/TeleService__sdk_gphone64_arm64__auto_generated_rro_vendor.apk' with 1 weak references
01-16 19:48:07.792  5726  5733 W .apps.wellbeing: ApkAssets: Deleting an ApkAssets object '/product/overlay/TeleService__sdk_gphone64_arm64__auto_generated_rro_product.apk' with 1 weak references
01-16 19:48:07.792  5726  5733 W .apps.wellbeing: ApkAssets: Deleting an ApkAssets object '<empty> and /system/priv-app/Shell/Shell.apk' with 1 weak references
01-16 19:48:07.792  5726  5733 W .apps.wellbeing: ApkAssets: Deleting an ApkAssets object '<empty> and /system/priv-app/BlockedNumberProvider/BlockedNumberProvider.apk' with 1 weak references
01-16 19:48:07.792  5726  5733 W .apps.wellbeing: ApkAssets: Deleting an ApkAssets object '<empty> and /system/priv-app/UserDictionaryProvider/UserDictionaryProvider.apk' with 1 weak references
01-16 19:48:07.792  5726  5733 W .apps.wellbeing: ApkAssets: Deleting an ApkAssets object '<empty> and /system_ext/app/EmergencyInfoGoogleNoUi/EmergencyInfoGoogleNoUi.apk' with 1 weak references
01-16 19:48:07.792  5726  5733 W .apps.wellbeing: ApkAssets: Deleting an ApkAssets object '<empty> and /product/overlay/NavigationBarModeGestural/NavigationBarModeGesturalOverlay.apk' with 1 weak references
01-16 19:48:07.792  5726  5733 W .apps.wellbeing: ApkAssets: Deleting an ApkAssets object '<empty> and /system/priv-app/FusedLocation/FusedLocation.apk' with 1 weak references
01-16 19:48:07.792  5726  5733 W .apps.wellbeing: ApkAssets: Deleting an ApkAssets object '<empty> and /system_ext/priv-app/SystemUIGoogle/SystemUIGoogle.apk' with 1 weak references
01-16 19:48:07.792  5726  5733 W .apps.wellbeing: ApkAssets: Deleting an ApkAssets object '/vendor/overlay/SystemUIGoogle__sdk_gphone64_arm64__auto_generated_rro_vendor.apk' with 1 weak references
01-16 19:48:07.792  5726  5733 W .apps.wellbeing: ApkAssets: Deleting an ApkAssets object '/product/overlay/SystemUIGoogle__sdk_gphone64_arm64__auto_generated_rro_product.apk' with 1 weak references
