01-16 19:35:50.497  1367  1367 D PickerSyncLockManager: Trying to acquire lock com.android.providers.media.photopicker.sync.CloseableReentrantLock@85b0a30[Unlocked]. Lock Name = CLOUD_PROVIDER_LOCK. Threads that may be waiting to acquire this lock = []
01-16 19:35:50.498  1367  1367 D CloseableReentrantLock: Successfully acquired lock com.android.providers.media.photopicker.sync.CloseableReentrantLock@85b0a30[Locked by thread main]. Lock Name = CLOUD_PROVIDER_LOCK. Threads that may be waiting to acquire this lock = []
01-16 19:35:50.498  1367  1367 D CloseableReentrantLock: Successfully released lock com.android.providers.media.photopicker.sync.CloseableReentrantLock@85b0a30[Unlocked]. Lock Name = CLOUD_PROVIDER_LOCK. Threads that may be waiting to acquire this lock = []
01-16 19:35:50.501   569   641 D OomAdjuster: Not killing cached processes
01-16 19:35:50.504  3274  3274 D ActivityThread: Package [com.ruitb.test.my_app.dev] reported as REPLACED, but missing application info. Assuming REMOVED.
01-16 19:35:50.517   569   724 D ConnectivityService: releasing NetworkRequest [ REQUEST id=133, [ Transports: CELLULAR Capabilities: INTERNET&NOT_RESTRICTED&TRUSTED&NOT_VPN&NOT_VCN_MANAGED&NOT_BANDWIDTH_CONSTRAINED Forbidden: LOCAL_NETWORK Uid: 10143 RequestorUid: 10143 RequestorPkg: com.google.android.googlequicksearchbox UnderlyingNetworks: Null] ] (release request)
01-16 19:35:50.518   569   724 I ConnectivityService: Update capabilities for net 100 : -FOREGROUND
01-16 19:35:50.521  1379  1801 I AiAiTextClassifier: [VisualCortexAdapter]: provideRegistration: Registered Prominent Screen Entities for updates.
01-16 19:35:50.523  1379  1801 I AiAiTextClassifier: [VisualCortexAdapter]: provideRegistration: Registered Prominent Screen Entities for updates.
01-16 19:35:50.526  1379  1801 I AiAiTextClassifier: [VisualCortexAdapter]: provideRegistration: Registered Prominent Screen Entities for updates.
01-16 19:35:50.527   369   369 I netd    : networkSetPermissionForNetwork(100, 1) <8.17ms>
01-16 19:35:50.528   569   724 W IPCThreadState: Sending oneway calls to frozen process.
01-16 19:35:50.565  1035  3621 I ProximityAuth: [RecentAppsMediator] Package added: (user=UserHandle{0}) com.ruitb.test.my_app.dev
01-16 19:35:50.572  3596  3596 D nativeloader: Configuring clns-7 for other apk /data/app/~~0okfi5_GN5striB_7Fzphw==/com.ruitb.test.my_app.dev-mSL2CP4K4h9K1ZLq2d7xpA==/base.apk. target_sdk_version=36, uses_libraries=, library_path=/data/app/~~0okfi5_GN5striB_7Fzphw==/com.ruitb.test.my_app.dev-mSL2CP4K4h9K1ZLq2d7xpA==/lib/arm64:/data/app/~~0okfi5_GN5striB_7Fzphw==/com.ruitb.test.my_app.dev-mSL2CP4K4h9K1ZLq2d7xpA==/base.apk!/lib/arm64-v8a, permitted_path=/data:/mnt/expand:/data/user/0/com.ruitb.test.my_app.dev
01-16 19:35:50.580  3596  3596 V GraphicsEnvironment: Currently set values for:
01-16 19:35:50.580  3596  3596 V GraphicsEnvironment:   angle_gl_driver_selection_pkgs=[]
01-16 19:35:50.580  3596  3596 V GraphicsEnvironment:   angle_gl_driver_selection_values=[]
01-16 19:35:50.580  3596  3596 V GraphicsEnvironment: Global.Settings values are invalid: number of packages: 0, number of values: 0
01-16 19:35:50.580  3596  3596 V GraphicsEnvironment: Neither updatable production driver nor prerelease driver is supported.
01-16 19:35:50.581  1035  3619 I Fitness : FitCleanupIntentOperation received Intent android.intent.action.PACKAGE_REMOVED [CONTEXT service_id=17 ]
01-16 19:35:50.606  1567  1567 D ActivityThread: Package [com.ruitb.test.my_app.dev] reported as REPLACED, but missing application info. Assuming REMOVED.
01-16 19:35:50.606  3596  3596 W test.my_app.dev: Accessing hidden method Landroid/app/ActivityThread;->currentApplication()Landroid/app/Application; (unsupported, reflection, allowed)
01-16 19:35:50.608   569  1069 D FileUtils: Rounded bytes from 2070597632 to 4000000000
01-16 19:35:50.640  1379  1801 I AiAiTextClassifier: [VisualCortexAdapter]: provideRegistration: Registered Prominent Screen Entities for updates.
01-16 19:35:50.662  1519  3624 I Auth    : [SupervisedAccountIntentOperation] onHandleIntent(): android.intent.action.PACKAGE_ADDED
01-16 19:35:50.666  1519  1519 D BoundBrokerSvc: onBind: Intent { act=com.google.android.gms.common.BIND_SHARED_PREFS pkg=com.google.android.gms }
01-16 19:35:50.666  1519  1519 D BoundBrokerSvc: Loading bound service for intent: Intent { act=com.google.android.gms.common.BIND_SHARED_PREFS pkg=com.google.android.gms }
01-16 19:35:50.668  1519  3623 V Backup  : [PhotosPackagedAddedIO] Flag is disabled.
01-16 19:35:50.718  1519  3627 W SQLiteLog: (28) double-quoted string literal: "com.ruitb.test.my_app.dev"
01-16 19:35:50.725  1379  1801 I AiAiTextClassifier: [VisualCortexAdapter]: provideRegistration: Registered Prominent Screen Entities for updates.
01-16 19:35:50.726  1379  1801 I AiAiTextClassifier: [VisualCortexAdapter]: provideRegistration: Registered Prominent Screen Entities for updates.
01-16 19:35:50.728  1379  1801 I AiAiTextClassifier: [VisualCortexAdapter]: provideRegistration: Registered Prominent Screen Entities for updates.
01-16 19:35:50.729  1379  1801 I AiAiTextClassifier: [VisualCortexAdapter]: provideRegistration: Registered Prominent Screen Entities for updates.
01-16 19:35:50.732  1379  1801 I AiAiTextClassifier: [VisualCortexAdapter]: provideRegistration: Registered Prominent Screen Entities for updates.
01-16 19:35:50.745  1567  1974 W SearchServiceCore: Abort, client detached.
01-16 19:35:50.746  1567  1974 W SearchServiceCore: Abort, client detached.
01-16 19:35:50.768  1567  1974 W SearchServiceCore: Abort, client detached.
01-16 19:35:50.772   569   852 W OptProp : Cannot read opt property android.window.PROPERTY_COMPAT_ENABLE_FAKE_FOCUS
01-16 19:35:50.792   569   659 D IntervalStats: Unable to parse usage stats packages: [252, 253, 255, 256, 257, 258, 259, 260, 261]
01-16 19:35:50.796   569   659 D IntervalStats: Unable to parse event packages: [253, 261]
01-16 19:35:50.798   569   659 D IntervalStats: Unable to parse usage stats packages: [253, 261]
01-16 19:35:50.806  1519  2385 I Icing   : Indexing com.google.android.gms-apps from com.google.android.gms
01-16 19:35:50.827  3596  3657 D FlutterJNI: Beginning load of flutter...
01-16 19:35:50.831  3596  3658 I ResourceExtractor: Found extracted resources res_timestamp-1-1768580880648
01-16 19:35:50.831  3596  3658 I ResourceExtractor: Resource version mismatch res_timestamp-1-1768581349724
01-16 19:35:50.849  3596  3657 D nativeloader: Load /data/app/~~0okfi5_GN5striB_7Fzphw==/com.ruitb.test.my_app.dev-mSL2CP4K4h9K1ZLq2d7xpA==/base.apk!/lib/arm64-v8a/libflutter.so using ns clns-7 from class loader (caller=/data/app/~~0okfi5_GN5striB_7Fzphw==/com.ruitb.test.my_app.dev-mSL2CP4K4h9K1ZLq2d7xpA==/base.apk): ok
01-16 19:35:50.851  3596  3657 D FlutterJNI: flutter (null) was loaded normally!
01-16 19:35:50.851  1519  2385 I Icing   : Indexing done com.google.android.gms-apps
01-16 19:35:51.364  3596  3658 I ResourceExtractor: Extracted baseline resource assets/flutter_assets/kernel_blob.bin
01-16 19:35:51.364  3596  3658 I ResourceExtractor: Extracted baseline resource assets/flutter_assets/vm_snapshot_data
01-16 19:35:51.407  3596  3658 I ResourceExtractor: Extracted baseline resource assets/flutter_assets/isolate_snapshot_data
01-16 19:35:51.410   569   852 D FileUtils: Rounded bytes from 2070597632 to 4000000000
01-16 19:35:51.436  3596  3596 W test.my_app.dev: type=1400 audit(0.0:42): avc:  denied  { read } for  name="max_map_count" dev="proc" ino=20689 scontext=u:r:untrusted_app:s0:c210,c256,c512,c768 tcontext=u:object_r:proc_max_map_count:s0 tclass=file permissive=0 app=com.ruitb.test.my_app.dev
01-16 19:35:51.446  3596  3660 I EGL_emulation: Opening libGLESv1_CM_emulation.so
01-16 19:35:51.447  3596  3660 I EGL_emulation: Opening libGLESv2_emulation.so
01-16 19:35:51.496  3596  3660 I flutter : [IMPORTANT:flutter/shell/platform/android/android_context_gl_impeller.cc(104)] Using the Impeller rendering backend (OpenGLES).
01-16 19:35:51.552  3596  3669 I flutter : The Dart VM service is listening on http://127.0.0.1:33415/GsNJge8dS5k=/
01-16 19:35:51.839  3596  3596 W test.my_app.dev: Accessing hidden method Landroid/view/accessibility/AccessibilityNodeInfo;->getSourceNodeId()J (unsupported,test-api, reflection, allowed)
01-16 19:35:51.840  3596  3596 W test.my_app.dev: Accessing hidden method Landroid/view/accessibility/AccessibilityRecord;->getSourceNodeId()J (unsupported, reflection, allowed)
01-16 19:35:51.840  3596  3596 W test.my_app.dev: Accessing hidden field Landroid/view/accessibility/AccessibilityNodeInfo;->mChildNodeIds:Landroid/util/LongArray; (unsupported, reflection, allowed)
01-16 19:35:51.840  3596  3596 W test.my_app.dev: Accessing hidden method Landroid/util/LongArray;->get(I)J (unsupported, reflection, allowed)
01-16 19:35:51.920  3596  3596 W HWUI    : Unknown dataspace 0
01-16 19:35:51.947  3596  3596 I Choreographer: Skipped 70 frames!  The application may be doing too much work on its main thread.
01-16 19:35:51.955  3596  3596 I WindowExtensionsImpl: Initializing Window Extensions, vendor API level=6, activity embedding enabled=true
01-16 19:35:51.966  3596  3596 D bars    : portraitInsets{left=0, top=136, right=0, bottom=66}
01-16 19:35:51.972   569   852 D CoreBackPreview: Window{b4e37b0 u0 com.ruitb.test.my_app.dev/com.ruitb.test.my_app.MainActivity}: Setting back callback OnBackInvokedCallbackInfo{mCallback=android.window.IOnBackInvokedCallback$Stub$Proxy@976d161, mPriority=0, mIsAnimationCallback=false}
01-16 19:35:51.975   415  1238 W ServiceManagerCppClient: Permission failure: android.permission.ACCESS_SURFACE_FLINGER from uid=10210 pid=0
01-16 19:35:51.975   415  1238 D PermissionCache: checking android.permission.ACCESS_SURFACE_FLINGER for uid=10210 => denied (898 us)
01-16 19:35:51.977   415   507 W ServiceManagerCppClient: Permission failure: android.permission.ACCESS_SURFACE_FLINGER from uid=10210 pid=3596
01-16 19:35:51.977   415   507 D PermissionCache: checking android.permission.ACCESS_SURFACE_FLINGER for uid=10210 => denied (1682 us)
01-16 19:35:51.977   415  1238 W ServiceManagerCppClient: Permission failure: android.permission.ROTATE_SURFACE_FLINGER from uid=10210 pid=0
01-16 19:35:51.977   415  1238 D PermissionCache: checking android.permission.ROTATE_SURFACE_FLINGER for uid=10210 => denied (1417 us)
01-16 19:35:51.977   415   507 W ServiceManagerCppClient: Permission failure: android.permission.ROTATE_SURFACE_FLINGER from uid=10210 pid=3596
01-16 19:35:51.978   415   507 D PermissionCache: checking android.permission.ROTATE_SURFACE_FLINGER for uid=10210 => denied (875 us)
01-16 19:35:51.979   415  1238 W ServiceManagerCppClient: Permission failure: android.permission.INTERNAL_SYSTEM_WINDOW from uid=10210 pid=0
01-16 19:35:51.979   415  1238 D PermissionCache: checking android.permission.INTERNAL_SYSTEM_WINDOW for uid=10210 => denied (2511 us)
01-16 19:35:51.980   415   507 W ServiceManagerCppClient: Permission failure: android.permission.INTERNAL_SYSTEM_WINDOW from uid=10210 pid=3596
01-16 19:35:51.980   415   507 D PermissionCache: checking android.permission.INTERNAL_SYSTEM_WINDOW for uid=10210 => denied (2760 us)
01-16 19:35:51.993  3596  3654 W HWUI    : Failed to choose config with EGL_SWAP_BEHAVIOR_PRESERVED, retrying without...
01-16 19:35:51.996  3596  3654 W HWUI    : Failed to initialize 101010-2 format, error = EGL_SUCCESS
01-16 19:35:52.008   162   162 I servicemanager: Caller(pid=3596,uid=10210,sid=u:r:untrusted_app:s0:c210,c256,c512,c768) Could not find android.hardware.graphics.allocator.IAllocator/default in the VINTF manifest. No alternative instances declared in VINTF.
01-16 19:35:52.073  3596  3602 I test.my_app.dev: Compiler allocated 5250KB to compile void android.view.ViewRootImpl.performTraversals()
01-16 19:35:52.078   163   163 I hwservicemanager: getTransport: Cannot find entry android.hardware.graphics.mapper@4.0::IMapper/default in either framework or device VINTF manifest.
01-16 19:35:52.078  3596  3660 I Gralloc4: mapper 4.x is not supported
01-16 19:35:52.696  3596  3596 I Choreographer: Skipped 43 frames!  The application may be doing too much work on its main thread.
01-16 19:35:52.698   421   421 W adbd    : timeout expired while flushing socket, closing
01-16 19:35:52.720  1035  2742 I FontLog : Received query Noto Color Emoji Compat, URI content://com.google.android.gms.fonts [CONTEXT service_id=132 ]
01-16 19:35:52.722  1035  2742 I FontLog : Query [emojicompat-emoji-font] resolved to {Noto Color Emoji Compat, wdth 100.0, wght 400, ital 0.0, bestEffort false} [CONTEXT service_id=132 ]
01-16 19:35:52.730  1035  2742 I FontLog : Fetch {Noto Color Emoji Compat, wdth 100.0, wght 400, ital 0.0, bestEffort false} end status Status{statusCode=SUCCESS, resolution=null} [CONTEXT service_id=132 ]
01-16 19:35:52.737  1035  2742 I FontLog : Pulling font file for id = 11, cache size = 9 [CONTEXT service_id=132 ]
01-16 19:35:52.754  1035  2742 I FontLog : Pulling font file for id = 11, cache size = 9 [CONTEXT service_id=132 ]
01-16 19:35:53.105   569  1482 E TaskPersister: File error accessing recents directory (directory doesn't exist?).
01-16 19:35:53.496  3596  3596 I Choreographer: Skipped 45 frames!  The application may be doing too much work on its main thread.
01-16 19:35:53.539  3596  3596 I UXCam:  : MultiSessionRecord has been enabled.
01-16 19:35:53.539  3596  3596 I UXCam:  : CrashHandling has been enabled.
01-16 19:35:53.539  3596  3596 I UXCam:  : ImprovedScreenCapture has been enabled.
01-16 19:35:53.539  3596  3596 I UXCam: Session: validateAndStartVerification called with manual=true
01-16 19:35:53.561  3596  3596 D bars    : portraitInsets{left=0, top=136, right=0, bottom=66}
01-16 19:35:53.576  3596  3651 I UXCam: Verify: [VERIFY_START] AppKey=0n5owg7b SessionType=new SessionId=N/A ForceRefresh=true NetworkStatus=CONNECTED
01-16 19:35:53.576  3596  3651 I UXCam: Verify: [VERIFY_NETWORK_REQUEST] AppKey=0n5owg7b SessionType=new SessionId=N/A
01-16 19:35:53.657   569  1685 W ServiceManagerCppClient: Permission failure: android.permission.ACCESS_SURFACE_FLINGER from uid=10210 pid=0
01-16 19:35:53.657   569  1685 D PermissionCache: checking android.permission.ACCESS_SURFACE_FLINGER for uid=10210 => denied (214 us)
01-16 19:35:53.657   569  1685 W ServiceManagerCppClient: Permission failure: android.permission.ROTATE_SURFACE_FLINGER from uid=10210 pid=0
01-16 19:35:53.657   569  1685 D PermissionCache: checking android.permission.ROTATE_SURFACE_FLINGER for uid=10210 => denied (22 us)
01-16 19:35:53.657   569  1685 W ServiceManagerCppClient: Permission failure: android.permission.INTERNAL_SYSTEM_WINDOW from uid=10210 pid=0
01-16 19:35:53.657   569  1685 D PermissionCache: checking android.permission.INTERNAL_SYSTEM_WINDOW for uid=10210 => denied (6 us)
01-16 19:35:53.694  1101  1101 D BaseDepthController: setSurface:
01-16 19:35:53.694  1101  1101 D BaseDepthController: 	mWaitingOnSurfaceValidity: false
01-16 19:35:53.694  1101  1101 D BaseDepthController: 	mSurface: null
01-16 19:35:53.694  1101  1101 D BaseDepthController: mSurface is null and mCurrentBlur is: 0
01-16 19:35:53.705   569   689 I ImeTracker: com.ruitb.test.my_app.dev:d6b3bfda: onRequestHide at ORIGIN_SERVER reason HIDE_UNSPECIFIED_WINDOW fromUser false
01-16 19:35:53.706   569   689 I ImeTracker: com.ruitb.test.my_app.dev:d6b3bfda: onCancelled at PHASE_SERVER_SHOULD_HIDE
01-16 19:35:53.712  1101  1101 D StateManager: goToState - fromState: Normal, toState: Normal, partial trace:
01-16 19:35:53.712  1101  1101 D StateManager: 	at com.android.launcher3.statemanager.StateManager.moveToRestState(go/retraceme 31f9979659277bb965985aff1272c33e3c3c9e755b77166d20a2465454178f2c:4)
01-16 19:35:53.712  1101  1101 D StateManager: 	at com.android.launcher3.statemanager.StateManager.moveToRestState(go/retraceme 31f9979659277bb965985aff1272c33e3c3c9e755b77166d20a2465454178f2c:1)
01-16 19:35:53.712  1101  1101 D StateManager: 	at com.android.launcher3.statemanager.StatefulActivity.onStop(go/retraceme 31f9979659277bb965985aff1272c33e3c3c9e755b77166d20a2465454178f2c:34)
01-16 19:35:53.715  1101  1101 D StatsLog: LAUNCHER_ONSTOP
01-16 19:35:53.716   569  1685 I AppWidgetServiceImpl: setAppWidgetHidden() 0
01-16 19:35:53.719   812   858 W WindowOnBackDispatcher: sendCancelIfRunning: isInProgress=false callback=android.view.ViewRootImpl$$ExternalSyntheticLambda11@3132491
01-16 19:35:53.719  1101  1601 D OneSearchSuggestProvider: Shut down the binder channel
01-16 19:35:53.721   369   369 I netd    : tetherGetStats() -> {[]} <2.94ms>
01-16 19:35:53.721   569  2258 D CoreBackPreview: Window{8701fef u0 Splash Screen com.ruitb.test.my_app.dev EXITING}: Setting back callback null
01-16 19:35:53.727  1101  1101 D StatsLog: LAUNCHER_GOOGLE_SEARCH_RESTORE_LIST_SIZE_AFTER_ACTIVITY_RESTART
01-16 19:35:53.730   569  1685 W InputManager-JNI: Input channel object '8701fef Splash Screen com.ruitb.test.my_app.dev (client)' was disposed without first being removed with the input manager!
01-16 19:35:53.744  1393  1393 I GoogleInputMethodService: GoogleInputMethodService.onFinishInput():3157 
01-16 19:35:53.748   569   594 W ziparchive: Unable to open '/data/app/~~0okfi5_GN5striB_7Fzphw==/com.ruitb.test.my_app.dev-mSL2CP4K4h9K1ZLq2d7xpA==/base.dm': No such file or directory
01-16 19:35:53.756   569   594 I ActivityTaskManager: Displayed com.ruitb.test.my_app.dev/com.ruitb.test.my_app.MainActivity for user 0: +3s613ms
01-16 19:35:53.756   569   594 I ActivityTaskManager: Fully drawn com.ruitb.test.my_app.dev/com.ruitb.test.my_app.MainActivity: +3s613ms
01-16 19:35:53.756   569   594 W ziparchive: Unable to open '/data/app/~~0okfi5_GN5striB_7Fzphw==/com.ruitb.test.my_app.dev-mSL2CP4K4h9K1ZLq2d7xpA==/base.dm': No such file or directory
01-16 19:35:53.768  1393  1393 I GoogleInputMethodService: GoogleInputMethodService.updateDeviceLockedStatus():2248 repeatCheckTimes = 0, locked = false
01-16 19:35:53.770  1393  1393 I GoogleInputMethodService: GoogleInputMethodService.onStartInput():1986 onStartInput(EditorInfo{EditorInfo{packageName=com.ruitb.test.my_app.dev, inputType=0, inputTypeString=NULL, enableLearning=false, autoCorrection=false, autoComplete=false, imeOptions=0, privateImeOptions=null, actionName=UNSPECIFIED, actionLabel=null, initialSelStart=-1, initialSelEnd=-1, initialCapsMode=0, label=null, fieldId=0, fieldName=null, extras=null, hintText=null, hintLocales=[]}}, false)
01-16 19:35:53.772  1393  1393 I GoogleInputMethodService: GoogleInputMethodService.updateDeviceLockedStatus():2248 repeatCheckTimes = 1, locked = false
01-16 19:35:53.776  1393  1393 I AndroidIME: InputBundleManager.loadActiveInputBundleId():450 loadActiveInputBundleId: und-Latn-x-password, password
01-16 19:35:53.777   569  1685 W PackageConfigPersister: App-specific configuration not found for packageName: com.ruitb.test.my_app.dev and userId: 0
01-16 19:35:53.790  3596  3651 I UXCam: Verify: Session Verification for Application key initiated with Request Parameters: {"appKey":"0n5owg7bnt8tc43-ae","deviceId":"499e94454b21e457","deviceModelName":"sdk_gphone64_arm64","deviceType":"Phone","osVersion":"15","appVersion":"1.0.0","buildIdentifier":"com.ruitb.test.my_app.dev","platform":"android","sdkVersion":"3.8.9","sdkVersionNumber":626,"sessionsRecordedOnDevice":64,"videosRecordedOnDevice":0,"environment":".alpha"}
01-16 19:35:53.796  3596  3651 I UXCam: Verify: [REPO_VERIFY_START] AppKey=0n5owg7b Type=new_session SessionId=N/A SendDebugLog=true
01-16 19:35:53.817  3596  3651 I UXCam: Verify: Verification request -> url: https://75f214a165.ae.verifysession.uxcam.com/v4/verify, body: appKey=0n5owg7bnt8tc43-ae&deviceId=499e94454b21e457&deviceModelName=sdk_gphone64_arm64&deviceType=Phone&osVersion=15&appVersion=1.0.0&buildIdentifier=com.ruitb.test.my_app.dev&platform=android&sdkVersion=3.8.9&sdkVersionNumber=626&sessionsRecordedOnDevice=64&videosRecordedOnDevice=0&environment=.alpha&sessionsPendingOnDevice=2&videosPendingOnDevice=2
01-16 19:35:53.844   369  3680 I resolv  : GetAddrInfoHandler::run: {101 101 101 983141 10210 0}
01-16 19:35:53.847   369  3681 I resolv  : res_nmkquery: (QUERY, IN, AAAA)
01-16 19:35:53.847   369  3682 I resolv  : res_nmkquery: (QUERY, IN, A)
01-16 19:35:53.854   369  3682 I resolv  : res_nsend: used send_dg 103 terrno: 0
01-16 19:35:53.854   369  3682 I resolv  : doQuery: rcode=0, ancount=3, return value=103
01-16 19:35:53.882   369  3681 I resolv  : res_nsend: used send_dg 139 terrno: 0
01-16 19:35:53.882   369  3681 I resolv  : doQuery: rcode=0, ancount=0, return value=139
01-16 19:35:53.888  3596  3678 D TrafficStats: tagSocket(140) with statsTag=0xffffffff, statsUid=-1
01-16 19:35:54.565  3596  3678 I UXCam: Verify: [VERIFY_SUCCESS] AppKey=0n5owg7b SessionId=696a68ebf5b9bf7a426ece6e Duration=499ms RecordingEnabled=true UploadEnabled=true HasUploadTokens=true IsOfflineSession=false
01-16 19:35:54.569  3596  3678 I UXCam: Verify: [VERIFY_CACHED] SessionId=696a68ebf5b9bf7a426ece6e TTL=900s VerifyLimitsReceived=true
01-16 19:35:54.571  3596  3651 I UXCam: Session: Session verified successfully
01-16 19:35:54.618  3596  3651 I UXCam: Session: Session verified, deferring activation until activity is ready: 696a68ebf5b9bf7a426ece6e
01-16 19:35:54.621  3596  3596 I UXCam: Session: Applying verified settings for session: 696a68ebf5b9bf7a426ece6e
01-16 19:35:54.626  3596  3596 I UXCam: Session: [SETTINGS_APPLY] BackendSessionId saved: 696a68ebf5b9bf7a426ece6e
01-16 19:35:54.641  3596  3596 I UXCam: Session: Settings applied successfully
01-16 19:35:54.642  3596  3689 I UXCam: Session: validateAndStartVerification called with manual=true
01-16 19:35:54.645  3596  3690 I UXCam: Session: validateAndStartVerification called with manual=false
01-16 19:35:54.645  3596  3652 I UXCam: Session: Session start already in progress
01-16 19:35:54.646  3596  3653 I UXCam: Session: Session start already in progress
01-16 19:35:54.656  3596  3596 I UXCam: Recording: Session and Screen Recording has started
01-16 19:35:54.656  3596  3596 I UXCam: Session: UXCam 3.8.9[626] : Application key is verified, UXCam has started capturing data as per configuration from UXCam settings page.
01-16 19:35:54.659  3596  3693 D EncodingTelemetry: recordSessionStart: backend=MEDIACODEC_SURFACE
01-16 19:35:54.673  3596  3693 D MediaCodecList: codecHandlesFormat: no format, so no extra checks
01-16 19:35:54.676   569   882 D FileUtils: Rounded bytes from 2070597632 to 4000000000
01-16 19:35:54.686  3596  3699 D CCodec  : allocate(c2.android.avc.encoder)
01-16 19:35:54.692  3596  3699 I Codec2Client: Available Codec2 services: "default" "software"
01-16 19:35:54.707  3596  3699 I CCodec  : setting up 'default' as default (vendor) store
01-16 19:35:54.758   482   911 I mediaswcodec: missing struct descriptor #Param::CoreIndex(--004) for field values of struct #Param::CoreIndex(F-12004)
01-16 19:35:54.758   482   911 I mediaswcodec: missing struct descriptor #Param::CoreIndex(--1812) for field values of struct #Param::CoreIndex(F-11812)
01-16 19:35:54.761   482   911 I mediaswcodec: missing struct descriptor #Param::CoreIndex(--004) for field values of struct #Param::CoreIndex(F-12004)
01-16 19:35:54.761   482   911 I mediaswcodec: missing struct descriptor #Param::CoreIndex(--1812) for field values of struct #Param::CoreIndex(F-11812)
01-16 19:35:54.768  3596  3699 I CCodec  : Created component [c2.android.avc.encoder]
01-16 19:35:54.769  3596  3699 D CCodecConfig: read media type: video/avc
01-16 19:35:54.773  3596  3699 D ReflectedParamUpdater: extent() != 1 for single value type: algo.buffers.max-count.values
01-16 19:35:54.776  3596  3699 D ReflectedParamUpdater: extent() != 1 for single value type: output.subscribed-indices.values
01-16 19:35:54.776  3596  3699 D ReflectedParamUpdater: extent() != 1 for single value type: input.buffers.allocator-ids.values
01-16 19:35:54.777  3596  3699 D ReflectedParamUpdater: extent() != 1 for single value type: output.buffers.allocator-ids.values
01-16 19:35:54.778  3596  3699 D ReflectedParamUpdater: extent() != 1 for single value type: algo.buffers.allocator-ids.values
01-16 19:35:54.778  3596  3699 D ReflectedParamUpdater: extent() != 1 for single value type: output.buffers.pool-ids.values
01-16 19:35:54.778  3596  3699 D ReflectedParamUpdater: extent() != 1 for single value type: algo.buffers.pool-ids.values
01-16 19:35:54.782  3596  3699 D ReflectedParamUpdater: ignored struct field coding.gop.values
01-16 19:35:54.782  3596  3699 D ReflectedParamUpdater: ignored struct field coding.qp.values
01-16 19:35:54.784  3596  3699 D CCodecConfig: ignoring local param raw.color (0xc2001809) as it is already supported
01-16 19:35:54.788  3596  3699 I CCodecConfig: query failed after returning 13 values (BAD_INDEX)
01-16 19:35:54.788  3596  3699 D CCodecConfig: c2 config diff is Dict {
01-16 19:35:54.788  3596  3699 D CCodecConfig:   c2::u32 algo.bitrate-mode.value = 3
01-16 19:35:54.788  3596  3699 D CCodecConfig:   c2::i32 coded.average-qp.value = 0
01-16 19:35:54.788  3596  3699 D CCodecConfig:   c2::u32 coded.bitrate.value = 64000
01-16 19:35:54.788  3596  3699 D CCodecConfig:   c2::float coded.frame-rate.value = 1
01-16 19:35:54.788  3596  3699 D CCodecConfig:   c2::u32 coded.picture-type.value = 0
01-16 19:35:54.788  3596  3699 D CCodecConfig:   c2::u32 coded.pl.level = 20492
01-16 19:35:54.788  3596  3699 D CCodecConfig:   c2::u32 coded.pl.profile = 20481
01-16 19:35:54.788  3596  3699 D CCodecConfig:   c2::u32 coded.vui.color.matrix = 0
01-16 19:35:54.788  3596  3699 D CCodecConfig:   c2::u32 coded.vui.color.primaries = 0
01-16 19:35:54.788  3596  3699 D CCodecConfig:   c2::u32 coded.vui.color.range = 0
01-16 19:35:54.788  3596  3699 D CCodecConfig:   c2::u32 coded.vui.color.transfer = 0
01-16 19:35:54.788  3596  3699 D CCodecConfig:   c2::u32 coding.intra-refresh.mode = 0
01-16 19:35:54.788  3596  3699 D CCodecConfig:   c2::float coding.intra-refresh.period = 0
01-16 19:35:54.788  3596  3699 D CCodecConfig:   c2::u32 coding.request-sync-frame.value = 0
01-16 19:35:54.788  3596  3699 D CCodecConfig:   c2::i64 coding.sync-frame-interval.value = 1000000
01-16 19:35:54.788  3596  3699 D CCodecConfig:   c2::u32 input.delay.value = 0
01-16 19:35:54.788  3596  3699 D CCodecConfig:   string input.media-type.value = "video/raw"
01-16 19:35:54.788  3596  3699 D CCodecConfig:   string output.media-type.value = "video/avc"
01-16 19:35:54.788  3596  3699 D CCodecConfig:   c2::u32 raw.color.matrix = 0
01-16 19:35:54.788  3596  3699 D CCodecConfig:   c2::u32 raw.color.primaries = 0
01-16 19:35:54.788  3596  3699 D CCodecConfig:   c2::u32 raw.color.range = 0
01-16 19:35:54.788  3596  3699 D CCodecConfig:   c2::u32 raw.color.transfer = 0
01-16 19:35:54.788  3596  3699 D CCodecConfig:   c2::u32 raw.size.height = 16
01-16 19:35:54.788  3596  3699 D CCodecConfig:   c2::u32 raw.size.width = 16
01-16 19:35:54.788  3596  3699 D CCodecConfig: }
01-16 19:35:54.788  3596  3699 W ColorUtils: expected specified color aspects (0:0:0:0)
01-16 19:35:54.816  3596  3693 D CodecSeeding: Seed: codec c2.android.avc.encoder, mediatype video/avc, overrideable 1
01-16 19:35:54.816  3596  3693 D CodecProperties: setTuningValue(vq-target-bpp,0)
01-16 19:35:54.816  3596  3693 D CodecProperties: setTuningValue(vq-target-bpp-1080p,1.90)
01-16 19:35:54.816  3596  3693 D CodecProperties: setTuningValue(vq-target-bpp-720p,2.25)
01-16 19:35:54.816  3596  3693 D CodecProperties: setTuningValue(vq-target-bpp-540p,2.65)
01-16 19:35:54.816  3596  3693 D CodecProperties: setTuningValue(vq-target-bpp-480p,3.00)
01-16 19:35:54.816  3596  3693 D CodecProperties: setTuningValue(vq-target-bpp-320x240,0)
01-16 19:35:54.816  3596  3693 D CodecProperties: setTuningValue(vq-target-qpmax,-1)
01-16 19:35:54.816  3596  3693 D CodecProperties: setTuningValue(vq-target-qpmax-1080p,45)
01-16 19:35:54.816  3596  3693 D CodecProperties: setTuningValue(vq-target-qpmax-720p,43)
01-16 19:35:54.816  3596  3693 D CodecProperties: setTuningValue(vq-target-qpmax-540p,42)
01-16 19:35:54.816  3596  3693 D CodecProperties: setTuningValue(vq-target-qpmax-480p,38)
01-16 19:35:54.816  3596  3693 D CodecProperties: setTuningValue(vq-bitrate-phaseout,1.75)
01-16 19:35:54.816  3596  3693 D CodecProperties: setTuningValue(vq-boost-missing-qp,0.20)
01-16 19:35:54.816  3596  3693 D CodecProperties: setFeatureValue(intra-refresh,0)
01-16 19:35:54.816  3596  3693 D CodecProperties: setFeatureValue(qp-bounds,0)
01-16 19:35:54.816  3596  3693 D CodecProperties: setFeatureValue(_vq_eligible.device,1)
01-16 19:35:54.816  3596  3693 D CodecProperties: setFeatureValue(_quality.target,1)
01-16 19:35:54.816  3596  3693 D CodecSeeding: Seed: codec c2.android.avc.encoder, mediatype video/avc, overrideable 0
01-16 19:35:54.817  3596  3693 D VQApply : raise bitrate: configured 50000 to floor 1449216
01-16 19:35:54.817  3596  3693 D VQApply : minquality by QP: inject video-qp-max=43
01-16 19:35:54.817  3596  3693 D VQApply : minquality/target bitrate raised from 50000 to 1449216 bps
01-16 19:35:54.817  3596  3693 D MediaCodec: shapeMediaFormat: deltas(6): AMessage(what = 0x00000000) = {
01-16 19:35:54.817  3596  3693 D MediaCodec:     int32_t bitrate = 1449216
01-16 19:35:54.817  3596  3693 D MediaCodec:     int32_t android._encoding-quality-level = 0
01-16 19:35:54.817  3596  3693 D MediaCodec:     int32_t video-qp-max = 43
01-16 19:35:54.817  3596  3693 D MediaCodec:     int32_t video-qp-i-max = 43
01-16 19:35:54.817  3596  3693 D MediaCodec:     int32_t video-qp-p-max = 46
01-16 19:35:54.817  3596  3693 D MediaCodec:     int32_t video-qp-b-max = 49
01-16 19:35:54.817  3596  3693 D MediaCodec:   }
01-16 19:35:54.819  3596  3699 D CCodec  : [c2.android.avc.encoder] buffers are bound to CCodec for this session
01-16 19:35:54.819  3596  3699 D CCodecConfig: no c2 equivalents for color-format
01-16 19:35:54.820  3596  3699 D CCodecConfig: no c2 equivalents for slice-height
01-16 19:35:54.820  3596  3699 D CCodecConfig: no c2 equivalents for stride
01-16 19:35:54.820  3596  3699 D CCodecConfig: no c2 equivalents for video-qp-max
01-16 19:35:54.820  3596  3699 D CCodecConfig: no c2 equivalents for video-qp-i-max
01-16 19:35:54.820  3596  3699 D CCodecConfig: no c2 equivalents for video-qp-p-max
01-16 19:35:54.820  3596  3699 D CCodecConfig: no c2 equivalents for video-qp-b-max
01-16 19:35:54.820  3596  3699 D CCodecConfig: no c2 equivalents for flags
01-16 19:35:54.820  3596  3699 D CCodecConfig: no c2 equivalents for encoder
01-16 19:35:54.822  3596  3699 D CCodecConfig: c2 config diff is   c2::u32 coded.bitrate.value = 1449216
01-16 19:35:54.822  3596  3699 D CCodecConfig:   c2::i64 coding.sync-frame-interval.value = 8000000
01-16 19:35:54.822  3596  3699 D CCodecConfig:   c2::u32 raw.size.height = 1184
01-16 19:35:54.822  3596  3699 D CCodecConfig:   c2::u32 raw.size.width = 544
01-16 19:35:54.822  3596  3699 W ColorUtils: expected specified color aspects (0:0:0:0)
01-16 19:35:54.823  3596  3699 D CCodec  : encoding statistics level = 0
01-16 19:35:54.823  3596  3699 D CCodec  : setup formats input: AMessage(what = 0x00000000) = {
01-16 19:35:54.823  3596  3699 D CCodec  :   Rect crop(0, 0, 543, 1183)
01-16 19:35:54.823  3596  3699 D CCodec  :   int32_t color-standard = 0
01-16 19:35:54.823  3596  3699 D CCodec  :   int32_t color-range = 0
01-16 19:35:54.823  3596  3699 D CCodec  :   int32_t color-transfer = 0
01-16 19:35:54.823  3596  3699 D CCodec  :   int32_t frame-rate = 1
01-16 19:35:54.823  3596  3699 D CCodec  :   int32_t height = 1184
01-16 19:35:54.823  3596  3699 D CCodec  :   int32_t intra-refresh-period = 0
01-16 19:35:54.823  3596  3699 D CCodec  :   string mime = "video/raw"
01-16 19:35:54.823  3596  3699 D CCodec  :   int32_t video-qp-average = 0
01-16 19:35:54.823  3596  3699 D CCodec  :   int32_t width = 544
01-16 19:35:54.823  3596  3699 D CCodec  :   int32_t android._dataspace = 0
01-16 19:35:54.823  3596  3699 D CCodec  :   int32_t using-sw-read-often = 1
01-16 19:35:54.823  3596  3699 D CCodec  :   int64_t android._C2MemoryUsage = 1
01-16 19:35:54.823  3596  3699 D CCodec  :   int32_t color-format = 2130708361
01-16 19:35:54.823  3596  3699 D CCodec  :   int32_t android._color-format = 2130708361
01-16 19:35:54.823  3596  3699 D CCodec  : }
01-16 19:35:54.823  3596  3699 D CCodec  : setup formats output: AMessage(what = 0x00000000) = {
01-16 19:35:54.823  3596  3699 D CCodec  :   int32_t bitrate = 1449216
01-16 19:35:54.823  3596  3699 D CCodec  :   int32_t bitrate-mode = 1
01-16 19:35:54.823  3596  3699 D CCodec  :   Rect crop(0, 0, 543, 1183)
01-16 19:35:54.823  3596  3699 D CCodec  :   int32_t color-standard = 0
01-16 19:35:54.823  3596  3699 D CCodec  :   int32_t color-range = 0
01-16 19:35:54.823  3596  3699 D CCodec  :   int32_t color-transfer = 0
01-16 19:35:54.823  3596  3699 D CCodec  :   int32_t frame-rate = 1
01-16 19:35:54.823  3596  3699 D CCodec  :   int32_t height = 1184
01-16 19:35:54.823  3596  3699 D CCodec  :   int32_t intra-refresh-period = 0
01-16 19:35:54.823  3596  3699 D CCodec  :   int32_t level = 4096
01-16 19:35:54.823  3596  3699 D CCodec  :   int32_t max-bitrate = 1449216
01-16 19:35:54.823  3596  3699 D CCodec  :   string mime = "video/avc"
01-16 19:35:54.823  3596  3699 D CCodec  :   int32_t profile = 65536
01-16 19:35:54.823  3596  3699 D CCodec  :   int32_t video-qp-average = 0
01-16 19:35:54.823  3596  3699 D CCodec  :   int32_t width = 544
01-16 19:35:54.823  3596  3699 D CCodec  : }
01-16 19:35:54.824  3596  3699 I CCodecConfig: query failed after returning 14 values (BAD_INDEX)
01-16 19:35:54.827  3596  3699 D CCodec  : hidl based PersistentSurface created
01-16 19:35:54.831  3596  3699 D CCodec  : input format changed to AMessage(what = 0x00000000) = {
01-16 19:35:54.831  3596  3699 D CCodec  :   Rect crop(0, 0, 543, 1183)
01-16 19:35:54.831  3596  3699 D CCodec  :   int32_t color-standard = 1
01-16 19:35:54.831  3596  3699 D CCodec  :   int32_t color-range = 2
01-16 19:35:54.831  3596  3699 D CCodec  :   int32_t color-transfer = 3
01-16 19:35:54.831  3596  3699 D CCodec  :   int32_t frame-rate = 1
01-16 19:35:54.831  3596  3699 D CCodec  :   int32_t height = 1184
01-16 19:35:54.831  3596  3699 D CCodec  :   int32_t intra-refresh-period = 0
01-16 19:35:54.831  3596  3699 D CCodec  :   string mime = "video/raw"
01-16 19:35:54.831  3596  3699 D CCodec  :   int32_t video-qp-average = 0
01-16 19:35:54.831  3596  3699 D CCodec  :   int32_t width = 544
01-16 19:35:54.831  3596  3699 D CCodec  :   int32_t android._dataspace = 260
01-16 19:35:54.831  3596  3699 D CCodec  :   int32_t using-sw-read-often = 1
01-16 19:35:54.831  3596  3699 D CCodec  :   int64_t android._C2MemoryUsage = 1
01-16 19:35:54.831  3596  3699 D CCodec  :   int32_t color-format = 2130708361
01-16 19:35:54.831  3596  3699 D CCodec  :   int32_t android._color-format = 2130708361
01-16 19:35:54.831  3596  3699 D CCodec  : }
01-16 19:35:54.833  3596  3699 D GraphicBufferSource: setting dataspace: 0x104, acquired=0
01-16 19:35:54.833  3596  3699 D CCodec  : ISConfig not changed
01-16 19:35:54.837  3596  3699 W Codec2Client: query -- param skipped: index = 1342179345.
01-16 19:35:54.837  3596  3699 W Codec2Client: query -- param skipped: index = 2415921170.
01-16 19:35:54.838  3596  3699 D CCodecBufferChannel: [c2.android.avc.encoder#1] Using basic input block pool with poolID 1 => got 1 - OK (0)
01-16 19:35:54.839  3596  3699 D C2Store : Using DMABUF Heaps
01-16 19:35:54.843   569   924 D BufferPoolAccessor2.0: bufferpool2 0xb400007118581968 : 0(0 size) total buffers - 0(0 size) used buffers - 1/7 (recycle/alloc) - 6/18 (fetch/transfer)
01-16 19:35:54.843   569   924 D BufferPoolAccessor2.0: Destruction - bufferpool2 0xb400007118581968 cached: 0/0M, 0/0% in use; allocs: 7, 14% recycled; transfers: 18, 67% unfetched
01-16 19:35:54.843   569   924 D BufferPoolAccessor2.0: bufferpool2 0xb400007118587398 : 0(0 size) total buffers - 0(0 size) used buffers - 2/7 (recycle/alloc) - 5/24 (fetch/transfer)
01-16 19:35:54.843   569   924 D BufferPoolAccessor2.0: Destruction - bufferpool2 0xb400007118587398 cached: 0/0M, 0/0% in use; allocs: 7, 29% recycled; transfers: 24, 79% unfetched
01-16 19:35:54.843   569   924 D BufferPoolAccessor2.0: bufferpool2 0xb400007118587838 : 0(0 size) total buffers - 0(0 size) used buffers - 2/7 (recycle/alloc) - 5/34 (fetch/transfer)
01-16 19:35:54.843   569   924 D BufferPoolAccessor2.0: Destruction - bufferpool2 0xb400007118587838 cached: 0/0M, 0/0% in use; allocs: 7, 29% recycled; transfers: 34, 85% unfetched
01-16 19:35:54.843   569   924 D BufferPoolAccessor2.0: bufferpool2 0xb400007118583e68 : 0(0 size) total buffers - 0(0 size) used buffers - 2/7 (recycle/alloc) - 5/34 (fetch/transfer)
01-16 19:35:54.843   569   924 D BufferPoolAccessor2.0: Destruction - bufferpool2 0xb400007118583e68 cached: 0/0M, 0/0% in use; allocs: 7, 29% recycled; transfers: 34, 85% unfetched
01-16 19:35:54.843   812  1206 D BufferPoolAccessor2.0: bufferpool2 0xb4000071185588a8 : 0(0 size) total buffers - 0(0 size) used buffers - 2/7 (recycle/alloc) - 4/38 (fetch/transfer)
01-16 19:35:54.844   569   922 D BufferPoolAccessor2.0: bufferpool2 0xb400007118586ef8 : 0(0 size) total buffers - 0(0 size) used buffers - 1/7 (recycle/alloc) - 6/24 (fetch/transfer)
01-16 19:35:54.844   569   922 D BufferPoolAccessor2.0: Destruction - bufferpool2 0xb400007118586ef8 cached: 0/0M, 0/0% in use; allocs: 7, 14% recycled; transfers: 24, 75% unfetched
01-16 19:35:54.844   569   922 D BufferPoolAccessor2.0: bufferpool2 0xb400007118581e08 : 0(0 size) total buffers - 0(0 size) used buffers - 2/7 (recycle/alloc) - 5/26 (fetch/transfer)
01-16 19:35:54.844   569   922 D BufferPoolAccessor2.0: Destruction - bufferpool2 0xb400007118581e08 cached: 0/0M, 0/0% in use; allocs: 7, 29% recycled; transfers: 26, 81% unfetched
01-16 19:35:54.846  3596  3699 I CCodecBufferChannel: [c2.android.avc.encoder#1] Created output block pool with allocatorID 16 => poolID 35 - OK
01-16 19:35:54.846  3596  3699 D CCodecBufferChannel: [c2.android.avc.encoder#1] Configured output block pool ids 35 => OK
01-16 19:35:54.846   478  1891 W ResourceManagerServiceUtils: Ignoring request to add new resource entry with value <= 0
01-16 19:35:54.847   812  1206 D BufferPoolAccessor2.0: Destruction - bufferpool2 0xb4000071185588a8 cached: 0/0M, 0/0% in use; allocs: 7, 29% recycled; transfers: 38, 89% unfetched
01-16 19:35:54.848   812  1206 D BufferPoolAccessor2.0: bufferpool2 0xb400007118559688 : 0(0 size) total buffers - 0(0 size) used buffers - 2/7 (recycle/alloc) - 5/36 (fetch/transfer)
01-16 19:35:54.848   812  1206 D BufferPoolAccessor2.0: Destruction - bufferpool2 0xb400007118559688 cached: 0/0M, 0/0% in use; allocs: 7, 29% recycled; transfers: 36, 86% unfetched
01-16 19:35:54.848   812  1206 D BufferPoolAccessor2.0: bufferpool2 0xb400007118552788 : 0(0 size) total buffers - 0(0 size) used buffers - 2/7 (recycle/alloc) - 5/18 (fetch/transfer)
01-16 19:35:54.848   812  1206 D BufferPoolAccessor2.0: Destruction - bufferpool2 0xb400007118552788 cached: 0/0M, 0/0% in use; allocs: 7, 29% recycled; transfers: 18, 72% unfetched
01-16 19:35:54.854  3596  3693 D MPEG4Writer: PreAllocation enabled
01-16 19:35:54.859   569   882 D FileUtils: Rounded bytes from 2070597632 to 4000000000
01-16 19:35:54.862   569   882 D FileUtils: Rounded bytes from 2070597632 to 4000000000
01-16 19:35:54.954  3596  3652 D GraphicBufferSource: got buffer with new dataSpace 0x104
01-16 19:35:54.954  3596  3652 D C2NodeImpl: dataspace changed to 0x104 pixel format: 0x1
01-16 19:35:54.956   482  3705 D SimpleC2Component: Using output block pool with poolID 35 => got 35 - 0
01-16 19:35:54.956   482  3705 D SimpleC2Component: applied 2 configUpdates => BAD_INDEX (6)
01-16 19:35:54.956   482  3705 D C2SoftAvcEnc: Params width 544 height 1184 level 41 colorFormat 0 bframes 0
01-16 19:35:54.969   162   162 I servicemanager: Caller(pid=482,uid=1046,sid=u:r:mediaswcodec:s0) Could not find android.hardware.graphics.allocator.IAllocator/default in the VINTF manifest. No alternative instances declared in VINTF.
01-16 19:35:54.967   163   163 I hwservicemanager: getTransport: Cannot find entry android.hardware.graphics.mapper@4.0::IMapper/default in either framework or device VINTF manifest.
01-16 19:35:54.967   482  3705 I Gralloc4: mapper 4.x is not supported
01-16 19:35:54.981  3596  3699 D CCodecConfig: c2 config diff is   Buffer coded.init-data.value = {
01-16 19:35:54.981  3596  3699 D CCodecConfig:     00000000:  00 00 00 01 67 42 c0 29  8d 68 08 80 95 a4 20 20  ....gB.).h....  
01-16 19:35:54.981  3596  3699 D CCodecConfig:     00000010:  20 20 f0 88 46 a0 00 00  00 01 68 ce 01 a8 35 c8    ..F.....h...5.
01-16 19:35:54.981  3596  3699 D CCodecConfig:   }
01-16 19:35:55.383   569   724 D InetDiagMessage: Destroyed 0 sockets, proto=IPPROTO_TCP, family=AF_INET, states=14
01-16 19:35:55.383   569   724 D InetDiagMessage: Destroyed 0 sockets, proto=IPPROTO_TCP, family=AF_INET6, states=14
01-16 19:35:55.383   569   724 D InetDiagMessage: Destroyed live tcp sockets for uids={10168} in 1ms
01-16 19:35:55.384   569   724 D InetDiagMessage: Destroyed 0 sockets, proto=IPPROTO_TCP, family=AF_INET, states=14
01-16 19:35:55.384   569   724 D InetDiagMessage: Destroyed 0 sockets, proto=IPPROTO_TCP, family=AF_INET6, states=14
01-16 19:35:55.384   569   724 D InetDiagMessage: Destroyed live tcp sockets for uids={20168} in 1ms
01-16 19:35:55.785   569   724 D InetDiagMessage: Destroyed 0 sockets, proto=IPPROTO_TCP, family=AF_INET, states=14
01-16 19:35:55.786   569   724 D InetDiagMessage: Destroyed 0 sockets, proto=IPPROTO_TCP, family=AF_INET6, states=14
01-16 19:35:55.786   569   724 D InetDiagMessage: Destroyed live tcp sockets for uids={10195} in 1ms
01-16 19:35:55.786   569   724 D InetDiagMessage: Destroyed 0 sockets, proto=IPPROTO_TCP, family=AF_INET, states=14
01-16 19:35:55.786   569   724 D InetDiagMessage: Destroyed 0 sockets, proto=IPPROTO_TCP, family=AF_INET6, states=14
01-16 19:35:55.786   569   724 D InetDiagMessage: Destroyed live tcp sockets for uids={20195} in 1ms
01-16 19:35:56.003  3596  3654 D EGL_emulation: app_time_stats: avg=1174.72ms min=1116.73ms max=1232.71ms count=2
01-16 19:35:56.050  3596  3652 D MPEG4Writer: fpathconf _PC_FILESIZEBITS:64
01-16 19:35:56.050  3596  3652 D MPEG4Writer: File size limit set to 4503599627370495 bytes implicitly
01-16 19:35:56.050  3596  3652 D MPEG4Writer: MP4WtrCtrlHlpLooper Started
01-16 19:35:56.050  3596  3652 I MPEG4Writer: limits: 4503599627370495/0 bytes/us, bit rate: -1 bps and the estimated moov size 3192 bytes
01-16 19:35:56.060  3596  3713 I MPEG4Writer: setStartTimestampUs: 199000
01-16 19:35:56.060  3596  3713 I MPEG4Writer: Earliest track starting time: 199000
01-16 19:35:56.798   569   604 D OomAdjuster: Not killing cached processes
01-16 19:35:56.829   369   369 I netd    : tetherGetStats() -> {[]} <2.06ms>
01-16 19:35:57.099  3596  3654 D EGL_emulation: app_time_stats: avg=1096.00ms min=1096.00ms max=1096.00ms count=1
01-16 19:35:57.488  3596  3720 D ProfileInstaller: Installing profile for com.ruitb.test.my_app.dev
01-16 19:35:57.603   569   882 W ActivityManager: stopServiceToken startId 8 is last, but have 1 remaining args
01-16 19:35:58.181  3596  3654 D EGL_emulation: app_time_stats: avg=1081.52ms min=1081.52ms max=1081.52ms count=1
01-16 19:35:58.204  1519  1529 W gle.android.gms: ApkAssets: Deleting an ApkAssets object '<empty> and /data/app/~~0okfi5_GN5striB_7Fzphw==/com.ruitb.test.my_app.dev-mSL2CP4K4h9K1ZLq2d7xpA==/base.apk' with 1 weak references
01-16 19:35:58.784   369   369 I netd    : tetherGetStats() -> {[]} <0.53ms>
01-16 19:35:58.916   411   498 W AudioFlinger: createTrack_l(): mismatch between requested flags (00000004) and output flags (00000002)
01-16 19:35:58.934   411   498 D audioserver: logFgsApiBegin: FGS Logger Transaction failed, -129
01-16 19:35:58.952   569  2258 W AS.PlaybackActivityMon: No piid assigned for invalid/internal port id 15
01-16 19:35:59.078  3596  3660 D EGL_emulation: app_time_stats: avg=1855.46ms min=24.81ms max=5392.82ms count=3
01-16 19:35:59.085  3596  3596 W WindowOnBackDispatcher: OnBackInvokedCallback is not enabled for the application.
01-16 19:35:59.085  3596  3596 W WindowOnBackDispatcher: Set 'android:enableOnBackInvokedCallback="true"' in the application manifest.
01-16 19:35:59.157   411   524 D audioserver: logFgsApiEnd: FGS Logger Transaction failed, -129
01-16 19:35:59.171   569   670 D ActivityManager: freezing 1670 android.process.media
01-16 19:35:59.172   569   670 D ActivityManager: freezing 1757 com.google.android.apps.wallpaper
01-16 19:35:59.173   569   724 D InetDiagMessage: Destroyed 0 sockets, proto=IPPROTO_TCP, family=AF_INET, states=14
01-16 19:35:59.173   569   724 D InetDiagMessage: Destroyed 0 sockets, proto=IPPROTO_TCP, family=AF_INET6, states=14
01-16 19:35:59.174   569   724 D InetDiagMessage: Destroyed live tcp sockets for uids={10093} in 0ms
01-16 19:35:59.187   569   724 D InetDiagMessage: Destroyed 0 sockets, proto=IPPROTO_TCP, family=AF_INET, states=14
01-16 19:35:59.187   569   724 D InetDiagMessage: Destroyed 0 sockets, proto=IPPROTO_TCP, family=AF_INET6, states=14
01-16 19:35:59.187   569   724 D InetDiagMessage: Destroyed live tcp sockets for uids={10180} in 0ms
01-16 19:35:59.262  3596  3654 D EGL_emulation: app_time_stats: avg=1081.01ms min=1081.01ms max=1081.01ms count=1
01-16 19:35:59.848   569   918 D BufferPoolAccessor2.0: evictor expired: 6, evicted: 0
01-16 19:35:59.850   812  1205 D BufferPoolAccessor2.0: evictor expired: 3, evicted: 0
01-16 19:36:00.039  1379  1510 I AiAiEcho: Predicting[0]:  [CONTEXT sampling_count=5 ]
01-16 19:36:00.039  1379  1510 I AiAiEcho: EchoTargets: 
01-16 19:36:00.039  1379  1510 I AiAiEcho: Filtered by AiAi flag check: 
01-16 19:36:00.039  1379  1510 I AiAiEcho: [CONTEXT ratelimit_period="10 SECONDS" ]
01-16 19:36:00.046  1379  1510 I AiAiEcho: Ranked targets strategy: SORT, count: 0, ranking metadata:  [CONTEXT ratelimit_period="10 SECONDS" ]
01-16 19:36:00.050  1379  1510 I AiAiEcho: #remoteViewsTwiddler: feature disabled.
01-16 19:36:00.051  1379  1510 I AiAiEcho: Predicting[0]:  [CONTEXT sampling_count=5 ]
01-16 19:36:00.051  1379  1510 I AiAiEcho: EchoTargets: 
01-16 19:36:00.051  1379  1510 I AiAiEcho: Filtered by AiAi flag check: 
01-16 19:36:00.051  1379  1510 I AiAiEcho: [CONTEXT ratelimit_period="10 SECONDS" ]
01-16 19:36:00.051  1379  1510 I AiAiEcho: Ranked targets strategy: SORT, count: 0, ranking metadata:  [CONTEXT ratelimit_period="10 SECONDS" ]
01-16 19:36:00.051  1379  1510 I AiAiEcho: #remoteViewsTwiddler: feature disabled.
01-16 19:36:00.053   812   995 D EGL_emulation: app_time_stats: avg=4861.25ms min=25.51ms max=9696.99ms count=2
01-16 19:36:00.059  1379  1510 I AiAiEcho: #postPredictionTargets: Sending updates to UISurface lockscreen with targets# 0 (types=[])
01-16 19:36:00.063  1379  1510 I AiAiEcho: #postPredictionTargets: Sending updates to UISurface home with targets# 0 (types=[])
01-16 19:36:00.064   812   812 W PageIndicator: Total number of pages invalid: 0. Assuming 1 page.
01-16 19:36:00.070  1101  1101 D SsBaseTemplateCard: No text view can be set up
01-16 19:36:00.070  1101  1101 D SsBaseTemplateCard: Passed-in item info is null
01-16 19:36:00.070  1101  1101 D SsBaseTemplateCard: Passed-in item info is null
01-16 19:36:00.070  1101  1101 D SsBaseTemplateCard: Passed-in item info is null
01-16 19:36:00.070  1101  1101 I SsBaseTemplateCard: Secondary card pane is null
01-16 19:36:00.074   369   369 I netd    : tetherGetStats() -> {[]} <1.12ms>
01-16 19:36:00.348  3596  3654 D EGL_emulation: app_time_stats: avg=1085.69ms min=1085.69ms max=1085.69ms count=1
01-16 19:36:00.374   569   670 D ActivityManager: freezing 2853 com.google.android.apps.photos
01-16 19:36:00.376   569   724 D InetDiagMessage: Destroyed 0 sockets, proto=IPPROTO_TCP, family=AF_INET, states=14
01-16 19:36:00.376   569   724 D InetDiagMessage: Destroyed 0 sockets, proto=IPPROTO_TCP, family=AF_INET6, states=14
01-16 19:36:00.377   569   724 D InetDiagMessage: Destroyed live tcp sockets for uids={10168} in 0ms
01-16 19:36:00.399  3596  3660 D EGL_emulation: app_time_stats: avg=660.46ms min=47.13ms max=1273.79ms count=2
01-16 19:36:00.403   482  3705 D BufferPoolAccessor2.0: bufferpool2 0xb400007328604188 : 1(966144 size) total buffers - 1(966144 size) used buffers - 5/6 (recycle/alloc) - 1/5 (fetch/transfer)
01-16 19:36:00.506   569   724 W IPCThreadState: Sending oneway calls to frozen process.
01-16 19:36:00.508   569   724 W IPCThreadState: Sending oneway calls to frozen process.
01-16 19:36:00.509   569   724 W IPCThreadState: Sending oneway calls to frozen process.
01-16 19:36:00.509   569   724 W IPCThreadState: Sending oneway calls to frozen process.
01-16 19:36:00.509   569   724 W IPCThreadState: Sending oneway calls to frozen process.
01-16 19:36:00.537  1436  2036 I BugleRcsEngine: handleMessage processing message:[NOTIFY_UPTIME_IGNORE_STATE_CHANGED] with [non-null]:RcsEngineImpl reference [CONTEXT log_prefix="RcsEngineImpl[DUAL_REG]:[e40e57a9-167b]>Handler" thread_id=66 ]
01-16 19:36:00.548  1436  1733 I BugleRcsEngine: Connected state: [1], networkType: [WIFI] [CONTEXT thread_id=59 ]
01-16 19:36:00.556  1035  1048 I ChimeraSrvcProxy: NullBinder for android.net.action.RECOMMEND_NETWORKS triggering remote TransactionTooLargeException due to Service without Chimera impl
01-16 19:36:00.556  1035  1048 W .gms.persistent: Large reply transaction of 1056768 bytes, interface descriptor , code 1
01-16 19:36:00.581  1436  2036 I BugleRcsEngine: No RCS Configuration was found in Bugle for simID: redacted-pii:sim_id[chars:20,last3:897] [CONTEXT log_prefix="ProvisioningEngineDataRetriever" thread_id=66 ]
01-16 19:36:00.629   569  2258 D FileUtils: Rounded bytes from 2070597632 to 4000000000
