01-16 19:48:04.372  6236  6261 E DataProcessor: abnormal entry list in the timestamp:Jan 15, 2026, 06:00:00
01-16 19:48:04.372  6236  6261 E DataProcessor: abnormal entry list in the timestamp:Jan 15, 2026, 07:00:00
01-16 19:48:04.372  6236  6261 E DataProcessor: abnormal entry list in the timestamp:Jan 15, 2026, 08:00:00
01-16 19:48:04.372  6236  6261 E DataProcessor: abnormal entry list in the timestamp:Jan 15, 2026, 09:00:00
01-16 19:48:04.372  6236  6261 E DataProcessor: abnormal entry list in the timestamp:Jan 15, 2026, 19:00:00
01-16 19:48:04.372  6236  6261 E DataProcessor: abnormal entry list in the timestamp:Jan 15, 2026, 20:00:00
01-16 19:48:04.372  6236  6261 E DataProcessor: abnormal entry list in the timestamp:Jan 15, 2026, 21:00:00
01-16 19:48:04.373  6236  6261 E DataProcessor: abnormal entry list in the timestamp:Jan 15, 2026, 22:00:00
01-16 19:48:04.373  6236  6261 E DataProcessor: abnormal entry list in the timestamp:Jan 15, 2026, 23:00:00
01-16 19:48:04.373  6236  6261 E DataProcessor: abnormal entry list in the timestamp:Jan 16, 2026, 00:00:00
01-16 19:48:04.373  6236  6261 E DataProcessor: abnormal entry list in the timestamp:Jan 16, 2026, 01:00:00
01-16 19:48:04.373  6236  6261 E DataProcessor: abnormal entry list in the timestamp:Jan 16, 2026, 02:00:00
01-16 19:48:04.373  6236  6261 E DataProcessor: abnormal entry list in the timestamp:Jan 16, 2026, 03:00:00
01-16 19:48:04.373  6236  6261 E DataProcessor: abnormal entry list in the timestamp:Jan 16, 2026, 04:00:00
01-16 19:48:04.373  6236  6261 E DataProcessor: abnormal entry list in the timestamp:Jan 16, 2026, 05:00:00
01-16 19:48:04.373  6236  6261 E DataProcessor: abnormal entry list in the timestamp:Jan 16, 2026, 06:00:00
01-16 19:48:04.373  6236  6261 E DataProcessor: abnormal entry list in the timestamp:Jan 16, 2026, 07:00:00
01-16 19:48:04.373  6236  6261 E DataProcessor: abnormal entry list in the timestamp:Jan 16, 2026, 08:00:00
01-16 19:48:04.373  6236  6261 E DataProcessor: abnormal entry list in the timestamp:Jan 16, 2026, 09:00:00
01-16 19:48:04.373  6236  6261 E DataProcessor: abnormal entry list in the timestamp:Jan 16, 2026, 10:00:00
01-16 19:48:04.373  6236  6261 E DataProcessor: abnormal entry list in the timestamp:Jan 16, 2026, 11:00:00
01-16 19:48:04.373  6236  6261 E DataProcessor: abnormal entry list in the timestamp:Jan 16, 2026, 12:00:00
01-16 19:48:04.373  6236  6261 E DataProcessor: abnormal entry list in the timestamp:Jan 16, 2026, 13:00:00
01-16 19:48:04.373  6236  6261 E DataProcessor: abnormal entry list in the timestamp:Jan 16, 2026, 14:00:00
01-16 19:48:04.373  6236  6261 E DataProcessor: abnormal entry list in the timestamp:Jan 16, 2026, 15:00:00
01-16 19:48:04.374  6236  6261 E DataProcessor: abnormal entry list in the timestamp:Jan 16, 2026, 16:00:00
01-16 19:48:04.374   569  4478 W OptProp : Cannot read opt property android.window.PROPERTY_COMPAT_ALLOW_MIN_ASPECT_RATIO_OVERRIDE
01-16 19:48:04.374  6236  6261 E DataProcessor: abnormal entry list in the timestamp:Jan 16, 2026, 17:00:00
01-16 19:48:04.374  6236  6261 E DataProcessor: abnormal entry list in the timestamp:Jan 16, 2026, 18:00:00
01-16 19:48:04.376  6236  6261 E DataProcessor: abnormal entry list in the timestamp:Jan 16, 2026, 19:00:00
01-16 19:48:04.379   812   847 V WindowManagerShell: Transition requested (#25): android.os.BinderProxy@e79ad33 TransitionRequestInfo { type = OPEN, triggerTask = TaskInfo{userId=0 taskId=154 displayId=0 isRunning=true baseIntent=Intent { act=android.settings.APPLICATION_DETAILS_SETTINGS dat=package: flg=0x10008000 cmp=com.android.settings/.applications.InstalledAppDetails } baseActivity=ComponentInfo{com.android.settings/com.android.settings.applications.InstalledAppDetailsTop} topActivity=ComponentInfo{com.android.settings/com.android.settings.spa.SpaActivity} origActivity=ComponentInfo{com.android.settings/com.android.settings.applications.InstalledAppDetails} realActivity=ComponentInfo{com.android.settings/com.android.settings.applications.InstalledAppDetailsTop} numActivities=2 lastActiveTime=1005954 supportsMultiWindow=true resizeMode=1 isResizeable=true minWidth=-1 minHeight=-1 defaultMinSize=220 token=WCT{android.window.IWindowContainerToken$Stub$Proxy@50678f0} topActivityType=1 pictureInPictureParams=null shouldDockBigOverlays=false launchIntoPipHostTaskId=-1 lastParentTaskIdBeforePip=-1 displayCutoutSafeInsets=null topActivityInfo=ActivityInfo{63ace69 com.android.settings.spa.SpaActivity} launchCookies=[] positionInParent=Point(0, 0) parentTaskId=-1 isFocused=true isVisible=true isVisibleRequested=true isSleeping=false locusId=null displayAreaFeatureId=1 isTopActivityTransparent=false appCompatTaskInfo=AppCompatTaskInfo { topActivityInSizeCompat=false topActivityEligibleForLetterboxEducation= falseisLetterboxEducationEnabled= true isLetterboxDoubleTapEnabled= false topActivityEligibleForUserAspectRatioButton= false topActivityBoundsLetterboxed= false isFromLetterboxDoubleTap= false topActivityLetterboxVerticalPosition= -1 topActivityLetterboxHorizontalPosition= -1 topActivityLetterboxWidth=1080 topActivityLetterboxHeight=2340 isUserFullscreenOverrideEnabled=false isSystemFullscreenOverrideEnabled=false cameraCompatTaskInfo=CameraCompatTaskInfo { cameraCompatControlState=hidden freeformCameraCompatMode=inactive}}}, pipTask = null, remoteTransition = null, displayChange = null, flags = 0, debugId = 25 }
01-16 19:48:04.379   569  4478 I ActivityTaskManager: START u0 {cmp=com.android.settings/.spa.SpaActivity (has extras)} with LAUNCH_MULTIPLE from uid 1000 (BAL_ALLOW_VISIBLE_WINDOW) result code=0
01-16 19:48:04.384   569  4473 D TelephonyManager: requestModemActivityInfo: Sending result to app: ModemActivityInfo{ mTimestamp=1005960 mSleepTimeMs=0 mIdleTimeMs=1005955 mActivityStatsTechSpecificInfo=[{mRat=UNKNOWN,mFrequencyRange=UNKNOWN,mTxTimeMs[]=[0, 0, 0, 0, 0],mRxTimeMs=0}]}
01-16 19:48:04.385  6260  6260 D nativeloader: Configuring clns-8 for other apk /data/app/~~F-FIFR6euvZXZdlGc3IOUg==/com.android.chrome-lWvjph_RcALt25sRYn0MFA==/Chrome.apk. target_sdk_version=34, uses_libraries=, library_path=/data/app/~~F-FIFR6euvZXZdlGc3IOUg==/com.android.chrome-lWvjph_RcALt25sRYn0MFA==/lib/arm64:/data/app/~~F-FIFR6euvZXZdlGc3IOUg==/com.android.chrome-lWvjph_RcALt25sRYn0MFA==/Chrome.apk!/lib/arm64-v8a:/data/app/~~0taSCBhqTbfNSJRTSp7KQQ==/com.google.android.trichromelibrary_636771932-PLpryk6ZuZEzTsmgkO53Wg==/TrichromeLibrary.apk!/lib/arm64-v8a, permitted_path=/data:/mnt/expand:/data/user/0/com.android.chrome
01-16 19:48:04.388  6236  6259 D CompatChangeReporter: Compat change id reported: 270674727; UID 1000; state: ENABLED
01-16 19:48:04.388   569  4473 W BatteryExternalStatsWorker: error reading Bluetooth stats: 11
01-16 19:48:04.389   569   891 W OptProp : Cannot read opt property android.window.PROPERTY_COMPAT_ENABLE_FAKE_FOCUS
01-16 19:48:04.390   569   891 W OptProp : Cannot read opt property android.window.PROPERTY_COMPAT_ALLOW_RESIZEABLE_ACTIVITY_OVERRIDES
01-16 19:48:04.390   569   613 W KernelCpuProcStringReader: File not found. It's normal if not implemented: /proc/uid_concurrent_policy_time
01-16 19:48:04.392   415   415 I BpBinder: onLastStrongRef automatically unlinking death recipients: 
01-16 19:48:04.393   812  1246 V WindowManagerShell: onTransitionReady(transaction=2443836392464)
01-16 19:48:04.393   812   847 V WindowManagerShell: onTransitionReady (#25) android.os.BinderProxy@e79ad33: {id=25 t=OPEN f=0x0 trk=0 r=[0@Point(0, 0)] c=[{null m=OPEN f=STARTING_WINDOW_TRANSFER|FILLS_TASK|IS_BEHIND_STARTING_WINDOW leash=Surface(name=ActivityRecord{2a7290a u0 com.android.settings/.spa.SpaActivity)/@0x2410ee sb=Rect(0, 0 - 0, 0) eb=Rect(0, 0 - 1080, 2340) d=-1->0 r=-1->0:-1 bc=ffeeedf4 component=com.android.settings/.spa.SpaActivity},{null m=CLOSE f=FILLS_TASK|IS_BEHIND_STARTING_WINDOW leash=Surface(name=ActivityRecord{cb4bbec u0 com.android.settings/.applications.InstalledAppDetails)/@0x297e98f sb=Rect(0, 0 - 1080, 2340) eb=Rect(0, 0 - 1080, 2340) d=0 bc=ffeeedf4 component=com.android.settings/.applications.InstalledAppDetailsTop}]}
01-16 19:48:04.393   812   847 V WindowManagerShell: Non-visible anim so abort: (#25) android.os.BinderProxy@e79ad33@0
01-16 19:48:04.393   812   847 V WindowManagerShell: Transition animation finished (aborted=true), notifying core (#25) android.os.BinderProxy@e79ad33@0
01-16 19:48:04.396   812   847 V WindowManagerShell: Track 0 became idle
01-16 19:48:04.396   812   847 V WindowManagerShell: All active transition animations finished
01-16 19:48:04.397   569  4473 W UserManagerService: Requested status bar icon for non-badged user 0
01-16 19:48:04.398   569   891 W UserManagerService: Requested status bar icon for non-badged user 0
01-16 19:48:04.399   569   891 W UserManagerService: Requested status bar icon for non-badged user 0
01-16 19:48:04.399   569   594 V WindowManager: Sent Transition (#25) createdAt=01-16 19:48:04.370 via request=TransitionRequestInfo { type = OPEN, triggerTask = TaskInfo{userId=0 taskId=154 displayId=0 isRunning=true baseIntent=Intent { act=android.settings.APPLICATION_DETAILS_SETTINGS dat=package: flg=0x10008000 cmp=com.android.settings/.applications.InstalledAppDetails } baseActivity=ComponentInfo{com.android.settings/com.android.settings.applications.InstalledAppDetailsTop} topActivity=ComponentInfo{com.android.settings/com.android.settings.spa.SpaActivity} origActivity=ComponentInfo{com.android.settings/com.android.settings.applications.InstalledAppDetails} realActivity=ComponentInfo{com.android.settings/com.android.settings.applications.InstalledAppDetailsTop} numActivities=2 lastActiveTime=1005954 supportsMultiWindow=true resizeMode=1 isResizeable=true minWidth=-1 minHeight=-1 defaultMinSize=220 token=WCT{RemoteToken{d7034ee Task{ebe1bb5 #154 type=standard A=1000:com.android.settings}}} topActivityType=1 pictureInPictureParams=null shouldDockBigOverlays=false launchIntoPipHostTaskId=-1 lastParentTaskIdBeforePip=-1 displayCutoutSafeInsets=null topActivityInfo=ActivityInfo{3918ac5 com.android.settings.spa.SpaActivity} launchCookies=[] positionInParent=Point(0, 0) parentTaskId=-1 isFocused=true isVisible=true isVisibleRequested=true isSleeping=false locusId=null displayAreaFeatureId=1 isTopActivityTransparent=false appCompatTaskInfo=AppCompatTaskInfo { topActivityInSizeCompat=false topActivityEligibleForLetterboxEducation= falseisLetterboxEducationEnabled= true isLetterboxDoubleTapEnabled= false topActivityEligibleForUserAspectRatioButton= false topActivityBoundsLetterboxed= false isFromLetterboxDoubleTap= false topActivityLetterboxVerticalPosition= -1 topActivityLetterboxHorizontalPosition= -1 topActivityLetterboxWidth=1080 topActivityLetterboxHeight=2340 isUserFullscreenOverrideEnabled=false isSystemFullscreenOverrideEnabled=false cameraCompatTaskInfo=CameraCompatTaskInfo { cameraCompatControlState=hidden freeformCameraCompatMode=inactive}}}, pipTask = null, remoteTransition = null, displayChange = null, flags = 0, debugId = 25 }
01-16 19:48:04.399   569   594 V WindowManager:     startWCT=WindowContainerTransaction { changes = {} hops = [] errorCallbackToken=null taskFragmentOrganizer=null }
01-16 19:48:04.399   569   594 V WindowManager:     info={id=25 t=OPEN f=0x0 trk=0 r=[0@Point(0, 0)] c=[
01-16 19:48:04.399   569   594 V WindowManager:         {null m=OPEN f=STARTING_WINDOW_TRANSFER|FILLS_TASK|IS_BEHIND_STARTING_WINDOW leash=Surface(name=ActivityRecord{2a7290a u0 com.android.settings/.spa.SpaActivity)/@0xf70e32f sb=Rect(0, 0 - 0, 0) eb=Rect(0, 0 - 1080, 2340) d=-1->0 r=-1->0:-1 bc=ffeeedf4 component=com.android.settings/.spa.SpaActivity},
01-16 19:48:04.399   569   594 V WindowManager:         {null m=CLOSE f=FILLS_TASK|IS_BEHIND_STARTING_WINDOW leash=Surface(name=ActivityRecord{cb4bbec u0 com.android.settings/.applications.InstalledAppDetails)/@0x3846d0e sb=Rect(0, 0 - 1080, 2340) eb=Rect(0, 0 - 1080, 2340) d=0 bc=ffeeedf4 component=com.android.settings/.applications.InstalledAppDetailsTop}
01-16 19:48:04.399   569   594 V WindowManager:     ]}
01-16 19:48:04.399   569   594 V WindowManager: Finish Transition (#25): created at 01-16 19:48:04.370 collect-started=0.024ms request-sent=7.768ms started=9.959ms ready=19.304ms sent=21.372ms finished=23.887ms
01-16 19:48:04.404  6260  6260 V GraphicsEnvironment: Currently set values for:
01-16 19:48:04.404  6260  6260 V GraphicsEnvironment:   angle_gl_driver_selection_pkgs=[]
01-16 19:48:04.404  6260  6260 V GraphicsEnvironment:   angle_gl_driver_selection_values=[]
01-16 19:48:04.404  6260  6260 V GraphicsEnvironment: Global.Settings values are invalid: number of packages: 0, number of values: 0
01-16 19:48:04.404  6260  6260 V GraphicsEnvironment: Neither updatable production driver nor prerelease driver is supported.
01-16 19:48:04.405  6236  6236 W HWUI    : Unknown dataspace 0
01-16 19:48:04.407  6260  6260 I LoadedApk: No resource references to update in package com.google.android.trichromelibrary
01-16 19:48:04.412   569  4473 D CoreBackPreview: Window{24bf7d4 u0 com.android.settings/com.android.settings.spa.SpaActivity}: Setting back callback OnBackInvokedCallbackInfo{mCallback=android.window.IOnBackInvokedCallback$Stub$Proxy@4424472, mPriority=-1, mIsAnimationCallback=false}
01-16 19:48:04.413  6260  6260 I cr_SplitCompatApp: Launched version=124.0.6367.219 minSdkVersion=29 isBundle=true processName=com.android.chrome isIsolated=false
01-16 19:48:04.420   369   369 I netd    : tetherGetStats() -> {[]} <0.32ms>
01-16 19:48:04.443  6236  6236 D SppRepository: Initialize Completed: 28 spp
01-16 19:48:04.447  6260  6282 I cr_LibraryLoader: Loading monochrome_64 from within /data/app/~~F-FIFR6euvZXZdlGc3IOUg==/com.android.chrome-lWvjph_RcALt25sRYn0MFA==/Chrome.apk
01-16 19:48:04.451   569   891 D CompatChangeReporter: Compat change id reported: 161145287; UID 10145; state: ENABLED
01-16 19:48:04.453  6260  6282 D nativeloader: Load /data/app/~~F-FIFR6euvZXZdlGc3IOUg==/com.android.chrome-lWvjph_RcALt25sRYn0MFA==/Chrome.apk!/lib/arm64-v8a/libchromium_android_linker.so using ns clns-8 from class loader (caller=/data/app/~~F-FIFR6euvZXZdlGc3IOUg==/com.android.chrome-lWvjph_RcALt25sRYn0MFA==/Chrome.apk): ok
01-16 19:48:04.453  6260  6282 I cr_Linker: loadLibraryImplLocked: monochrome_64, relroMode=1
01-16 19:48:04.466  6236  6254 I EGL_emulation: Opening libGLESv1_CM_emulation.so
01-16 19:48:04.466  6236  6254 I EGL_emulation: Opening libGLESv2_emulation.so
01-16 19:48:04.468  5238  5323 I FontLog : Received query Google Sans, URI content://com.google.android.gms.fonts [CONTEXT service_id=132 ]
01-16 19:48:04.470  6236  6254 W HWUI    : Failed to choose config with EGL_SWAP_BEHAVIOR_PRESERVED, retrying without...
01-16 19:48:04.470  6236  6254 W HWUI    : Failed to initialize 101010-2 format, error = EGL_SUCCESS
01-16 19:48:04.478  5238  5323 I FontLog : Query [Google Sans] resolved to {Google Sans, wdth 100.0, wght 400, ital 0.0, bestEffort false} [CONTEXT service_id=132 ]
01-16 19:48:04.479  5238  5323 I FontLog : Font PFD returned from cache for {Google Sans, wdth 100.0, wght 400, ital 0.0, bestEffort false} [CONTEXT service_id=132 ]
01-16 19:48:04.480  5238  5323 I FontLog : Fetch {Google Sans, wdth 100.0, wght 400, ital 0.0, bestEffort false} end status Status{statusCode=SUCCESS, resolution=null} [CONTEXT service_id=132 ]
01-16 19:48:04.484  6260  6285 W DynamiteModule: Local module descriptor class for com.google.android.gms.googlecertificates not found.
01-16 19:48:04.486   569  1686 I AggregatedPowerStats: Too many clock updates. Replacing the previous update with 2025-11-26-10-22-15
01-16 19:48:04.490   569  1686 I AggregatedPowerStats: Too many clock updates. Replacing the previous update with 2025-11-26-11-29-47
--------- beginning of kernel
01-16 19:48:04.492   162   162 I servicemanager: Caller(pid=6236,uid=1000,sid=u:r:system_app:s0) Could not find android.hardware.graphics.allocator.IAllocator/default in the VINTF manifest. No alternative instances declared in VINTF.
01-16 19:48:04.491   163   163 I hwservicemanager: getTransport: Cannot find entry android.hardware.graphics.mapper@4.0::IMapper/default in either framework or device VINTF manifest.
01-16 19:48:04.491  6236  6254 I Gralloc4: mapper 4.x is not supported
01-16 19:48:04.494  5238  5323 I FontLog : Pulling font file for id = 5, cache size = 5 [CONTEXT service_id=132 ]
01-16 19:48:04.498  6260  6285 W ziparchive: Unable to open '/data/user_de/0/com.google.android.gms/app_chimera/m/00000002/DynamiteLoader.uncompressed.dm': No such file or directory
01-16 19:48:04.498  6260  6285 W ziparchive: Unable to open '/data/user_de/0/com.google.android.gms/app_chimera/m/00000002/DynamiteLoader.uncompressed.dm': No such file or directory
01-16 19:48:04.499   569  1686 I AggregatedPowerStats: Too many clock updates. Replacing the previous update with 2025-11-26-11-29-54
01-16 19:48:04.500  6260  6285 I DynamiteModule: Considering local module com.google.android.gms.googlecertificates:0 and remote module com.google.android.gms.googlecertificates:7
01-16 19:48:04.500  6260  6285 I DynamiteModule: Selected remote version of com.google.android.gms.googlecertificates, version >= 7
01-16 19:48:04.502   569  4473 D ActivityManager: sync unfroze 5360 com.google.android.gms for 6
01-16 19:48:04.504   569  4473 D CompatChangeReporter: Compat change id reported: 261072174; UID 10145; state: ENABLED
01-16 19:48:04.506  5360  5360 D BoundBrokerSvc: onBind: Intent { act=com.google.android.gms.safetynet.service.START pkg=com.google.android.gms }
01-16 19:48:04.506  5360  5360 D BoundBrokerSvc: Loading bound service for intent: Intent { act=com.google.android.gms.safetynet.service.START pkg=com.google.android.gms }
01-16 19:48:04.507   569  1686 I AggregatedPowerStats: Too many clock updates. Replacing the previous update with 2025-11-26-16-01-46
01-16 19:48:04.509   569  1686 I AggregatedPowerStats: Too many clock updates. Replacing the previous update with 2025-11-26-17-06-54
01-16 19:48:04.512   569  1686 I AggregatedPowerStats: Too many clock updates. Replacing the previous update with 2025-12-30-10-01-58
01-16 19:48:04.512   569  1686 I AggregatedPowerStats: Too many clock updates. Replacing the previous update with 2025-12-30-10-01-53
01-16 19:48:04.512   569  1686 I AggregatedPowerStats: Too many clock updates. Replacing the previous update with 2025-12-30-10-02-07
01-16 19:48:04.516   569  1686 I AggregatedPowerStats: Too many clock updates. Replacing the previous update with 2025-12-30-10-58-19
01-16 19:48:04.518   569  1686 I AggregatedPowerStats: Too many clock updates. Replacing the previous update with 2025-12-30-13-20-44
01-16 19:48:04.519   569  4478 W ActivityTaskManager: takeTaskSnapshot: taskId=153 not found or not visible
01-16 19:48:04.524   569  1686 I AggregatedPowerStats: Too many clock updates. Replacing the previous update with 2025-12-30-14-46-53
01-16 19:48:04.524   569  1686 I AggregatedPowerStats: Too many clock updates. Replacing the previous update with 2026-01-08-09-38-43
01-16 19:48:04.524   569  1686 I AggregatedPowerStats: Too many clock updates. Replacing the previous update with 2026-01-08-09-38-38
01-16 19:48:04.525   569  1686 I AggregatedPowerStats: Too many clock updates. Replacing the previous update with 2026-01-08-09-38-47
01-16 19:48:04.529  5238  5323 I FontLog : Received query Google Sans:500, URI content://com.google.android.gms.fonts [CONTEXT service_id=132 ]
01-16 19:48:04.529  5238  5323 I FontLog : Query [Google Sans:500] resolved to {Google Sans, wdth 100.0, wght 500, ital 0.0, bestEffort false} [CONTEXT service_id=132 ]
01-16 19:48:04.529  5238  5323 I FontLog : Font PFD returned from cache for {Google Sans, wdth 100.0, wght 500, ital 0.0, bestEffort false} [CONTEXT service_id=132 ]
01-16 19:48:04.529  5238  5323 I FontLog : Fetch {Google Sans, wdth 100.0, wght 500, ital 0.0, bestEffort false} end status Status{statusCode=SUCCESS, resolution=null} [CONTEXT service_id=132 ]
01-16 19:48:04.534  6236  6241 W ndroid.settings: Missing inline cache for void androidx.navigation.NavController.updateBackStackLifecycle$navigation_runtime_release()
01-16 19:48:04.534  6236  6241 W ndroid.settings: Missing inline cache for void androidx.navigation.NavController.updateBackStackLifecycle$navigation_runtime_release()
01-16 19:48:04.534  6236  6241 W ndroid.settings: Missing inline cache for void androidx.navigation.NavController.updateBackStackLifecycle$navigation_runtime_release()
01-16 19:48:04.535  5360  5360 D BoundBrokerSvc: onUnbind: Intent { act=com.google.android.gms.auth.service.START pkg=com.google.android.gms }
01-16 19:48:04.537  5238  5371 I FontLog : Pulling font file for id = 6, cache size = 6 [CONTEXT service_id=132 ]
01-16 19:48:04.540   569   594 I ActivityTaskManager: Displayed com.android.settings/.spa.SpaActivity for user 0: +451ms
01-16 19:48:04.541   569  1686 I AggregatedPowerStats: Too many clock updates. Replacing the previous update with 2026-01-08-11-00-10
01-16 19:48:04.543  6260  6282 D nativeloader: Load /data/app/~~0taSCBhqTbfNSJRTSp7KQQ==/com.google.android.trichromelibrary_636771932-PLpryk6ZuZEzTsmgkO53Wg==/TrichromeLibrary.apk!/lib/arm64-v8a/libmonochrome_64.so using ns clns-8 from class loader (caller=/data/app/~~F-FIFR6euvZXZdlGc3IOUg==/com.android.chrome-lWvjph_RcALt25sRYn0MFA==/Chrome.apk): ok
01-16 19:48:04.545  6236  6236 W ImageReader_JNI: Unable to acquire a buffer item, very likely client tried to acquire more than maxImages buffers
01-16 19:48:04.555   569  4453 W InputManager-JNI: Input channel object 'c971916 Splash Screen com.android.settings (client)' was disposed without first being removed with the input manager!
01-16 19:48:04.556   569  1686 I AggregatedPowerStats: Too many clock updates. Replacing the previous update with 2026-01-08-15-44-03
01-16 19:48:04.558  6236  6236 D SpaLogMetricsProvider: PAGE_ENTER page 0
01-16 19:48:04.562  5418  5418 D BaseDepthController: setSurface:
01-16 19:48:04.562  5418  5418 D BaseDepthController: 	mWaitingOnSurfaceValidity: false
01-16 19:48:04.562  5418  5418 D BaseDepthController: 	mSurface: null
01-16 19:48:04.562  5418  5418 D BaseDepthController: mSurface is null and mCurrentBlur is: 23
01-16 19:48:04.562   569  1686 I AggregatedPowerStats: Too many clock updates. Replacing the previous update with 2026-01-08-17-45-20
01-16 19:48:04.562   569  1686 I AggregatedPowerStats: Too many clock updates. Replacing the previous update with 2026-01-08-18-02-52
01-16 19:48:04.563   569  1686 I AggregatedPowerStats: Too many clock updates. Replacing the previous update with 2026-01-08-18-19-51
01-16 19:48:04.563   569  1686 I AggregatedPowerStats: Too many clock updates. Replacing the previous update with 2026-01-08-18-29-12
01-16 19:48:04.563   569  1686 I AggregatedPowerStats: Too many clock updates. Replacing the previous update with 2026-01-08-18-45-52
01-16 19:48:04.563   569  1686 I AggregatedPowerStats: Too many clock updates. Replacing the previous update with 2026-01-08-18-49-45
01-16 19:48:04.563   569  1686 I AggregatedPowerStats: Too many clock updates. Replacing the previous update with 2026-01-08-19-07-18
01-16 19:48:04.563   569  1686 I AggregatedPowerStats: Too many clock updates. Replacing the previous update with 2026-01-08-19-20-26
01-16 19:48:04.563   569  1686 I AggregatedPowerStats: Too many clock updates. Replacing the previous update with 2026-01-08-19-36-17
01-16 19:48:04.563   569  1686 I AggregatedPowerStats: Too many clock updates. Replacing the previous update with 2026-01-08-19-44-41
01-16 19:48:04.563   569  1686 I AggregatedPowerStats: Too many clock updates. Replacing the previous update with 2026-01-08-20-02-32
01-16 19:48:04.563   569  1686 I AggregatedPowerStats: Too many clock updates. Replacing the previous update with 2026-01-08-20-18-44
01-16 19:48:04.563   569  1686 I AggregatedPowerStats: Too many clock updates. Replacing the previous update with 2026-01-08-20-33-55
01-16 19:48:04.563   569  1686 I AggregatedPowerStats: Too many clock updates. Replacing the previous update with 2026-01-08-20-45-42
01-16 19:48:04.563   569  1686 I AggregatedPowerStats: Too many clock updates. Replacing the previous update with 2026-01-08-21-03-13
01-16 19:48:04.563   569  1686 I AggregatedPowerStats: Too many clock updates. Replacing the previous update with 2026-01-08-21-19-26
01-16 19:48:04.563   569  1686 I AggregatedPowerStats: Too many clock updates. Replacing the previous update with 2026-01-08-21-36-22
01-16 19:48:04.563   569  1686 I AggregatedPowerStats: Too many clock updates. Replacing the previous update with 2026-01-08-21-46-42
01-16 19:48:04.563   569  1686 I AggregatedPowerStats: Too many clock updates. Replacing the previous update with 2026-01-08-22-05-14
01-16 19:48:04.564   569  1686 I AggregatedPowerStats: Too many clock updates. Replacing the previous update with 2026-01-08-22-23-02
01-16 19:48:04.564   569  1686 I AggregatedPowerStats: Too many clock updates. Replacing the previous update with 2026-01-08-22-39-08
01-16 19:48:04.564   569  1686 I AggregatedPowerStats: Too many clock updates. Replacing the previous update with 2026-01-08-22-47-42
01-16 19:48:04.564   569  1686 I AggregatedPowerStats: Too many clock updates. Replacing the previous update with 2026-01-08-23-04-13
01-16 19:48:04.564   569  1686 I AggregatedPowerStats: Too many clock updates. Replacing the previous update with 2026-01-08-23-19-32
01-16 19:48:04.564   569  1686 I AggregatedPowerStats: Too many clock updates. Replacing the previous update with 2026-01-08-23-34-41
01-16 19:48:04.564   569  1686 I AggregatedPowerStats: Too many clock updates. Replacing the previous update with 2026-01-08-23-48-42
01-16 19:48:04.565   569  1686 I AggregatedPowerStats: Too many clock updates. Replacing the previous update with 2026-01-08-23-48-42
01-16 19:48:04.565   569  1686 I AggregatedPowerStats: Too many clock updates. Replacing the previous update with 2026-01-09-00-05-33
01-16 19:48:04.565   569  1686 I AggregatedPowerStats: Too many clock updates. Replacing the previous update with 2026-01-09-00-20-51
01-16 19:48:04.565   569  1686 I AggregatedPowerStats: Too many clock updates. Replacing the previous update with 2026-01-09-00-37-23
01-16 19:48:04.565   569  1686 I AggregatedPowerStats: Too many clock updates. Replacing the previous update with 2026-01-09-00-49-43
01-16 19:48:04.565   569  1686 I AggregatedPowerStats: Too many clock updates. Replacing the previous update with 2026-01-09-01-06-22
01-16 19:48:04.565   569  1686 I AggregatedPowerStats: Too many clock updates. Replacing the previous update with 2026-01-09-01-23-32
01-16 19:48:04.565   569  1686 I AggregatedPowerStats: Too many clock updates. Replacing the previous update with 2026-01-09-01-38-47
01-16 19:48:04.565   569  1686 I AggregatedPowerStats: Too many clock updates. Replacing the previous update with 2026-01-09-01-56-45
01-16 19:48:04.565   569  1686 I AggregatedPowerStats: Too many clock updates. Replacing the previous update with 2026-01-09-02-12-19
01-16 19:48:04.565   569  1686 I AggregatedPowerStats: Too many clock updates. Replacing the previous update with 2026-01-09-02-28-45
01-16 19:48:04.565   569  1686 I AggregatedPowerStats: Too many clock updates. Replacing the previous update with 2026-01-09-02-44-47
01-16 19:48:04.565   569  1686 I AggregatedPowerStats: Too many clock updates. Replacing the previous update with 2026-01-09-03-00-49
01-16 19:48:04.565   569  1686 I AggregatedPowerStats: Too many clock updates. Replacing the previous update with 2026-01-09-03-17-26
01-16 19:48:04.565   569  1686 I AggregatedPowerStats: Too many clock updates. Replacing the previous update with 2026-01-09-03-33-51
01-16 19:48:04.565   569  1686 I AggregatedPowerStats: Too many clock updates. Replacing the previous update with 2026-01-09-03-49-19
01-16 19:48:04.565   569  1686 I AggregatedPowerStats: Too many clock updates. Replacing the previous update with 2026-01-09-04-05-43
01-16 19:48:04.565   569  1686 I AggregatedPowerStats: Too many clock updates. Replacing the previous update with 2026-01-09-04-21-37
01-16 19:48:04.565   569  1686 I AggregatedPowerStats: Too many clock updates. Replacing the previous update with 2026-01-09-04-36-56
01-16 19:48:04.565   569  1686 I AggregatedPowerStats: Too many clock updates. Replacing the previous update with 2026-01-09-04-42-43
01-16 19:48:04.565   569  1686 I AggregatedPowerStats: Too many clock updates. Replacing the previous update with 2026-01-09-04-59-03
01-16 19:48:04.565   569  1686 I AggregatedPowerStats: Too many clock updates. Replacing the previous update with 2026-01-09-05-15-39
01-16 19:48:04.565   569  1686 I AggregatedPowerStats: Too many clock updates. Replacing the previous update with 2026-01-09-05-31-07
01-16 19:48:04.565   569  1686 I AggregatedPowerStats: Too many clock updates. Replacing the previous update with 2026-01-09-05-46-38
01-16 19:48:04.565   569  1686 I AggregatedPowerStats: Too many clock updates. Replacing the previous update with 2026-01-09-06-02-13
01-16 19:48:04.565   569  1686 I AggregatedPowerStats: Too many clock updates. Replacing the previous update with 2026-01-09-06-19-59
01-16 19:48:04.565   569  1686 I AggregatedPowerStats: Too many clock updates. Replacing the previous update with 2026-01-09-06-37-15
01-16 19:48:04.565   569  1686 I AggregatedPowerStats: Too many clock updates. Replacing the previous update with 2026-01-09-06-43-44
01-16 19:48:04.566   569  1686 I AggregatedPowerStats: Too many clock updates. Replacing the previous update with 2026-01-09-07-01-30
01-16 19:48:04.566   569  1686 I AggregatedPowerStats: Too many clock updates. Replacing the previous update with 2026-01-09-07-17-28
01-16 19:48:04.566   569  1686 I AggregatedPowerStats: Too many clock updates. Replacing the previous update with 2026-01-09-07-32-47
01-16 19:48:04.566   569  1686 I AggregatedPowerStats: Too many clock updates. Replacing the previous update with 2026-01-09-07-44-45
01-16 19:48:04.566   569  1686 I AggregatedPowerStats: Too many clock updates. Replacing the previous update with 2026-01-09-08-03-08
01-16 19:48:04.566   569  1686 I AggregatedPowerStats: Too many clock updates. Replacing the previous update with 2026-01-09-08-21-06
01-16 19:48:04.566   569  1686 I AggregatedPowerStats: Too many clock updates. Replacing the previous update with 2026-01-09-08-37-46
01-16 19:48:04.566   569  1686 I AggregatedPowerStats: Too many clock updates. Replacing the previous update with 2026-01-09-08-45-46
01-16 19:48:04.566   569  1686 I AggregatedPowerStats: Too many clock updates. Replacing the previous update with 2026-01-09-09-02-18
01-16 19:48:04.566   569  1686 I AggregatedPowerStats: Too many clock updates. Replacing the previous update with 2026-01-09-09-18-07
01-16 19:48:04.566   569  1686 I AggregatedPowerStats: Too many clock updates. Replacing the previous update with 2026-01-09-09-33-59
01-16 19:48:04.566   569  1686 I AggregatedPowerStats: Too many clock updates. Replacing the previous update with 2026-01-09-09-46-47
01-16 19:48:04.566   569  1686 I AggregatedPowerStats: Too many clock updates. Replacing the previous update with 2026-01-09-10-03-11
01-16 19:48:04.566   569  1686 I AggregatedPowerStats: Too many clock updates. Replacing the previous update with 2026-01-09-10-18-26
01-16 19:48:04.566   569  1686 I AggregatedPowerStats: Too many clock updates. Replacing the previous update with 2026-01-09-10-34-04
01-16 19:48:04.566   569  1686 I AggregatedPowerStats: Too many clock updates. Replacing the previous update with 2026-01-09-10-51-59
01-16 19:48:04.566   569  1686 I AggregatedPowerStats: Too many clock updates. Replacing the previous update with 2026-01-09-11-07-18
01-16 19:48:04.566   569  1686 I AggregatedPowerStats: Too many clock updates. Replacing the previous update with 2026-01-09-11-24-02
01-16 19:48:04.566   569  1686 I AggregatedPowerStats: Too many clock updates. Replacing the previous update with 2026-01-09-11-41-49
01-16 19:48:04.566   569  1686 I AggregatedPowerStats: Too many clock updates. Replacing the previous update with 2026-01-09-11-57-24
01-16 19:48:04.566   569  1686 I AggregatedPowerStats: Too many clock updates. Replacing the previous update with 2026-01-09-12-02-19
01-16 19:48:04.566   569  1686 I AggregatedPowerStats: Too many clock updates. Replacing the previous update with 2026-01-09-12-18-50
01-16 19:48:04.566   569  1686 I AggregatedPowerStats: Too many clock updates. Replacing the previous update with 2026-01-09-12-35-07
01-16 19:48:04.566   569  1686 I AggregatedPowerStats: Too many clock updates. Replacing the previous update with 2026-01-09-12-51-02
01-16 19:48:04.566   569  1686 I AggregatedPowerStats: Too many clock updates. Replacing the previous update with 2026-01-09-13-08-06
01-16 19:48:04.566   569  1686 I AggregatedPowerStats: Too many clock updates. Replacing the previous update with 2026-01-09-13-25-06
01-16 19:48:04.566   569  1686 I AggregatedPowerStats: Too many clock updates. Replacing the previous update with 2026-01-09-13-36-08
01-16 19:48:04.566   569  1686 I AggregatedPowerStats: Too many clock updates. Replacing the previous update with 2026-01-09-13-54-15
01-16 19:48:04.566   569  1686 I AggregatedPowerStats: Too many clock updates. Replacing the previous update with 2026-01-09-14-10-43
01-16 19:48:04.566   569  1686 I AggregatedPowerStats: Too many clock updates. Replacing the previous update with 2026-01-09-14-20-32
01-16 19:48:04.566   569  1686 I AggregatedPowerStats: Too many clock updates. Replacing the previous update with 2026-01-09-14-37-08
01-16 19:48:04.566   569  1686 I AggregatedPowerStats: Too many clock updates. Replacing the previous update with 2026-01-09-14-54-21
01-16 19:48:04.566   569  1686 I AggregatedPowerStats: Too many clock updates. Replacing the previous update with 2026-01-09-15-11-53
01-16 19:48:04.567   569  1686 I AggregatedPowerStats: Too many clock updates. Replacing the previous update with 2026-01-09-15-27-12
01-16 19:48:04.567   569  1686 I AggregatedPowerStats: Too many clock updates. Replacing the previous update with 2026-01-09-15-38-10
01-16 19:48:04.567   569  1686 I AggregatedPowerStats: Too many clock updates. Replacing the previous update with 2026-01-09-15-54-36
01-16 19:48:04.567  5418  5418 D StatsLog: LAUNCHER_ONSTOP
01-16 19:48:04.568   569  1686 I AggregatedPowerStats: Too many clock updates. Replacing the previous update with 2026-01-09-15-54-36
01-16 19:48:04.568   569  1686 I AggregatedPowerStats: Too many clock updates. Replacing the previous update with 2026-01-09-16-09-39
01-16 19:48:04.568   569  1686 I AggregatedPowerStats: Too many clock updates. Replacing the previous update with 2026-01-09-16-27-37
01-16 19:48:04.568   569  1686 I AggregatedPowerStats: Too many clock updates. Replacing the previous update with 2026-01-09-16-39-10
01-16 19:48:04.568   569  1686 I AggregatedPowerStats: Too many clock updates. Replacing the previous update with 2026-01-09-16-54-09
01-16 19:48:04.569   569  1686 I AggregatedPowerStats: Too many clock updates. Replacing the previous update with 2026-01-09-17-12-07
01-16 19:48:04.569   569  1686 I AggregatedPowerStats: Too many clock updates. Replacing the previous update with 2026-01-09-17-27-40
01-16 19:48:04.570   569  1686 I AggregatedPowerStats: Too many clock updates. Replacing the previous update with 2026-01-09-17-40-10
01-16 19:48:04.570   569  1686 I AggregatedPowerStats: Too many clock updates. Replacing the previous update with 2026-01-09-17-43-16
01-16 19:48:04.570   569  1686 I AggregatedPowerStats: Too many clock updates. Replacing the previous update with 2026-01-09-18-01-40
01-16 19:48:04.570   569  1686 I AggregatedPowerStats: Too many clock updates. Replacing the previous update with 2026-01-09-18-19-07
01-16 19:48:04.570   569  1686 I AggregatedPowerStats: Too many clock updates. Replacing the previous update with 2026-01-09-18-36-19
01-16 19:48:04.570   569  1686 I AggregatedPowerStats: Too many clock updates. Replacing the previous update with 2026-01-09-18-41-10
01-16 19:48:04.570   569  1686 I AggregatedPowerStats: Too many clock updates. Replacing the previous update with 2026-01-09-18-57-46
01-16 19:48:04.570   569  1686 I AggregatedPowerStats: Too many clock updates. Replacing the previous update with 2026-01-09-19-14-01
01-16 19:48:04.570   569  1686 I AggregatedPowerStats: Too many clock updates. Replacing the previous update with 2026-01-09-19-29-28
01-16 19:48:04.570   569  1686 I AggregatedPowerStats: Too many clock updates. Replacing the previous update with 2026-01-09-19-42-10
01-16 19:48:04.570   569  1686 I AggregatedPowerStats: Too many clock updates. Replacing the previous update with 2026-01-09-19-58-44
01-16 19:48:04.571   569  1686 I AggregatedPowerStats: Too many clock updates. Replacing the previous update with 2026-01-09-20-15-19
01-16 19:48:04.571   569  1686 I AggregatedPowerStats: Too many clock updates. Replacing the previous update with 2026-01-09-20-32-50
01-16 19:48:04.571   569  4473 I AppWidgetServiceImpl: setAppWidgetHidden() 0
01-16 19:48:04.571   569  1686 I AggregatedPowerStats: Too many clock updates. Replacing the previous update with 2026-01-09-20-43-10
01-16 19:48:04.572   569  1686 I AggregatedPowerStats: Too many clock updates. Replacing the previous update with 2026-01-09-20-59-14
01-16 19:48:04.572   569  1686 I AggregatedPowerStats: Too many clock updates. Replacing the previous update with 2026-01-09-21-15-09
01-16 19:48:04.572   569  1686 I AggregatedPowerStats: Too many clock updates. Replacing the previous update with 2026-01-09-21-32-42
01-16 19:48:04.572   569  1686 I AggregatedPowerStats: Too many clock updates. Replacing the previous update with 2026-01-09-21-44-10
01-16 19:48:04.572   569  1686 I AggregatedPowerStats: Too many clock updates. Replacing the previous update with 2026-01-09-22-01-39
01-16 19:48:04.572   569  1686 I AggregatedPowerStats: Too many clock updates. Replacing the previous update with 2026-01-09-22-18-31
01-16 19:48:04.572   569  1686 I AggregatedPowerStats: Too many clock updates. Replacing the previous update with 2026-01-09-22-36-05
01-16 19:48:04.572   569  1686 I AggregatedPowerStats: Too many clock updates. Replacing the previous update with 2026-01-09-22-45-10
01-16 19:48:04.573   569  1686 I AggregatedPowerStats: Too many clock updates. Replacing the previous update with 2026-01-09-23-01-33
01-16 19:48:04.573   569  1686 I AggregatedPowerStats: Too many clock updates. Replacing the previous update with 2026-01-09-23-18-24
01-16 19:48:04.573   569  1686 I AggregatedPowerStats: Too many clock updates. Replacing the previous update with 2026-01-09-23-35-33
01-16 19:48:04.573   569  1686 I AggregatedPowerStats: Too many clock updates. Replacing the previous update with 2026-01-09-23-46-10
01-16 19:48:04.573   569  1686 I AggregatedPowerStats: Too many clock updates. Replacing the previous update with 2026-01-10-00-02-47
01-16 19:48:04.573   569  1686 I AggregatedPowerStats: Too many clock updates. Replacing the previous update with 2026-01-10-00-18-35
01-16 19:48:04.573   569  1686 I AggregatedPowerStats: Too many clock updates. Replacing the previous update with 2026-01-10-00-35-18
01-16 19:48:04.573   569  1686 I AggregatedPowerStats: Too many clock updates. Replacing the previous update with 2026-01-10-00-47-10
01-16 19:48:04.573   569  1686 I AggregatedPowerStats: Too many clock updates. Replacing the previous update with 2026-01-10-01-03-58
01-16 19:48:04.573   569  1686 I AggregatedPowerStats: Too many clock updates. Replacing the previous update with 2026-01-10-01-21-39
01-16 19:48:04.573   569  1686 I AggregatedPowerStats: Too many clock updates. Replacing the previous update with 2026-01-10-01-38-51
01-16 19:48:04.573   569  1686 I AggregatedPowerStats: Too many clock updates. Replacing the previous update with 2026-01-10-01-48-10
01-16 19:48:04.573   569  1686 I AggregatedPowerStats: Too many clock updates. Replacing the previous update with 2026-01-10-02-04-51
01-16 19:48:04.573   569  1686 I AggregatedPowerStats: Too many clock updates. Replacing the previous update with 2026-01-10-02-20-23
01-16 19:48:04.574   569  1686 I AggregatedPowerStats: Too many clock updates. Replacing the previous update with 2026-01-10-02-38-08
01-16 19:48:04.574   569  1686 I AggregatedPowerStats: Too many clock updates. Replacing the previous update with 2026-01-10-02-49-10
01-16 19:48:04.574   569  1686 I AggregatedPowerStats: Too many clock updates. Replacing the previous update with 2026-01-10-03-06-02
01-16 19:48:04.574   569  1686 I AggregatedPowerStats: Too many clock updates. Replacing the previous update with 2026-01-10-03-22-18
01-16 19:48:04.574   569  1686 I AggregatedPowerStats: Too many clock updates. Replacing the previous update with 2026-01-10-03-39-27
01-16 19:48:04.574   569  1686 I AggregatedPowerStats: Too many clock updates. Replacing the previous update with 2026-01-10-03-56-36
01-16 19:48:04.574   569  1686 I AggregatedPowerStats: Too many clock updates. Replacing the previous update with 2026-01-10-04-13-02
01-16 19:48:04.574   569  1686 I AggregatedPowerStats: Too many clock updates. Replacing the previous update with 2026-01-10-04-28-19
01-16 19:48:04.574   569  1686 I AggregatedPowerStats: Too many clock updates. Replacing the previous update with 2026-01-10-04-46-53
01-16 19:48:04.574  5418  5577 D OneSearchSuggestProvider: Shut down the binder channel
01-16 19:48:04.575  5418  5418 D StatsLog: LAUNCHER_GOOGLE_SEARCH_RESTORE_LIST_SIZE_AFTER_ACTIVITY_RESTART
01-16 19:48:04.575   569  1686 I AggregatedPowerStats: Too many clock updates. Replacing the previous update with 2026-01-10-04-46-53
01-16 19:48:04.576   569  1686 I AggregatedPowerStats: Too many clock updates. Replacing the previous update with 2026-01-10-05-03-55
01-16 19:48:04.576   569  1686 I AggregatedPowerStats: Too many clock updates. Replacing the previous update with 2026-01-10-05-20-18
01-16 19:48:04.576   569  1686 I AggregatedPowerStats: Too many clock updates. Replacing the previous update with 2026-01-10-05-37-44
01-16 19:48:04.576   569  1686 I AggregatedPowerStats: Too many clock updates. Replacing the previous update with 2026-01-10-05-55-05
01-16 19:48:04.576   569  1686 I AggregatedPowerStats: Too many clock updates. Replacing the previous update with 2026-01-10-06-10-35
01-16 19:48:04.576   569  1686 I AggregatedPowerStats: Too many clock updates. Replacing the previous update with 2026-01-10-06-25-40
01-16 19:48:04.577   569  1686 I AggregatedPowerStats: Too many clock updates. Replacing the previous update with 2026-01-10-06-42-41
01-16 19:48:04.577   569  1686 I AggregatedPowerStats: Too many clock updates. Replacing the previous update with 2026-01-10-06-58-05
01-16 19:48:04.577   569  1686 I AggregatedPowerStats: Too many clock updates. Replacing the previous update with 2026-01-10-07-15-54
01-16 19:48:04.577   569  1686 I AggregatedPowerStats: Too many clock updates. Replacing the previous update with 2026-01-10-07-31-24
01-16 19:48:04.577   569  1686 I AggregatedPowerStats: Too many clock updates. Replacing the previous update with 2026-01-10-07-38-46
01-16 19:48:04.575  5418  5428 I IPCThreadState: oneway function results for code 2 on binder at 0xb4000072785958a0 will be dropped but finished with status UNKNOWN_TRANSACTION
01-16 19:48:04.577   569  1686 I AggregatedPowerStats: Too many clock updates. Replacing the previous update with 2026-01-10-07-57-23
01-16 19:48:04.577   569  1686 I AggregatedPowerStats: Too many clock updates. Replacing the previous update with 2026-01-10-08-12-37
01-16 19:48:04.577   569  1686 I AggregatedPowerStats: Too many clock updates. Replacing the previous update with 2026-01-10-08-28-55
01-16 19:48:04.577   569  1686 I AggregatedPowerStats: Too many clock updates. Replacing the previous update with 2026-01-10-08-39-46
01-16 19:48:04.577   569  1686 I AggregatedPowerStats: Too many clock updates. Replacing the previous update with 2026-01-10-08-56-33
01-16 19:48:04.577   569  1686 I AggregatedPowerStats: Too many clock updates. Replacing the previous update with 2026-01-10-09-13-07
01-16 19:48:04.577   569  1686 I AggregatedPowerStats: Too many clock updates. Replacing the previous update with 2026-01-10-09-30-42
01-16 19:48:04.577   569  1686 I AggregatedPowerStats: Too many clock updates. Replacing the previous update with 2026-01-10-09-40-46
01-16 19:48:04.577   569  1686 I AggregatedPowerStats: Too many clock updates. Replacing the previous update with 2026-01-10-09-56-37
01-16 19:48:04.577   569  1686 I AggregatedPowerStats: Too many clock updates. Replacing the previous update with 2026-01-10-10-13-45
01-16 19:48:04.577   569  1686 I AggregatedPowerStats: Too many clock updates. Replacing the previous update with 2026-01-10-10-31-30
01-16 19:48:04.577   569  1686 I AggregatedPowerStats: Too many clock updates. Replacing the previous update with 2026-01-10-10-41-46
01-16 19:48:04.578   569  1686 I AggregatedPowerStats: Too many clock updates. Replacing the previous update with 2026-01-10-10-58-41
01-16 19:48:04.578   569  1686 I AggregatedPowerStats: Too many clock updates. Replacing the previous update with 2026-01-10-11-16-33
01-16 19:48:04.579   569  1686 I AggregatedPowerStats: Too many clock updates. Replacing the previous update with 2026-01-10-11-33-12
01-16 19:48:04.579   569  1686 I AggregatedPowerStats: Too many clock updates. Replacing the previous update with 2026-01-10-11-42-46
01-16 19:48:04.579   569  1686 I AggregatedPowerStats: Too many clock updates. Replacing the previous update with 2026-01-10-12-00-00
01-16 19:48:04.579   569  1686 I AggregatedPowerStats: Too many clock updates. Replacing the previous update with 2026-01-10-12-17-35
01-16 19:48:04.579   569  1686 I AggregatedPowerStats: Too many clock updates. Replacing the previous update with 2026-01-10-12-32-44
01-16 19:48:04.579   569  1686 I AggregatedPowerStats: Too many clock updates. Replacing the previous update with 2026-01-10-12-41-19
01-16 19:48:04.579   569  1686 I AggregatedPowerStats: Too many clock updates. Replacing the previous update with 2026-01-10-12-43-46
01-16 19:48:04.580   569  1686 I AggregatedPowerStats: Too many clock updates. Replacing the previous update with 2026-01-10-13-02-24
01-16 19:48:04.580   569  1686 I AggregatedPowerStats: Too many clock updates. Replacing the previous update with 2026-01-10-13-20-02
01-16 19:48:04.580   569  1686 I AggregatedPowerStats: Too many clock updates. Replacing the previous update with 2026-01-10-13-37-32
01-16 19:48:04.580   569  1686 I AggregatedPowerStats: Too many clock updates. Replacing the previous update with 2026-01-10-13-44-46
01-16 19:48:04.580   569  1686 I AggregatedPowerStats: Too many clock updates. Replacing the previous update with 2026-01-10-14-01-26
01-16 19:48:04.580   569  1686 I AggregatedPowerStats: Too many clock updates. Replacing the previous update with 2026-01-10-14-17-02
01-16 19:48:04.580   569  1686 I AggregatedPowerStats: Too many clock updates. Replacing the previous update with 2026-01-10-14-34-13
01-16 19:48:04.580   569  1686 I AggregatedPowerStats: Too many clock updates. Replacing the previous update with 2026-01-10-14-45-46
01-16 19:48:04.580   569  1686 I AggregatedPowerStats: Too many clock updates. Replacing the previous update with 2026-01-10-15-03-35
01-16 19:48:04.580   569  1686 I AggregatedPowerStats: Too many clock updates. Replacing the previous update with 2026-01-10-15-21-33
01-16 19:48:04.580   569  1686 I AggregatedPowerStats: Too many clock updates. Replacing the previous update with 2026-01-10-15-39-03
01-16 19:48:04.581   569  1686 I AggregatedPowerStats: Too many clock updates. Replacing the previous update with 2026-01-10-15-46-46
01-16 19:48:04.581   569  1686 I AggregatedPowerStats: Too many clock updates. Replacing the previous update with 2026-01-10-16-03-55
01-16 19:48:04.581   569  1686 I AggregatedPowerStats: Too many clock updates. Replacing the previous update with 2026-01-10-16-19-43
01-16 19:48:04.581   569  1686 I AggregatedPowerStats: Too many clock updates. Replacing the previous update with 2026-01-10-16-35-05
01-16 19:48:04.581   569  1686 I AggregatedPowerStats: Too many clock updates. Replacing the previous update with 2026-01-10-16-47-46
01-16 19:48:04.581  5418  6221 D GmsPlayProvider: Shut down the binder channel
01-16 19:48:04.581   569  1686 I AggregatedPowerStats: Too many clock updates. Replacing the previous update with 2026-01-10-17-05-51
01-16 19:48:04.582   569  1686 I AggregatedPowerStats: Too many clock updates. Replacing the previous update with 2026-01-10-17-22-36
01-16 19:48:04.582   569  1686 I AggregatedPowerStats: Too many clock updates. Replacing the previous update with 2026-01-10-17-39-57
01-16 19:48:04.582   569  1686 I AggregatedPowerStats: Too many clock updates. Replacing the previous update with 2026-01-10-17-48-46
01-16 19:48:04.582   569  1686 I AggregatedPowerStats: Too many clock updates. Replacing the previous update with 2026-01-10-18-07-21
01-16 19:48:04.582   569  1686 I AggregatedPowerStats: Too many clock updates. Replacing the previous update with 2026-01-10-18-25-18
01-16 19:48:04.582   569  1686 I AggregatedPowerStats: Too many clock updates. Replacing the previous update with 2026-01-10-18-42-03
01-16 19:48:04.582   569  1686 I AggregatedPowerStats: Too many clock updates. Replacing the previous update with 2026-01-10-18-49-46
01-16 19:48:04.582   569  1686 I AggregatedPowerStats: Too many clock updates. Replacing the previous update with 2026-01-10-19-05-46
01-16 19:48:04.582   569  1686 I AggregatedPowerStats: Too many clock updates. Replacing the previous update with 2026-01-10-19-21-29
01-16 19:48:04.582   569  1686 I AggregatedPowerStats: Too many clock updates. Replacing the previous update with 2026-01-10-19-39-04
