01-16 19:36:38.826  1393  3449 W WM-Processor: Didn't find WorkSpec for id WorkGenerationalId(workSpecId=2605079a-4bac-451f-8b7c-c67725a09e63, generation=0)
01-16 19:36:38.827  1393  3449 W WM-Processor: Didn't find WorkSpec for id WorkGenerationalId(workSpecId=fd65096d-b530-4900-8d2d-e115b733dbff, generation=0)
01-16 19:36:38.827  1393  3449 W WM-Processor: Didn't find WorkSpec for id WorkGenerationalId(workSpecId=5e3db3e0-e6fe-4e96-ac90-abf737af7bec, generation=0)
01-16 19:36:38.841   569   717 D WifiNetworkFactory: got request NetworkRequest [ REQUEST id=138, [ Capabilities: INTERNET&NOT_RESTRICTED&TRUSTED&NOT_VCN_MANAGED&NOT_BANDWIDTH_CONSTRAINED Uid: 10161 RequestorUid: 10161 RequestorPkg: com.google.android.inputmethod.latin UnderlyingNetworks: Null] ]
01-16 19:36:38.843   569   717 D UntrustedWifiNetworkFactory: got request NetworkRequest [ REQUEST id=138, [ Capabilities: INTERNET&NOT_RESTRICTED&TRUSTED&NOT_VCN_MANAGED&NOT_BANDWIDTH_CONSTRAINED Uid: 10161 RequestorUid: 10161 RequestorPkg: com.google.android.inputmethod.latin UnderlyingNetworks: Null] ]
01-16 19:36:38.847   569   717 D OemPaidWifiNetworkFactory: got request NetworkRequest [ REQUEST id=138, [ Capabilities: INTERNET&NOT_RESTRICTED&TRUSTED&NOT_VCN_MANAGED&NOT_BANDWIDTH_CONSTRAINED Uid: 10161 RequestorUid: 10161 RequestorPkg: com.google.android.inputmethod.latin UnderlyingNetworks: Null] ]
01-16 19:36:38.848   569   717 D MultiInternetWifiNetworkFactory: got request NetworkRequest [ REQUEST id=138, [ Capabilities: INTERNET&NOT_RESTRICTED&TRUSTED&NOT_VCN_MANAGED&NOT_BANDWIDTH_CONSTRAINED Uid: 10161 RequestorUid: 10161 RequestorPkg: com.google.android.inputmethod.latin UnderlyingNetworks: Null] ]
01-16 19:36:38.864  1393  1796 I AbstractSyncResultCallback: AbstractSyncResultCallback.onFailure():38 onFailure(): kc_tflite_model.sync cancelled; expected if new request supersedes pending one.
01-16 19:36:38.864  1393  1796 I AbstractSyncResultCallback: AbstractSyncResultCallback.onFailure():38 onFailure(): kc_tflite_model.sync cancelled; expected if new request supersedes pending one.
01-16 19:36:38.864  1393  1796 I AbstractSyncResultCallback: AbstractSyncResultCallback.onFailure():38 onFailure(): kc_tflite_model.sync cancelled; expected if new request supersedes pending one.
01-16 19:36:38.864  1393  1796 I AbstractSyncResultCallback: AbstractSyncResultCallback.onFailure():38 onFailure(): kc_tflite_model.sync cancelled; expected if new request supersedes pending one.
01-16 19:36:38.864  1393  1796 I SP      : GC for 'bundled_delight' (10) with ttl of 0 ms took 0 ms (0/0/0)
01-16 19:36:38.865  1393  1796 I LmManager: LmManager$1.onFailure():87 Bundled delight sync failed
01-16 19:36:38.865  1393  1796 I LmManager: java.util.concurrent.CancellationException: Task was cancelled.
01-16 19:36:38.865  1393  1796 I LmManager: 	at pug.r(PG:33)
01-16 19:36:38.865  1393  1796 I LmManager: 	at pug.get(PG:3)
01-16 19:36:38.865  1393  1796 I LmManager: 	at a.i(PG:2)
01-16 19:36:38.865  1393  1796 I LmManager: 	at npy.t(PG:10)
01-16 19:36:38.865  1393  1796 I LmManager: 	at pvy.run(PG:88)
01-16 19:36:38.865  1393  1796 I LmManager: 	at pvh.execute(PG:1)
01-16 19:36:38.865  1393  1796 I LmManager: 	at pug.h(PG:1)
01-16 19:36:38.865  1393  1796 I LmManager: 	at pug.k(PG:101)
01-16 19:36:38.865  1393  1796 I LmManager: 	at pug.p(PG:28)
01-16 19:36:38.865  1393  1796 I LmManager: 	at pvd.c(PG:5)
01-16 19:36:38.865  1393  1796 I LmManager: 	at pvf.e(PG:6)
01-16 19:36:38.865  1393  1796 I LmManager: 	at pwk.run(PG:75)
01-16 19:36:38.865  1393  1796 I LmManager: 	at java.util.concurrent.Executors$RunnableAdapter.call(Executors.java:487)
01-16 19:36:38.865  1393  1796 I LmManager: 	at java.util.concurrent.FutureTask.run(FutureTask.java:264)
01-16 19:36:38.865  1393  1796 I LmManager: 	at jdk.run(PG:8)
01-16 19:36:38.865  1393  1796 I LmManager: 	at java.util.concurrent.ThreadPoolExecutor.runWorker(ThreadPoolExecutor.java:1145)
01-16 19:36:38.865  1393  1796 I LmManager: 	at java.util.concurrent.ThreadPoolExecutor$Worker.run(ThreadPoolExecutor.java:644)
01-16 19:36:38.865  1393  1796 I LmManager: 	at java.lang.Thread.run(Thread.java:1012)
01-16 19:36:38.865  1393  1796 I LmManager: 	at jcx.run(PG:8)
01-16 19:36:38.879  1393  1796 I AbstractSyncResultCallback: AbstractSyncResultCallback.onFailure():38 onFailure(): bundled_delight.sync cancelled; expected if new request supersedes pending one.
01-16 19:36:38.879  1393  1796 I SP      : Sync for emoji succeeded in 318 ms: no changes
01-16 19:36:38.883  1393  1796 I SP      : GC for 'emoji' (10) with ttl of 0 ms took 0 ms (0/0/0)
01-16 19:36:38.896  1393  3864 I SuperDelight: SuperDelightManager$2.onSuccess():631 bundled_delight sync success, adding to data file manager
01-16 19:36:38.896  1393  3864 I DataFileManager: DataFileManager.removeDataWithoutNotify():219 removing data en-US bundled_delight
01-16 19:36:38.909  1393  1796 I SP      : Sync for kc_tflite_model succeeded in 248 ms: no changes
01-16 19:36:38.910  1393  1796 I SP      : GC for 'kc_tflite_model' (10) with ttl of 0 ms took 0 ms (0/0/0)
01-16 19:36:38.910  1393  1796 I SP      : Sync for bundled_emoji succeeded in 220 ms: no changes
01-16 19:36:38.911  1393  1796 I SP      : Sync for bundled_delight succeeded in 220 ms: {added: [main_en_us_2024022600_2], metadata: false
01-16 19:36:38.916  1393  3851 I EmojiSuperpacksManager: EmojiSuperpacksManager.processPackSet():504 processPackSet() : isBundled = false
01-16 19:36:38.925  1393  1796 I SP      : GC for 'bundled_emoji' (10) with ttl of 0 ms took 0 ms (0/0/0)
01-16 19:36:38.926  1393  1796 I SP      : GC for 'bundled_delight' (10) with ttl of 0 ms took 0 ms (0/0/0)
01-16 19:36:38.926  1393  1796 I LmManager: LmManager$1.onSuccess():82 Bundled delight sync success
01-16 19:36:38.927  1393  3872 I EmojiSuperpacksManager: EmojiSuperpacksManager.processPackSet():504 processPackSet() : isBundled = true
01-16 19:36:38.927  1393  3864 I SuperDelight: SuperDelightManager$2.onSuccess():631 bundled_delight sync success, adding to data file manager
01-16 19:36:38.927  1393  3864 I DataFileManager: DataFileManager.addDataWithoutNotify():185 adding data en-US bundled_delight
01-16 19:36:38.927  1393  1852 I EmojiSuperpacksManager: EmojiSuperpacksManager.triggerSync():382 triggerSync() : isBundled = false
01-16 19:36:38.927  1393  1852 I EmojiSuperpacksManager: EmojiSuperpacksManager.sync():437 Already registered manifest for emoji
01-16 19:36:38.929  1393  1852 I EmojiShortcutsLoader: EmojiShortcutsLoader.getEmojiShortcuts():135 Reading en_US emoji shortcuts
01-16 19:36:38.932  1393  1796 I EmojiSlicingStrategy: EmojiSlicingStrategy.matchEnabledLocalesWithPackLocales():129 matchEnabledLocalesWithPackLocales() : User enabled 2 locales; returning 1 slices
01-16 19:36:38.932  1393  1852 I EmojiShortcutsLoader: EmojiShortcutsLoader.getEmojiShortcuts():156 Read en_US emoji shortcuts successfully.
01-16 19:36:38.932  1393  1796 I SP      : Syncing emoji (2024051320) with slices: [{2ada3c9a4a17d6bb81b1fe8d51502d60, m:*:*:*}], metadata: false
01-16 19:36:38.934  1393  1852 I EmojiShortcutsLoader: EmojiShortcutsLoader.call():71 1 emoji shortcut maps loaded.
01-16 19:36:38.936  1393  1852 I EmojiShortcutsLoader: EmojiShortcutsLoader.call():82 Finished loading emoji shortcuts
01-16 19:36:38.940  1393  1852 I EmojiShortcutsLoader: EmojiShortcutsLoader.getEmojiShortcuts():135 Reading en_US emoji shortcuts
01-16 19:36:38.955  1393  1852 I EmojiShortcutsLoader: EmojiShortcutsLoader.getEmojiShortcuts():156 Read en_US emoji shortcuts successfully.
01-16 19:36:38.961  1393  1796 I SP      : Sync for emoji succeeded in 32 ms: no changes
01-16 19:36:38.961  1393  1796 I SP      : GC for 'emoji' (10) with ttl of 0 ms took 0 ms (0/0/0)
01-16 19:36:38.964  1393  1852 I EmojiShortcutsLoader: EmojiShortcutsLoader.call():71 1 emoji shortcut maps loaded.
01-16 19:36:38.969  1393  1393 I ContentCaptureHelper: Setting logging level to DEBUG
01-16 19:36:38.969  1393  1393 D ContentCaptureManager: setFlushViewTreeAppearingEventDisabled(): setting to false
01-16 19:36:38.971  1393  1393 W TextView: onProvideContentCaptureStructure(): calling assumeLayout()
01-16 19:36:38.977   569   882 W ServiceManagerCppClient: Permission failure: android.permission.ACCESS_SURFACE_FLINGER from uid=10161 pid=0
01-16 19:36:38.977   569   882 D PermissionCache: checking android.permission.ACCESS_SURFACE_FLINGER for uid=10161 => denied (426 us)
01-16 19:36:38.977   569   882 W ServiceManagerCppClient: Permission failure: android.permission.ROTATE_SURFACE_FLINGER from uid=10161 pid=0
01-16 19:36:38.977   569   882 D PermissionCache: checking android.permission.ROTATE_SURFACE_FLINGER for uid=10161 => denied (68 us)
01-16 19:36:38.977   569   882 W ServiceManagerCppClient: Permission failure: android.permission.INTERNAL_SYSTEM_WINDOW from uid=10161 pid=0
01-16 19:36:38.977   569   882 D PermissionCache: checking android.permission.INTERNAL_SYSTEM_WINDOW for uid=10161 => denied (7 us)
01-16 19:36:38.982  1393  1852 I EmojiShortcutsLoader: EmojiShortcutsLoader.call():82 Finished loading emoji shortcuts
01-16 19:36:38.983  3596  3596 D InsetsController: show(ime(), fromIme=true)
01-16 19:36:38.989  1393  1419 I HWUI    : Davey! duration=758ms; Flags=1, FrameTimelineVsyncId=5280, IntendedVsync=319785756766, Vsync=320202423416, InputEventId=0, HandleInputStart=320219568735, AnimationStart=320219569526, PerformTraversalsStart=320219619235, DrawStart=320405776068, FrameDeadline=319802423432, FrameInterval=320217670151, FrameStartTime=16666666, SyncQueued=320409325818, SyncStart=320409596027, IssueDrawCommandsStart=320410406152, SwapBuffers=320536948777, FrameCompleted=320544921152, DequeueBufferDuration=3500, QueueBufferDuration=1345708, GpuCompleted=320544881027, SwapBuffersCompleted=320544921152, DisplayPresentTime=72904454231359566, CommandSubmissionCompleted=320536948777, 
01-16 19:36:38.990  1393  1393 I WindowMetricsNotification: WindowMetricsNotification.notifyWithWindow():113 
01-16 19:36:38.991  1393  1393 I WindowMetricsNotification: WindowMetricsNotification.notify():106 WindowMetricsNotification{bounds=Rect(0, 136 - 1080, 2340), insets=Rect(0, 0 - 0, 66), densityDpi=440, smallestScreenWidthDp=393, displayWidth=1080, displayHeight=2340, xdpi=440.0, ydpi=440.0}; DisplayMetrics{density=2.75, width=1080, height=2340, scaledDensity=2.75, xdpi=440.0, ydpi=440.0}
01-16 19:36:38.991  1393  1393 I WindowMetricsNotification: WindowMetricsNotification.notifyWithWindow():113 
01-16 19:36:38.991  1393  1393 I WindowMetricsNotification: WindowMetricsNotification.notify():106 WindowMetricsNotification{bounds=Rect(0, 136 - 1080, 2340), insets=Rect(0, 0 - 0, 66), densityDpi=440, smallestScreenWidthDp=393, displayWidth=1080, displayHeight=2340, xdpi=440.0, ydpi=440.0}; DisplayMetrics{density=2.75, width=1080, height=2340, scaledDensity=2.75, xdpi=440.0, ydpi=440.0}
01-16 19:36:38.991  1393  1393 I NormalModeController: NormalModeController.getKeyboardBodyViewHolderPaddingBottom():104 currentPrimeKeyboardType:SOFT systemPaddingBottom:-1
01-16 19:36:38.996  3596  3596 D bars    : portraitInsets{left=0, top=136, right=0, bottom=66}
01-16 19:36:38.999  1393  1393 I WindowMetricsNotification: WindowMetricsNotification.notifyWithWindow():113 
01-16 19:36:38.999  1393  1393 I WindowMetricsNotification: WindowMetricsNotification.notify():106 WindowMetricsNotification{bounds=Rect(0, 136 - 1080, 2340), insets=Rect(0, 0 - 0, 66), densityDpi=440, smallestScreenWidthDp=393, displayWidth=1080, displayHeight=2340, xdpi=440.0, ydpi=440.0}; DisplayMetrics{density=2.75, width=1080, height=2340, scaledDensity=2.75, xdpi=440.0, ydpi=440.0}
01-16 19:36:39.000  1393  1393 I GoogleInputMethodService: GoogleInputMethodService$1.onKeyboardViewShown():494 onKeyboardViewShown: keyboardType=accessory, keyboardViewType=HEADER keyboardView=null
01-16 19:36:39.000  1393  1851 I Delight5Decoder: Delight5DecoderWrapper.setKeyboardLayout():511 setKeyboardLayout()
01-16 19:36:39.000  1393  1393 I GoogleInputMethodService: GoogleInputMethodService$1.onKeyboardViewShown():494 onKeyboardViewShown: keyboardType=accessory, keyboardViewType=BODY keyboardView=null
01-16 19:36:39.005  1393  1393 I WindowMetricsNotification: WindowMetricsNotification.notifyWithWindow():113 
01-16 19:36:39.006  1393  1393 I WindowMetricsNotification: WindowMetricsNotification.notify():106 WindowMetricsNotification{bounds=Rect(0, 136 - 1080, 2340), insets=Rect(0, 0 - 0, 66), densityDpi=440, smallestScreenWidthDp=393, displayWidth=1080, displayHeight=2340, xdpi=440.0, ydpi=440.0}; DisplayMetrics{density=2.75, width=1080, height=2340, scaledDensity=2.75, xdpi=440.0, ydpi=440.0}
01-16 19:36:39.006  1393  1393 I WindowMetricsNotification: WindowMetricsNotification.notifyWithWindow():113 
01-16 19:36:39.006  1393  1393 I WindowMetricsNotification: WindowMetricsNotification.notify():106 WindowMetricsNotification{bounds=Rect(0, 136 - 1080, 2340), insets=Rect(0, 0 - 0, 66), densityDpi=440, smallestScreenWidthDp=393, displayWidth=1080, displayHeight=2340, xdpi=440.0, ydpi=440.0}; DisplayMetrics{density=2.75, width=1080, height=2340, scaledDensity=2.75, xdpi=440.0, ydpi=440.0}
01-16 19:36:39.009  1035  1049 I FontLog : Received query Noto Color Emoji Compat, URI content://com.google.android.gms.fonts [CONTEXT service_id=132 ]
01-16 19:36:39.009  1035  1049 I FontLog : Query [Noto Color Emoji Compat] resolved to {Noto Color Emoji Compat, wdth 100.0, wght 400, ital 0.0, bestEffort false} [CONTEXT service_id=132 ]
01-16 19:36:39.010  3596  3596 W InteractionJankMonitor: Initializing without READ_DEVICE_CONFIG permission. enabled=true, interval=1, missedFrameThreshold=3, frameTimeThreshold=64, package=com.ruitb.test.my_app.dev
01-16 19:36:39.013  1035  1049 I FontLog : Fetch {Noto Color Emoji Compat, wdth 100.0, wght 400, ital 0.0, bestEffort false} end status Status{statusCode=SUCCESS, resolution=null} [CONTEXT service_id=132 ]
01-16 19:36:39.016   812   847 D WindowManagerShell: onKeepClearAreasChanged: restricted={}, unrestricted={Rect(0, 2274 - 1080, 2340)}
01-16 19:36:39.020  1035  1192 I FontLog : Pulling font file for id = 14, cache size = 10 [CONTEXT service_id=132 ]
01-16 19:36:39.024  1393  1393 W KeyboardDef: KeyboardDef.getKeyboardViewDef():757 KeyboardViewDef is not found: keyboardDef=kuo{processedConditions={}, globalConditions={global_theme_key=theme_border_stylesheet_noshadow_gsans_pillkey_silkpopup_hover_light_phone_bottom4dp_navredesign, global_locale=en_US, global_density_dpi=440, global_orientation=1}, className=.latin.keyboard.AccessoryKeyboard, resourceIds=[#0x7f170046], initialStates=0, keyboardViewDefs=[kvb{direction=null, id=#0x7f0b014d, isScalable=false, layoutId=#0x7f0e0027, type=FLOATING_CANDIDATES, touchable=true, defaultShow=false}], persistentStates=0, persistentStatesPrefKey=null, popupBubbleLayoutId=#0x7f0e068d, recentKeyLayoutId=0, recentKeyPopupLayoutId=0, recentKeyType=null, rememberRecentKey=NONE, sessionStates=0}, type=HEADER, id=2131427661
01-16 19:36:39.025  1393  1393 W Keyboard: Keyboard.getKeyboardViewHelper():574 null helper is returned: keyboardDef=kuo{processedConditions={}, globalConditions={global_theme_key=theme_border_stylesheet_noshadow_gsans_pillkey_silkpopup_hover_light_phone_bottom4dp_navredesign, global_locale=en_US, global_density_dpi=440, global_orientation=1}, className=.latin.keyboard.AccessoryKeyboard, resourceIds=[#0x7f170046], initialStates=0, keyboardViewDefs=[kvb{direction=null, id=#0x7f0b014d, isScalable=false, layoutId=#0x7f0e0027, type=FLOATING_CANDIDATES, touchable=true, defaultShow=false}], persistentStates=0, persistentStatesPrefKey=null, popupBubbleLayoutId=#0x7f0e068d, recentKeyLayoutId=0, recentKeyPopupLayoutId=0, recentKeyType=null, rememberRecentKey=NONE, sessionStates=0}, type=HEADER, helpersCreated=[null, null, null, null], context.getResources().getConfiguration(): {1.0 310mcc260mnc [en_US] ldltr sw393dp w393dp h851dp 440dpi nrml long port finger -keyb/v/h -nav/h winConfig={ mBounds=Rect(0, 0 - 1080, 2340) mAppBounds=Rect(0, 0 - 1080, 2340) mMaxBounds=Rect(0, 0 - 1080, 2340) mDisplayRotation=ROTATION_0 mWindowingMode=fullscreen mActivityType=undefined mAlwaysOnTop=undefined mRotation=ROTATION_0} as.3 s.47 fontWeightAdjustment=0}
01-16 19:36:39.025  1393  1393 W KeyboardDef: KeyboardDef.getKeyboardViewDef():757 KeyboardViewDef is not found: keyboardDef=kuo{processedConditions={}, globalConditions={global_theme_key=theme_border_stylesheet_noshadow_gsans_pillkey_silkpopup_hover_light_phone_bottom4dp_navredesign, global_locale=en_US, global_density_dpi=440, global_orientation=1}, className=.latin.keyboard.AccessoryKeyboard, resourceIds=[#0x7f170046], initialStates=0, keyboardViewDefs=[kvb{direction=null, id=#0x7f0b014d, isScalable=false, layoutId=#0x7f0e0027, type=FLOATING_CANDIDATES, touchable=true, defaultShow=false}], persistentStates=0, persistentStatesPrefKey=null, popupBubbleLayoutId=#0x7f0e068d, recentKeyLayoutId=0, recentKeyPopupLayoutId=0, recentKeyType=null, rememberRecentKey=NONE, sessionStates=0}, type=BODY, id=2131427661
01-16 19:36:39.025  1393  1393 W Keyboard: Keyboard.getKeyboardViewHelper():574 null helper is returned: keyboardDef=kuo{processedConditions={}, globalConditions={global_theme_key=theme_border_stylesheet_noshadow_gsans_pillkey_silkpopup_hover_light_phone_bottom4dp_navredesign, global_locale=en_US, global_density_dpi=440, global_orientation=1}, className=.latin.keyboard.AccessoryKeyboard, resourceIds=[#0x7f170046], initialStates=0, keyboardViewDefs=[kvb{direction=null, id=#0x7f0b014d, isScalable=false, layoutId=#0x7f0e0027, type=FLOATING_CANDIDATES, touchable=true, defaultShow=false}], persistentStates=0, persistentStatesPrefKey=null, popupBubbleLayoutId=#0x7f0e068d, recentKeyLayoutId=0, recentKeyPopupLayoutId=0, recentKeyType=null, rememberRecentKey=NONE, sessionStates=0}, type=BODY, helpersCreated=[null, null, null, null], context.getResources().getConfiguration(): {1.0 310mcc260mnc [en_US] ldltr sw393dp w393dp h851dp 440dpi nrml long port finger -keyb/v/h -nav/h winConfig={ mBounds=Rect(0, 0 - 1080, 2340) mAppBounds=Rect(0, 0 - 1080, 2340) mMaxBounds=Rect(0, 0 - 1080, 2340) mDisplayRotation=ROTATION_0 mWindowingMode=fullscreen mActivityType=undefined mAlwaysOnTop=undefined mRotation=ROTATION_0} as.3 s.47 fontWeightAdjustment=0}
01-16 19:36:39.033   569   569 W JobScheduler: Job didn't exist in JobStore: ae7225b #u0a161/350 com.google.android.inputmethod.latin/androidx.work.impl.background.systemjob.SystemJobService
01-16 19:36:39.034  1393  1393 I KeyboardHeightUtil: KeyboardHeightUtil.calculateMaxKeyboardBodyHeight():45 leave 267 height for app when ime window height:2138, header height:121 and isFullscreenMode:false, so the max keyboard body height is:1750
01-16 19:36:39.034  1393  1393 I KeyboardHeightUtil: KeyboardHeightUtil.calculateMaxKeyboardBodyHeight():45 leave 267 height for app when ime window height:2138, header height:121 and isFullscreenMode:false, so the max keyboard body height is:1750
01-16 19:36:39.034  1393  1393 I NormalModeController: NormalModeController.getKeyboardBodyViewHolderPaddingBottom():104 currentPrimeKeyboardType:SOFT systemPaddingBottom:-1
01-16 19:36:39.035  1393  1393 W Keyboard: Keyboard.getKeyboardViewHelper():574 null helper is returned: keyboardDef=kuo{processedConditions={}, globalConditions={}, className=com.google.android.libraries.inputmethod.keyboard.impl.Keyboard, resourceIds=[#0x7f170047], initialStates=0, keyboardViewDefs=[], persistentStates=0, persistentStatesPrefKey=null, popupBubbleLayoutId=0, recentKeyLayoutId=0, recentKeyPopupLayoutId=0, recentKeyType=null, rememberRecentKey=NONE, sessionStates=0}, type=HEADER, helpersCreated=[null, null, null, null], context.getResources().getConfiguration(): {1.0 310mcc260mnc [en_US] ldltr sw393dp w393dp h851dp 440dpi nrml long port finger -keyb/v/h -nav/h winConfig={ mBounds=Rect(0, 0 - 1080, 2340) mAppBounds=Rect(0, 0 - 1080, 2340) mMaxBounds=Rect(0, 0 - 1080, 2340) mDisplayRotation=ROTATION_0 mWindowingMode=fullscreen mActivityType=undefined mAlwaysOnTop=undefined mRotation=ROTATION_0} as.3 s.47 fontWeightAdjustment=0}
01-16 19:36:39.035  1393  1393 W Keyboard: Keyboard.getKeyboardViewHelper():574 null helper is returned: keyboardDef=kuo{processedConditions={}, globalConditions={}, className=com.google.android.libraries.inputmethod.keyboard.impl.Keyboard, resourceIds=[#0x7f170047], initialStates=0, keyboardViewDefs=[], persistentStates=0, persistentStatesPrefKey=null, popupBubbleLayoutId=0, recentKeyLayoutId=0, recentKeyPopupLayoutId=0, recentKeyType=null, rememberRecentKey=NONE, sessionStates=0}, type=BODY, helpersCreated=[null, null, null, null], context.getResources().getConfiguration(): {1.0 310mcc260mnc [en_US] ldltr sw393dp w393dp h851dp 440dpi nrml long port finger -keyb/v/h -nav/h winConfig={ mBounds=Rect(0, 0 - 1080, 2340) mAppBounds=Rect(0, 0 - 1080, 2340) mMaxBounds=Rect(0, 0 - 1080, 2340) mDisplayRotation=ROTATION_0 mWindowingMode=fullscreen mActivityType=undefined mAlwaysOnTop=undefined mRotation=ROTATION_0} as.3 s.47 fontWeightAdjustment=0}
01-16 19:36:39.036  1393  1393 I KeyboardHeightUtil: KeyboardHeightUtil.calculateMaxKeyboardBodyHeight():45 leave 267 height for app when ime window height:2138, header height:121 and isFullscreenMode:false, so the max keyboard body height is:1750
01-16 19:36:39.036  1393  1393 I KeyboardHeightUtil: KeyboardHeightUtil.calculateMaxKeyboardBodyHeight():45 leave 267 height for app when ime window height:2138, header height:121 and isFullscreenMode:false, so the max keyboard body height is:1750
01-16 19:36:39.038  1393  1393 I MDDTaskScheduler: MDDTaskScheduler$Worker.startWorkInner():122 work mdd_download_work started
01-16 19:36:39.038  1393  1393 I DownloadManager: DownloadManager.startDownload():484 start download of __KLP_delight__ar-XC
01-16 19:36:39.038  1393  1393 I DownloadManager: DownloadManager.startDownload():484 start download of __KLP_delight__en-840
01-16 19:36:39.040   569   569 W JobScheduler: Job didn't exist in JobStore: 99cda0c #u0a161/349 com.google.android.inputmethod.latin/androidx.work.impl.background.systemjob.SystemJobService
01-16 19:36:39.040   569   569 W JobScheduler: Job didn't exist in JobStore: dbf486b #u0a161/348 com.google.android.inputmethod.latin/androidx.work.impl.background.systemjob.SystemJobService
01-16 19:36:39.045  3596  3596 I ImeTracker: com.ruitb.test.my_app.dev:3df9181e: onShown
01-16 19:36:39.052  1035  1192 I FontLog : Pulling font file for id = 14, cache size = 10 [CONTEXT service_id=132 ]
01-16 19:36:39.061  1393  1393 I WindowMetricsNotification: WindowMetricsNotification.notifyWithWindow():113 
01-16 19:36:39.061  1393  1393 I WindowMetricsNotification: WindowMetricsNotification.notify():106 WindowMetricsNotification{bounds=Rect(0, 136 - 1080, 2340), insets=Rect(0, 0 - 0, 66), densityDpi=440, smallestScreenWidthDp=393, displayWidth=1080, displayHeight=2340, xdpi=440.0, ydpi=440.0}; DisplayMetrics{density=2.75, width=1080, height=2340, scaledDensity=2.75, xdpi=440.0, ydpi=440.0}
01-16 19:36:39.061  1393  1393 I WindowMetricsNotification: WindowMetricsNotification.notifyWithWindow():113 
01-16 19:36:39.062  1393  1393 I WindowMetricsNotification: WindowMetricsNotification.notify():106 WindowMetricsNotification{bounds=Rect(0, 136 - 1080, 2340), insets=Rect(0, 0 - 0, 66), densityDpi=440, smallestScreenWidthDp=393, displayWidth=1080, displayHeight=2340, xdpi=440.0, ydpi=440.0}; DisplayMetrics{density=2.75, width=1080, height=2340, scaledDensity=2.75, xdpi=440.0, ydpi=440.0}
01-16 19:36:39.075  1035  1035 W Glide   : Failed to find GeneratedAppGlideModule. You should include an annotationProcessor compile dependency on com.github.bumptech.glide:compiler in your application and a @GlideModule annotated AppGlideModule implementation or LibraryGlideModules will be silently ignored
01-16 19:36:39.077  1393  3450 I DelightKLPDownloader: DelightKLPDownloader$2.onSuccess():207 klp ar_XC downloaded with version 2024022700
01-16 19:36:39.077  1393  3450 I DelightKLPDownloader: DelightKLPDownloader$2.onSuccess():207 klp en_840 downloaded with version 2024070900
01-16 19:36:39.077  1393  3450 I DelightKLPDownloader: DelightKLPDownloader$2.onSuccess():207 klp en_840 downloaded with version 2024070900
01-16 19:36:39.077  1393  3449 I DelightKLPDownloader: DelightKLPDownloader$2.onSuccess():207 klp ar_XC downloaded with version 2024022700
01-16 19:36:39.086   569   660 D ActivityManager: sync unfroze 2432 com.google.android.calendar for 6
01-16 19:36:39.093   569   852 D ConnectivityService: requestNetwork for uid/pid:10144/1035 activeRequest: null callbackRequest: 139 [NetworkRequest [ REQUEST id=140, [ Capabilities: INTERNET&NOT_RESTRICTED&TRUSTED&NOT_VCN_MANAGED&NOT_BANDWIDTH_CONSTRAINED Uid: 10144 RequestorUid: 10144 RequestorPkg: com.google.android.gms UnderlyingNetworks: Null] ]] callback flags: 0 order: 2147483647 isUidTracked: false
01-16 19:36:39.094   569   717 D WifiNetworkFactory: got request NetworkRequest [ REQUEST id=140, [ Capabilities: INTERNET&NOT_RESTRICTED&TRUSTED&NOT_VCN_MANAGED&NOT_BANDWIDTH_CONSTRAINED Uid: 10144 RequestorUid: 10144 RequestorPkg: com.google.android.gms UnderlyingNetworks: Null] ]
01-16 19:36:39.095   569   717 D UntrustedWifiNetworkFactory: got request NetworkRequest [ REQUEST id=140, [ Capabilities: INTERNET&NOT_RESTRICTED&TRUSTED&NOT_VCN_MANAGED&NOT_BANDWIDTH_CONSTRAINED Uid: 10144 RequestorUid: 10144 RequestorPkg: com.google.android.gms UnderlyingNetworks: Null] ]
01-16 19:36:39.095   569   717 D OemPaidWifiNetworkFactory: got request NetworkRequest [ REQUEST id=140, [ Capabilities: INTERNET&NOT_RESTRICTED&TRUSTED&NOT_VCN_MANAGED&NOT_BANDWIDTH_CONSTRAINED Uid: 10144 RequestorUid: 10144 RequestorPkg: com.google.android.gms UnderlyingNetworks: Null] ]
01-16 19:36:39.095   569   717 D MultiInternetWifiNetworkFactory: got request NetworkRequest [ REQUEST id=140, [ Capabilities: INTERNET&NOT_RESTRICTED&TRUSTED&NOT_VCN_MANAGED&NOT_BANDWIDTH_CONSTRAINED Uid: 10144 RequestorUid: 10144 RequestorPkg: com.google.android.gms UnderlyingNetworks: Null] ]
01-16 19:36:39.095   569   724 D ConnectivityService: NetReassign [140 : null  101] [c 0] [a 1] [i 0]
01-16 19:36:39.120   569   569 W FillRequestEventLogger: Shouldn't be logging AutofillFillRequestReported again for same event
01-16 19:36:39.120   569   569 W FillResponseEventLogger: Shouldn't be logging AutofillFillRequestReported again for same event
01-16 19:36:39.122   569   569 D AutofillSession: clearPendingIntentLocked
01-16 19:36:39.123   569   595 D AutofillUI: destroySaveUiUiThread(): already destroyed
01-16 19:36:39.123   569   569 D AutofillInlineSuggestionsRequestSession: onInlineSuggestionsResponseLocked called for:1073741824:i363721179@1018699670
01-16 19:36:39.131   569   660 D ActivityManager: sync unfroze 1567 com.google.android.googlequicksearchbox:search for 6
01-16 19:36:39.133   976   976 V InlineSuggestionRenderService: handleDestroySuggestionViews called for 0:1018699670
01-16 19:36:39.134   569   660 D ActivityManager: sync unfroze 3274 com.google.android.adservices.api for 6
01-16 19:36:39.136   569   660 D ActivityManager: sync unfroze 3229 com.google.android.webview:sandboxed_process0:org.chromium.content.app.SandboxedProcessService0:0 for 6
01-16 19:36:39.161  1519  1519 D BoundBrokerSvc: onRebind: Intent { act=com.google.android.gms.chimera.container.moduleinstall.ModuleInstallService.START dat=chimera-action:/... cmp=com.google.android.gms/.chimera.GmsApiService }
01-16 19:36:39.168   369   369 I netd    : tetherGetStats() -> {[]} <1.01ms>
01-16 19:36:39.174  2432  2432 D ActivityThread: Package [com.ruitb.test.my_app.dev] reported as REPLACED, but missing application info. Assuming REMOVED.
01-16 19:36:39.178  1567  1974 I WorkerManager: dispose()
01-16 19:36:39.196  1567  1567 I BgTaskExecutorImpl: (REDACTED) Starting %s background task %s.
01-16 19:36:39.211  1393  3527 I WM-WorkerWrapper: Worker result SUCCESS for Work [ id=88963de3-1daa-470b-ac76-da2dfb87782e, tags={ com.google.android.libraries.inputmethod.mdd.MDDTaskScheduler$Worker } ]
01-16 19:36:39.221  1393  1393 W MlKitModuleManager: MlKitModuleManager.lambda$onCreate$0():52 MlKit modules are not available.
01-16 19:36:39.238  2432  2502 D CompatChangeReporter: Compat change id reported: 263076149; UID 10160; state: ENABLED
01-16 19:36:39.251  1379  1389 I IPCThreadState: oneway function results for code 2 on binder at 0xb4000072785d0130 will be dropped but finished with status UNKNOWN_TRANSACTION
01-16 19:36:39.258   569   882 D CompatChangeReporter: Compat change id reported: 161145287; UID 10143; state: ENABLED
01-16 19:36:39.278   569   882 D ActivityManager: sync unfroze 2164 com.android.providers.calendar for 7
01-16 19:36:39.279  2164  2164 D ActivityThread: Package [com.ruitb.test.my_app.dev] reported as REPLACED, but missing application info. Assuming REMOVED.
01-16 19:36:39.281   569   882 W ActivityManager: Unable to start service Intent { act=com.google.android.finsky.BIND_PLAY_MODULE_SERVICE pkg=com.android.vending } U=0: not found
01-16 19:36:39.282  1519  1711 E ZappPhoneskyConn: Unable to bind to Phonesky
01-16 19:36:39.282  1519  1711 I GmsDebugLogger: [76] 
01-16 19:36:39.287  2432  2437 I ndroid.calendar: Background concurrent mark compact GC freed 3485KB AllocSpace bytes, 31(748KB) LOS objects, 49% free, 3255KB/6511KB, paused 2.596ms,644us total 158.716ms
01-16 19:36:39.287   569   882 W ActivityManager: Unable to start service Intent { act=com.google.android.finsky.BIND_PLAY_MODULE_SERVICE pkg=com.android.vending } U=0: not found
01-16 19:36:39.288  1519  1711 E ZappPhoneskyConn: Unable to bind to Phonesky
01-16 19:36:39.288  1519  1711 E DynamicModuleDownloader: Zapp module request failed: null
01-16 19:36:39.301  1567  3650 I NetworkRecognitionRnr: Using pair HTTP connection
01-16 19:36:39.311  1567  3386 I A       : [Upload] Connected
01-16 19:36:39.317  1567  1572 I earchbox:search: JIT allocated 55KB for compiled code of java.lang.Object com.google.android.apps.gsa.binaries.satin.app.ahw.a()
01-16 19:36:39.317  1567  1572 I earchbox:search: Compiler allocated 5394KB to compile java.lang.Object com.google.android.apps.gsa.binaries.satin.app.ahw.a()
01-16 19:36:39.322  1393  1393 I MlKitModuleManager: MlKitModuleManager.lambda$tryToInstallModules$2():85 Modules install request has been initiated.
01-16 19:36:39.349  1567  1974 I MicroDetectionState: (REDACTED) Updating hotword opa ineligibility to %b
01-16 19:36:39.354  1567  3386 I NetworkRecognitionRnr: Using pair HTTP connection
01-16 19:36:39.355  1567  2140 I A       : [Upload] Connected
01-16 19:36:39.358  1567  1567 E A       : onError
01-16 19:36:39.358  1567  1567 E A       : com.google.android.apps.gsa.shared.speech.b.l: errorCode: 65561, engine: 2
01-16 19:36:39.358  1567  1567 E A       : 	at com.google.android.apps.gsa.staticplugins.bp.a.f.a(PG:23)
01-16 19:36:39.358  1567  1567 E A       : 	at com.google.android.apps.gsa.s3.o.hg(PG:13)
01-16 19:36:39.358  1567  1567 E A       : 	at com.google.ch.g.a.f.e(PG:9)
01-16 19:36:39.358  1567  1567 E A       : 	at com.google.android.apps.gsa.speech.k.a.g.d(PG:162)
01-16 19:36:39.358  1567  1567 E A       : 	at com.google.android.apps.gsa.speech.k.a.g.iN(PG:26)
01-16 19:36:39.358  1567  1567 E A       : 	at com.google.android.apps.gsa.s3.p.c(PG:102)
01-16 19:36:39.358  1567  1567 E A       : 	at com.google.android.apps.gsa.s3.q.run(PG:1)
01-16 19:36:39.358  1567  1567 E A       : 	at java.util.concurrent.Executors$RunnableAdapter.call(Executors.java:487)
01-16 19:36:39.358  1567  1567 E A       : 	at java.util.concurrent.FutureTask.run(FutureTask.java:264)
01-16 19:36:39.358  1567  1567 E A       : 	at com.google.android.apps.gsa.shared.util.c.a.e.run(PG:12)
01-16 19:36:39.358  1567  1567 E A       : 	at com.google.android.apps.gsa.shared.util.c.a.bg.run(PG:3)
01-16 19:36:39.358  1567  1567 E A       : 	at com.google.android.apps.gsa.shared.util.c.a.bg.run(PG:3)
01-16 19:36:39.358  1567  1567 E A       : 	at java.util.concurrent.ThreadPoolExecutor.runWorker(ThreadPoolExecutor.java:1145)
01-16 19:36:39.358  1567  1567 E A       : 	at java.util.concurrent.ThreadPoolExecutor$Worker.run(ThreadPoolExecutor.java:644)
01-16 19:36:39.358  1567  1567 E A       : 	at java.lang.Thread.run(Thread.java:1012)
01-16 19:36:39.358  1567  1567 E A       : 	at com.google.android.apps.gsa.shared.util.c.a.l.run(PG:42)
01-16 19:36:39.358  1567  1567 E A       : Caused by: com.google.android.apps.gsa.shared.speech.b.n: errorCode: 65586, engine: 2
01-16 19:36:39.358  1567  1567 E A       : 	at com.google.android.apps.gsa.s3.o.hg(PG:6)
01-16 19:36:39.358  1567  1567 E A       : 	... 14 more
01-16 19:36:39.358  1567  1567 E A       : Caused by: com.google.android.apps.gsa.shared.speech.b.j: errorCode: 401, engine: 2
01-16 19:36:39.358  1567  1567 E A       : 	at com.google.android.apps.gsa.assistant.shared.n.i.b(PG:30)
01-16 19:36:39.358  1567  1567 E A       : 	at com.google.android.apps.gsa.s3.producers.j.hq(PG:11)
01-16 19:36:39.358  1567  1567 E A       : 	at com.google.android.apps.gsa.speech.k.a.g.d(PG:135)
01-16 19:36:39.358  1567  1567 E A       : 	... 12 more
01-16 19:36:39.358  1567  1567 W A       : Failed to sync device settings.
01-16 19:36:39.358  1567  1567 I A       : Retrying to sync device settings.
01-16 19:36:39.370  1519  3901 I ChimeraConfigurator: Starting update, reason: 4 urgentFeatures: vision.ocr:1
01-16 19:36:39.372  1567  1567 W JobInfo : Job 'com.google.android.googlequicksearchbox/com.google.android.apps.gsa.tasks.BackgroundTasksJobService#-353' has a deadline with functional constraints and an extremely short time window of 0 ms (delay=240000, deadline=240000). The functional constraints are not likely to be satisfied when the job runs.
01-16 19:36:39.373   569  1069 W JobInfo : Job 'com.google.android.googlequicksearchbox/com.google.android.apps.gsa.tasks.BackgroundTasksJobService#-353' has a deadline with functional constraints and an extremely short time window of 0 ms (delay=240000, deadline=240000). The functional constraints are not likely to be satisfied when the job runs.
01-16 19:36:39.373   569  1069 W JobInfo : Job 'com.google.android.googlequicksearchbox/com.google.android.apps.gsa.tasks.BackgroundTasksJobService#-353' has a deadline with functional constraints and an extremely short time window of 0 ms (delay=240000, deadline=240000). The functional constraints are not likely to be satisfied when the job runs.
01-16 19:36:39.379   569  1069 W JobScheduler: Job didn't exist in JobStore: d9d1b33 #u0a143/-353 com.google.android.googlequicksearchbox/com.google.android.apps.gsa.tasks.BackgroundTasksJobService
01-16 19:36:39.385  1567  1974 I A       : getLocaleToModelSpecsMap
01-16 19:36:39.385  1567  1974 I A       : Fetching latest config from MDD...
01-16 19:36:39.385  1567  1974 I A       : (REDACTED) Found map of size: %d
01-16 19:36:39.392  1567  1974 I MicroDetectionWorker: (REDACTED) Initializing MicroDataManager InitializeType-%d, isForced-%b, isActivePhoneEnrollment-%b isActiveGoogleHomeEnrollment-%b
01-16 19:36:39.393  1567  1974 I A       : getLocaleToModelSpecsMap
01-16 19:36:39.393  1567  1974 I A       : Fetching latest config from MDD...
01-16 19:36:39.393  1567  1974 I A       : (REDACTED) Found map of size: %d
01-16 19:36:39.393  1567  1974 I MicroDataManager: (REDACTED) Location for model with model type: %s and locale: %s, is : %s
01-16 19:36:39.395  1519  3901 I ChimeraConfigurator: Detected pending changes for urgent request: [vision.ocr]. Pending module sets: container:2423359190400+mlkit.ocr.common+vision.ocr,tflite_dynamite:2439308015100400+tflite_dynamite
01-16 19:36:39.396  1567  1974 I MicroDetectionState: (REDACTED) #takeChangeMicroDetectorMode [mIsBargeInEnabled: %b, mCurrentDetectionMode: %s]
01-16 19:36:39.398  1567  1974 I MicroDetectionState: (REDACTED) Should stop hotword detection immediately - %b
01-16 19:36:39.401  1567  1974 I MicroDetectionState: (REDACTED) #takeChangeMicroDetectorMode [mIsBargeInEnabled: %b, mCurrentDetectionMode: %s]
01-16 19:36:39.401  1567  1974 I MicroDetectionState: (REDACTED) Should stop hotword detection immediately - %b
01-16 19:36:39.402  1567  1974 I A       : getLocaleToModelSpecsMap
01-16 19:36:39.402  1567  1974 I A       : Fetching latest config from MDD...
01-16 19:36:39.402  1567  1974 I A       : (REDACTED) Found map of size: %d
01-16 19:36:39.421  1567  1781 I A       : (REDACTED) Updating user context. Event: %s
01-16 19:36:39.421  1519  3901 I GmsDebugLogger: [73] 1801
01-16 19:36:39.424  1519  3901 W ZappDownloader: No successful Zapp module downloads for requested modules [VisionOcr.optional:242335100000:permitMetered, MlkitOcrCommon.optional:242335100400:permitMetered, TfliteDynamiteDynamite.integ:243930801100400:permitMetered].
01-16 19:36:39.424  1519  3901 I GmsDebugLogger: [30] [VisionOcr.optional:242335100000],[MlkitOcrCommon.optional:242335100400],[TfliteDynamiteDynamite.integ:243930801100400]
01-16 19:36:39.426  1519  3901 W ChimeraConfigService: Retry attempt was throttled. [CONTEXT service_id=264 ]
01-16 19:36:39.426  1519  3901 I GmsDebugLogger: [83] 1 [vision.ocr]
01-16 19:36:39.431  3596  3654 D EGL_emulation: app_time_stats: avg=387.79ms min=19.97ms max=765.41ms count=3
01-16 19:36:39.435  1393  1393 W MlKitModuleManager: MlKitModuleManager$1.onInstallStatusUpdated():112 Modules download failed. Error code: 8
01-16 19:36:39.456  1519  1519 D BoundBrokerSvc: onBind: Intent { act=com.google.android.gms.wallet.service.BIND pkg=com.google.android.gms }
01-16 19:36:39.456  1519  1519 D BoundBrokerSvc: Loading bound service for intent: Intent { act=com.google.android.gms.wallet.service.BIND pkg=com.google.android.gms }
01-16 19:36:39.502  1519  1711 I Icing   : IndexChimeraService.getServiceInterface callingPackage=com.google.android.googlequicksearchbox componentName=AMBIENT_ASSISTANT serviceId=32
01-16 19:36:39.507   569   852 I AppWidgetServiceImpl: getAppWidgetIds() 0
01-16 19:36:39.508  1567  1991 I SS3PSurfacesSuggestAggr: Neither TNG Smartspace widget nor OEM is enabled.
01-16 19:36:39.511  1567  1991 I BcSsSuggestionAgg: TNG Bluechip smartspace not enabled.
01-16 19:36:39.511  1567  1991 W t       : Triggering event does not contain a headphone connection.
01-16 19:36:39.534  1035  1035 D BoundBrokerSvc: onBind: Intent { act=com.google.android.gms.auth.aang.events.services.START dat=chimera-action:/... cmp=com.google.android.gms/.chimera.PersistentApiService }
01-16 19:36:39.534  1035  1035 D BoundBrokerSvc: Loading bound service for intent: Intent { act=com.google.android.gms.auth.aang.events.services.START dat=chimera-action:/... cmp=com.google.android.gms/.chimera.PersistentApiService }
01-16 19:36:39.546  1519  1821 I Icing   : IndexChimeraService.getServiceInterface callingPackage=com.google.android.gms componentName=null serviceId=30
01-16 19:36:39.568  1519  2098 I Icing   : Usage reports ok 1, Failed Usage reports 0, indexed 0, rejected 0
01-16 19:36:39.577  1519  2098 I Icing   : Usage reports ok 0, Failed Usage reports 0, indexed 0, rejected 0
01-16 19:36:40.030  3596  3660 D EGL_emulation: app_time_stats: avg=369.17ms min=23.98ms max=530.74ms count=4
01-16 19:36:40.257   373  3728 D android.hardware.audio@7.1-impl.ranchu: threadLoop: entering standby, frames: 1294720
01-16 19:36:40.514  3596  3654 D EGL_emulation: app_time_stats: avg=1082.56ms min=1082.56ms max=1082.56ms count=1
01-16 19:36:40.964   569  2258 D HapticFeedbackCustomization: Customization file not configured.
01-16 19:36:40.997  1393  1924 D EGL_emulation: app_time_stats: avg=676.58ms min=35.43ms max=1929.57ms count=3
01-16 19:36:41.032  3596  3660 D EGL_emulation: app_time_stats: avg=500.79ms min=499.69ms max=501.88ms count=2
01-16 19:36:41.040  1393  1393 I KeyboardContextProvider: KeyboardContextProvider$KeyboardContextCache.createKeyboardContext():173 createKeyboardContext(): ar-x-levant, jgg@7ab075b(com.android.inputmethod.latin.LatinIME@ea8a4ff), {1.0 310mcc260mnc [ar__#x-levant] ldrtl sw393dp w393dp h851dp 440dpi nrml long port finger -keyb/v/h -nav/h winConfig={ mBounds=Rect(0, 0 - 1080, 2340) mAppBounds=Rect(0, 0 - 1080, 2340) mMaxBounds=Rect(0, 0 - 1080, 2340) mDisplayRotation=ROTATION_0 mWindowingMode=fullscreen mActivityType=undefined mAlwaysOnTop=undefined mRotation=ROTATION_0} as.3 s.47 fontWeightAdjustment=0}
01-16 19:36:41.096   812   847 D WindowManagerShell: onKeepClearAreasChanged: restricted={}, unrestricted={Rect(0, 136 - 1080, 2340)}
01-16 19:36:41.424   569   852 D ConnectivityService: requestNetwork for uid/pid:10143/1567 activeRequest: null callbackRequest: 141 [NetworkRequest [ REQUEST id=141, [ Transports: CELLULAR Capabilities: INTERNET&NOT_RESTRICTED&TRUSTED&NOT_VPN&NOT_VCN_MANAGED&NOT_BANDWIDTH_CONSTRAINED Forbidden: LOCAL_NETWORK Uid: 10143 RequestorUid: 10143 RequestorPkg: com.google.android.googlequicksearchbox UnderlyingNetworks: Null] ]] callback flags: 0 order: 2147483647 isUidTracked: false
01-16 19:36:41.431   369   369 I netd    : networkSetPermissionForNetwork(100, 0) <2.76ms>
01-16 19:36:41.433   569   724 W IPCThreadState: Sending oneway calls to frozen process.
01-16 19:36:41.434   569   724 D ConnectivityService: NetReassign [141 : null  100] [c 0] [a 9] [i 1]
01-16 19:36:41.434   569   724 D ConnectivityService: reportNetworkConnectivity(101, false) by 10143
01-16 19:36:41.445   863  2359 D NetworkMonitor/101: Forcing reevaluation for UID 10143. Dns signal count: 0
01-16 19:36:41.457   863  3915 D TrafficStats: tagSocket(5) with statsTag=0xffffff81, statsUid=-1
01-16 19:36:41.460   863  3914 D TrafficStats: tagSocket(110) with statsTag=0xffffff81, statsUid=-1
01-16 19:36:41.464   863  3914 D TrafficStats: tagSocket(84) with statsTag=0xffffff81, statsUid=-1
01-16 19:36:41.464   863  3915 D TrafficStats: tagSocket(5) with statsTag=0xffffff81, statsUid=-1
01-16 19:36:41.474   369  3916 I resolv  : ResNSendHandler::run: 0 / {101 983141 101 983141 1073 1}
01-16 19:36:41.474   369  3919 I resolv  : ResNSendHandler::run: 0 / {101 983141 101 983141 1073 1}
01-16 19:36:41.474   369  3918 I resolv  : ResNSendHandler::run: 0 / {101 983141 101 983141 1073 1}
01-16 19:36:41.479   369  3917 I resolv  : ResNSendHandler::run: 0 / {101 983141 101 983141 1073 1}
01-16 19:36:41.481   369  3916 I resolv  : res_nsend: used send_dg 60 terrno: 0
01-16 19:36:41.482   369  3917 I resolv  : res_nsend: used send_dg 75 terrno: 0
01-16 19:36:41.482   369  3919 I resolv  : res_nsend: used send_dg 63 terrno: 0
01-16 19:36:41.482   369  3918 I resolv  : res_nsend: used send_dg 48 terrno: 0
01-16 19:36:41.485   863   863 D TrafficStats: tagSocket(84) with statsTag=0xffffffff, statsUid=-1
01-16 19:36:41.486   863   863 D TrafficStats: tagSocket(84) with statsTag=0xffffffff, statsUid=-1
01-16 19:36:41.487   863   863 D TrafficStats: tagSocket(5) with statsTag=0xffffffff, statsUid=-1
01-16 19:36:41.487   863   863 D TrafficStats: tagSocket(5) with statsTag=0xffffffff, statsUid=-1
01-16 19:36:41.487   863  3914 D NetworkMonitor/101: PROBE_DNS www.google.com 36ms OK 216.58.204.132,2a00:1450:4002:414::2004
01-16 19:36:41.488   863  3915 D NetworkMonitor/101: PROBE_DNS connectivitycheck.gstatic.com 36ms OK 216.58.204.131,2a00:1450:4002:414::2003
01-16 19:36:41.492   369  3920 I resolv  : GetAddrInfoHandler::run: {101 983141 101 983141 1073 1}
01-16 19:36:41.494   369  3921 I resolv  : res_nmkquery: (QUERY, IN, AAAA)
01-16 19:36:41.494   369  3921 I resolv  : resolv_cache_lookup: FOUND IN CACHE entry=0xb4000075f7a4b5d0
01-16 19:36:41.494   369  3921 I resolv  : doQuery: rcode=0, ancount=1, return value=60
01-16 19:36:41.494   369  3922 I resolv  : res_nmkquery: (QUERY, IN, A)
01-16 19:36:41.494   369  3922 I resolv  : resolv_cache_lookup: FOUND IN CACHE entry=0xb4000074e7a52320
01-16 19:36:41.494   369  3922 I resolv  : doQuery: rcode=0, ancount=1, return value=48
01-16 19:36:41.496   863  3914 D TrafficStats: tagSocket(5) with statsTag=0xffffff81, statsUid=-1
01-16 19:36:41.496   369  3923 I resolv  : GetAddrInfoHandler::run: {101 983141 101 983141 1073 1}
01-16 19:36:41.497   369  3924 I resolv  : res_nmkquery: (QUERY, IN, AAAA)
01-16 19:36:41.497   369  3924 I resolv  : resolv_cache_lookup: FOUND IN CACHE entry=0xb400007547a459b0
01-16 19:36:41.497   369  3924 I resolv  : doQuery: rcode=0, ancount=1, return value=75
01-16 19:36:41.497   369  3925 I resolv  : res_nmkquery: (QUERY, IN, A)
01-16 19:36:41.497   369  3925 I resolv  : resolv_cache_lookup: FOUND IN CACHE entry=0xb400007547a466d0
01-16 19:36:41.497   369  3925 I resolv  : doQuery: rcode=0, ancount=1, return value=63
01-16 19:36:41.498   863  3915 D TrafficStats: tagSocket(84) with statsTag=0xffffff81, statsUid=-1
01-16 19:36:41.597  3596  3654 D EGL_emulation: app_time_stats: avg=1083.67ms min=1083.67ms max=1083.67ms count=1
01-16 19:36:41.615   863  3915 D NetworkMonitor/101: PROBE_HTTP http://connectivitycheck.gstatic.com/generate_204 time=118ms ret=204 request={Connection=[close], User-Agent=[Mozilla/5.0 (X11; Linux x86_64) AppleWebKit/537.36 (KHTML, like Gecko) Chrome/60.0.3112.32 Safari/537.36]} headers={null=[HTTP/1.1 204 No Content], Connection=[close], Content-Length=[0], Cross-Origin-Resource-Policy=[cross-origin], Date=[Fri, 16 Jan 2026 16:36:42 GMT], X-Android-Received-Millis=[1768581401614], X-Android-Response-Source=[NETWORK 204], X-Android-Selected-Protocol=[http/1.1], X-Android-Sent-Millis=[1768581401555]}
01-16 19:36:41.713   863  3914 D NetworkMonitor/101: PROBE_HTTPS https://www.google.com/generate_204 time=221ms ret=204 request={Connection=[close], User-Agent=[Mozilla/5.0 (X11; Linux x86_64) AppleWebKit/537.36 (KHTML, like Gecko) Chrome/60.0.3112.32 Safari/537.36]} headers={null=[HTTP/1.1 204 No Content], Alt-Svc=[h3=":443"; ma=2592000,h3-29=":443"; ma=2592000], Connection=[close], Content-Length=[0], Cross-Origin-Resource-Policy=[cross-origin], Date=[Fri, 16 Jan 2026 16:36:42 GMT], X-Android-Received-Millis=[1768581401711], X-Android-Response-Source=[NETWORK 204], X-Android-Selected-Protocol=[http/1.1], X-Android-Sent-Millis=[1768581401652]}
01-16 19:36:41.714   863  3913 D NetworkMonitor/101: isCaptivePortal: isSuccessful()=true isPortal()=false RedirectUrl=null isPartialConnectivity()=false Time=266ms
01-16 19:36:41.717   569   724 D ConnectivityService: [101 WIFI] validation passed
01-16 19:36:41.959   569  2258 D FileUtils: Rounded bytes from 2070597632 to 4000000000
01-16 19:36:42.431  1393  1393 I AccessoryInputModeManager: AccessoryInputModeManager.onModeStarted():308 Accessory input mode started: VK_OVER_STYLUS
01-16 19:36:42.432  1393  1393 I KeyboardModeManager: KeyboardModeManager.setKeyboardMode():931 setKeyboardMode() newKeyboardMode=3, updatePreferences=false, reactivateKeyboard=true
01-16 19:36:42.432  1393  1393 I KeyboardModeSwitcher: KeyboardModeSwitcher.setCurrentKeyboardMode():62 Keyboard mode switched: 1 -> 3
01-16 19:36:42.432  1393  1393 I KeyboardModeManager: KeyboardModeManager.setKeyboardMode():944 Switch from 1 to 3 keyboard mode, updatePreferences=false
01-16 19:36:42.442   411   498 D audioserver: logFgsApiBegin: FGS Logger Transaction failed, -129
01-16 19:36:42.446   569  2258 W AS.PlaybackActivityMon: No piid assigned for invalid/internal port id 15
01-16 19:36:42.448  1393  1393 I StyledKeyboardThemeBuilder: StyledKeyboardThemeBuilder.build():132 Pref: [], themeName: [silk:], darkMode: [false], cacheKey: [overlay_builtin_dynamic_color_light_base.binarypb:dynamic-gm3-light-fffefbff-ff475d92-21eef06c8465a51eb0abebf952ba428b]
01-16 19:36:42.449  1393  1393 I KeyboardThemeProvider: KeyboardThemeProvider.applyKeyboardTheme():27 Apply keyboard theme: theme_border_floating_keyboard2_floating_v2_height_stylesheet_noshadow_gsans_pillkey_silkpopup_hover_light_phone_bottom4dp_navredesign_350_overlay_builtin_dynamic_color_light_base.binarypb:dynamic-gm3-light-fffefbff-ff475d92-21eef06c8465a51eb0abebf952ba428b_port
01-16 19:36:42.488  1393  1924 D EGL_emulation: app_time_stats: avg=292.06ms min=2.81ms max=1310.01ms count=5
01-16 19:36:42.490  1393  1393 W FloatingKeyboardModeData: FloatingKeyboardModeData.calculateFloatingKeyboardHeight():239 The keyboard height is not available!
01-16 19:36:42.490  1393  1393 I AndroidIME: KeyboardViewManager.updateKeyboardBackgroundFrameVisibility():314 Set background frame visibility. old:8, new:8
01-16 19:36:42.492  1393  1393 E AndroidIME: AbstractPopupViewManager.movePopupView():325 popup view android.widget.FrameLayout{e253b46 G.E...... ......I. 0,0-0,0} is not shown!
01-16 19:36:42.495  1393  1393 I InputMethodEntryManager: InputMethodEntryManager.resetLanguages():2621 resetLanguages(): languages=null, conditionName=keyboard_mode
01-16 19:36:42.495  1393  1393 I ImeDefCache: ImeDefCache.clearCacheForLanguages():387 clearCacheForLanguages(): []
01-16 19:36:42.495  1393  1393 I AdditionalImeDefCache: AdditionalImeDefCache.clearAdditionalImeDefsForCondition():435 clearAdditionalImeDefsForCondition() clear additional ImeDefs: []
01-16 19:36:42.495  1393  1393 I InputMethodEntryManager: InputMethodEntryManager.resetLanguages():2634 Clear cache for languages: null, changed=false
01-16 19:36:42.497  1393  1393 I InputMethodEntryManager: InputMethodEntryManager.startLoadingInputMethodEntrySettings():700 Start loading input method entry settings: [LanguageTagVariantTuple{languageTag=en-US, variant=qwerty}, LanguageTagVariantTuple{languageTag=ar-x-levant, variant=arabic}]
01-16 19:36:42.498  1393  1393 I InputMethodEntryManager: InputMethodEntryManager.updateInputMethodEntrySettingsLoadingTask():787 update loading task with resetImplicitlyEnabledEntries is false
01-16 19:36:42.498  1393  1393 I InputMethodEntryManager: InputMethodEntryManager$4.onSuccess():806 Success load entries: [LanguageTagVariantTuple{languageTag=en-US, variant=qwerty}, LanguageTagVariantTuple{languageTag=ar-x-levant, variant=arabic}], resetImplicitlyEnabledEntries=false, initialized=true
