01-16 19:48:04.938  6336  6336 D ApplicationLoaders: Returning zygote-cached class loader: /system/framework/org.apache.http.legacy.jar
01-16 19:48:04.938  6336  6336 D ApplicationLoaders: Returning zygote-cached class loader: /system_ext/framework/androidx.window.extensions.jar
01-16 19:48:04.938  6336  6336 D ApplicationLoaders: Returning zygote-cached class loader: /system_ext/framework/androidx.window.sidecar.jar
01-16 19:48:04.941   569   891 I AggregatedPowerStats: Too many clock updates. Replacing the previous update with 2026-01-13-17-22-35
01-16 19:48:04.942  6236  6236 W ImageReader_JNI: Unable to acquire a buffer item, very likely client tried to acquire more than maxImages buffers
01-16 19:48:04.949   569   891 I AggregatedPowerStats: Too many clock updates. Replacing the previous update with 2026-01-13-20-51-08
01-16 19:48:04.949   569   891 I AggregatedPowerStats: Too many clock updates. Replacing the previous update with 2026-01-15-09-06-29
01-16 19:48:04.950   569   891 I AggregatedPowerStats: Too many clock updates. Replacing the previous update with 2026-01-15-09-06-25
01-16 19:48:04.950   569   891 I AggregatedPowerStats: Too many clock updates. Replacing the previous update with 2026-01-15-09-06-34
01-16 19:48:04.955   569   891 I AggregatedPowerStats: Too many clock updates. Replacing the previous update with 2026-01-15-09-09-03
01-16 19:48:04.963  6336  6336 D nativeloader: Configuring clns-shared-7 for other apk /apex/com.android.permission/priv-app/GooglePermissionController@350820360/GooglePermissionController.apk. target_sdk_version=35, uses_libraries=, library_path=/apex/com.android.permission/priv-app/GooglePermissionController@350820360/lib/arm64:/system/lib64:/system_ext/lib64, permitted_path=/data:/mnt/expand:/data/user_de/0/com.google.android.permissioncontroller:/apex/com.android.permission/priv-app/GooglePermissionController@350820360:/system/lib64:/system_ext/lib64
01-16 19:48:04.964  6336  6336 D nativeloader: InitApexLibraries:
01-16 19:48:04.964  6336  6336 D nativeloader:   com_android_adservices: libhpke_jni.so:libtflite_support_classifiers_native.so
01-16 19:48:04.964  6336  6336 D nativeloader:   com_android_appsearch: libicing.so
01-16 19:48:04.964  6336  6336 D nativeloader:   com_android_art: libartservice.so
01-16 19:48:04.964  6336  6336 D nativeloader:   com_android_btservices: libbluetooth_jni.so
01-16 19:48:04.964  6336  6336 D nativeloader:   com_android_conscrypt: libjavacrypto.so
01-16 19:48:04.964  6336  6336 D nativeloader:   com_android_mediaprovider: libpdfclient.so
01-16 19:48:04.964  6336  6336 D nativeloader:   com_android_nfcservices: libnfc_nci_jni.so
01-16 19:48:04.964  6336  6336 D nativeloader:   com_android_ondevicepersonalization: libfcp_cpp_dep_jni.so:libfcp_hpke_jni.so
01-16 19:48:04.964  6336  6336 D nativeloader:   com_android_os_statsd: libstats_jni.so
01-16 19:48:04.964  6336  6336 D nativeloader:   com_android_tethering: libandroid_net_connectivity_com_android_net_module_util_jni.so:libcrypto.so:libframework-connectivity-jni.so:libframework-connectivity-tiramisu-jni.so:libmainlinecronet.121.0.6167.71.so:libservice-connectivity.so:libservice-thread-jni.so:libssl.so
01-16 19:48:04.964  6336  6336 D nativeloader:   com_android_uwb: libuwb_uci_jni_rust.so
01-16 19:48:04.964  6336  6336 D nativeloader:   com_android_virt: libvirtualizationservice_jni.so:libvirtualmachine_jni.so
01-16 19:48:04.972   569   724 W IPCThreadState: Sending oneway calls to frozen process.
01-16 19:48:04.974  6336  6336 D CompatChangeReporter: Compat change id reported: 202956589; UID 10198; state: ENABLED
01-16 19:48:04.981   369   369 I netd    : tetherGetStats() -> {[]} <1.46ms>
01-16 19:48:04.983  5987  6013 I BugleRcsEngine: Connected state: [1], networkType: [WIFI] [CONTEXT thread_id=59 ]
01-16 19:48:04.983  6336  6336 V GraphicsEnvironment: Currently set values for:
01-16 19:48:04.983  6336  6336 V GraphicsEnvironment:   angle_gl_driver_selection_pkgs=[]
01-16 19:48:04.983  6336  6336 V GraphicsEnvironment:   angle_gl_driver_selection_values=[]
01-16 19:48:04.983  6336  6336 V GraphicsEnvironment: Global.Settings values are invalid: number of packages: 0, number of values: 0
01-16 19:48:04.983  6336  6336 V GraphicsEnvironment: Neither updatable production driver nor prerelease driver is supported.
01-16 19:48:04.985  5987  6053 I BugleRcsEngine: handleMessage processing message:[NOTIFY_UPTIME_IGNORE_STATE_CHANGED] with [non-null]:RcsEngineImpl reference [CONTEXT log_prefix="RcsEngineImpl[DUAL_REG]:[da8fdc66-8b12]>Handler" thread_id=68 ]
01-16 19:48:04.992   569   891 I AggregatedPowerStats: Too many clock updates. Replacing the previous update with 2026-01-15-14-46-52
01-16 19:48:05.001   569   891 I AggregatedPowerStats: Too many clock updates. Replacing the previous update with 2026-01-16-19-16-00
01-16 19:48:05.001   569   891 I AggregatedPowerStats: Too many clock updates. Replacing the previous update with 2026-01-16-19-15-56
01-16 19:48:05.001   569   891 I AggregatedPowerStats: Too many clock updates. Replacing the previous update with 2026-01-16-19-16-04
01-16 19:48:05.001   569   891 I AggregatedPowerStats: Too many clock updates. Replacing the previous update with 2026-01-16-19-23-04
01-16 19:48:05.001   569   891 I AggregatedPowerStats: Too many clock updates. Replacing the previous update with 2026-01-16-19-31-26
01-16 19:48:05.005  5987  6053 I BugleRcsEngine: No RCS Configuration was found in Bugle for simID: redacted-pii:sim_id[chars:20,last3:897] [CONTEXT log_prefix="ProvisioningEngineDataRetriever" thread_id=68 ]
01-16 19:48:05.009  6260  6327 I PlayCore: UID: [10145]  PID: [6260] AppUpdateService : requestUpdateInfo(com.android.chrome)
01-16 19:48:05.012  5238  6299 I ChimeraSrvcProxy: NullBinder for android.net.action.RECOMMEND_NETWORKS triggering remote TransactionTooLargeException due to Service without Chimera impl
01-16 19:48:05.012  5238  6299 W .gms.persistent: Large reply transaction of 1056768 bytes, interface descriptor , code 1
01-16 19:48:05.012   369   369 I netd    : tetherGetStats() -> {[]} <0.31ms>
01-16 19:48:05.019  6260  6260 I chromium: [INFO:chrome_browser_cloud_management_controller.cc(273)] Deferring CBCM Controller Initialization until it is unblocked.
01-16 19:48:05.021  6260  6353 I PlayCore: UID: [10145]  PID: [6260] AppUpdateService : Initiate binding to the service.
01-16 19:48:05.021   569  4473 W ActivityManager: Unable to start service Intent { act=com.google.android.play.core.install.BIND_UPDATE_SERVICE pkg=com.android.vending } U=0: not found
01-16 19:48:05.022  6260  6353 I PlayCore: UID: [10145]  PID: [6260] AppUpdateService : Failed to bind to the service.
01-16 19:48:05.027   369   369 I netd    : bandwidthRemoveInterfaceQuota(eth0) <1.00ms>
01-16 19:48:05.028   369   369 I netd    : bandwidthSetInterfaceQuota(eth0, 9223372036854775807) <0.51ms>
01-16 19:48:05.031   369   369 I netd    : bandwidthRemoveInterfaceQuota(eth0) <0.23ms>
01-16 19:48:05.031   369   369 I netd    : bandwidthSetInterfaceQuota(eth0, 9223372036854775807) <0.22ms>
01-16 19:48:05.036   569   807 D NetworkStatsObservers: Unregistering RequestInfo from pid/uid:569/1000(android) for DataUsageRequest [ requestId=6, networkTemplate=NetworkTemplate: matchRule=MOBILE, matchSubscriberIds=[310260...], matchWifiNetworkKeys=[], metered=YES, defaultNetwork=NO, thresholdInBytes=15265769 ] accessLevel:3
01-16 19:48:05.036   569   715 D NetworkStatsObservers: Registering observer for RequestInfo from pid/uid:569/1000(android) for DataUsageRequest [ requestId=7, networkTemplate=NetworkTemplate: matchRule=MOBILE, matchSubscriberIds=[310260...], matchWifiNetworkKeys=[], metered=YES, defaultNetwork=NO, thresholdInBytes=15265674 ] accessLevel:3
01-16 19:48:05.050  6236  6309 W DataProcessor: shouldShowBatteryAttributionList(): 0.1
01-16 19:48:05.050  6236  6309 W DataProcessor: batteryEntryList is null or empty in convertToBatteryHistEntry()
01-16 19:48:05.063  6236  6309 D AppBatteryPresenter: loadBatteryDiffEntries():
01-16 19:48:05.063  6236  6309 D AppBatteryPresenter: null
01-16 19:48:05.067   369   369 I netd    : tetherGetStats() -> {[]} <0.20ms>
01-16 19:48:05.110   569  1686 D CompatChangeReporter: Compat change id reported: 151861875; UID 10195; state: ENABLED
01-16 19:48:05.110   569  1686 V GrammaticalInflectionUtils: AttributionSource: AttributionSource { uid = 10195, packageName = null, attributionTag = null, token = android.os.Binder@fd5ebda, deviceId = 0, next = null } does not have READ_SYSTEM_GRAMMATICAL_GENDER permission.
01-16 19:48:05.116   370   370 D Zygote  : Forked child process 6360
01-16 19:48:05.118  5360  5360 D BoundBrokerSvc: onBind: Intent { act=com.google.android.gms.credential.manager.service.firstparty.START dat=chimera-action:/... cmp=com.google.android.gms/.chimera.GmsApiService }
01-16 19:48:05.119   569   606 I ActivityManager: Start proc 6360:com.google.android.adservices.api/u0a195 for service {com.google.android.adservices.api/com.android.adservices.measurement.MeasurementService}
01-16 19:48:05.120  5360  5360 D BoundBrokerSvc: Loading bound service for intent: Intent { act=com.google.android.gms.credential.manager.service.firstparty.START dat=chimera-action:/... cmp=com.google.android.gms/.chimera.GmsApiService }
01-16 19:48:05.130  6260  6260 I cr_SmsProviderGms: construction successfull lE3@82858b9, iE3@c4c54fe
01-16 19:48:05.131   569  4473 D CompatChangeReporter: Compat change id reported: 297989574; UID 10198; state: ENABLED
01-16 19:48:05.132   369   369 I netd    : tetherGetStats() -> {[]} <0.45ms>
01-16 19:48:05.133  6360  6360 I .adservices.api: Using CollectorTypeCMC GC.
01-16 19:48:05.134  6336  6366 D CompatChangeReporter: Compat change id reported: 303742236; UID 10198; state: ENABLED
01-16 19:48:05.136  6360  6360 E .adservices.api: Not starting debugger since process cannot load the jdwp agent.
01-16 19:48:05.139  6360  6360 D nativeloader: Load libframework-connectivity-tiramisu-jni.so using APEX ns com_android_tethering for caller /apex/com.android.tethering/javalib/framework-connectivity-t.jar: ok
01-16 19:48:05.144   569  4478 W ParceledListSlice: Element #67 is 140068 bytes.
01-16 19:48:05.144   569  4478 W ParceledListSlice: Overly large reply size: 170812
01-16 19:48:05.148   569  4453 W ParceledListSlice: Element #141 is 59704 bytes.
01-16 19:48:05.148   569  4453 W ParceledListSlice: Overly large reply size: 108908
01-16 19:48:05.150   569  4478 W ParceledListSlice: Element #142 is 16984 bytes.
01-16 19:48:05.151   569  4453 W ParceledListSlice: Element #193 is 21704 bytes.
01-16 19:48:05.153   569  4478 W ParceledListSlice: Element #221 is 29204 bytes.
01-16 19:48:05.154   569  4473 I AppWidgetServiceImpl: getAppWidgetIds() 0
01-16 19:48:05.155   569  4478 I AppWidgetServiceImpl: getInstalledProvidersForProfiles() 0
01-16 19:48:05.156   569  4453 I AppWidgetServiceImpl: getAppWidgetIds() 0
01-16 19:48:05.156   569  4453 I AppWidgetServiceImpl: getAppWidgetIds() 0
01-16 19:48:05.163   569  4478 I AppWidgetServiceImpl: notifyProviderInheritance() 0
01-16 19:48:05.169  6260  6260 W cr_KnoxSettingsProvider: Permission to read device policy denied.
01-16 19:48:05.170  6260  6260 I cr_CombinedPProvider: #registerProvider() provider:oH2@71a2af3 isPolicyCacheEnabled:true policyProvidersSize:0
01-16 19:48:05.170  6260  6260 I cr_PolicyProvider: #setManagerAndSource() 0
01-16 19:48:05.170  6260  6260 I cr_CombinedPProvider: #registerProvider() provider:ai@a2c83b0 isPolicyCacheEnabled:false policyProvidersSize:1
01-16 19:48:05.170  6260  6260 I cr_PolicyProvider: #setManagerAndSource() 1
01-16 19:48:05.172  6260  6260 I cr_AppResProvider: #getApplicationRestrictionsFromUserManager() Bundle[EMPTY_PARCEL]
01-16 19:48:05.172  6260  6260 I cr_PolicyProvider: #notifySettingsAvailable() 1
01-16 19:48:05.172  6260  6260 I cr_CombinedPProvider: #onSettingsAvailable() 1
01-16 19:48:05.176  6360  6360 D ApplicationLoaders: Returning zygote-cached class loader: /system_ext/framework/androidx.window.extensions.jar
01-16 19:48:05.176  6360  6360 D ApplicationLoaders: Returning zygote-cached class loader: /system_ext/framework/androidx.window.sidecar.jar
01-16 19:48:05.178  5360  5360 D BoundBrokerSvc: onBind: Intent { act=com.google.android.gms.auth.key.retrieval.service.START dat=chimera-action:/... cmp=com.google.android.gms/.chimera.GmsApiService }
01-16 19:48:05.179  5360  5360 D BoundBrokerSvc: Loading bound service for intent: Intent { act=com.google.android.gms.auth.key.retrieval.service.START dat=chimera-action:/... cmp=com.google.android.gms/.chimera.GmsApiService }
01-16 19:48:05.182   569  4478 D ConnectivityService: requestNetwork for uid/pid:10145/6260 activeRequest: null callbackRequest: 208 [NetworkRequest [ REQUEST id=209, [ Capabilities: INTERNET&NOT_RESTRICTED&TRUSTED&NOT_VCN_MANAGED&NOT_BANDWIDTH_CONSTRAINED Uid: 10145 RequestorUid: 10145 RequestorPkg: com.android.chrome UnderlyingNetworks: Null] ]] callback flags: 0 order: 2147483647 isUidTracked: false
01-16 19:48:05.185   569   717 D WifiNetworkFactory: got request NetworkRequest [ REQUEST id=209, [ Capabilities: INTERNET&NOT_RESTRICTED&TRUSTED&NOT_VCN_MANAGED&NOT_BANDWIDTH_CONSTRAINED Uid: 10145 RequestorUid: 10145 RequestorPkg: com.android.chrome UnderlyingNetworks: Null] ]
01-16 19:48:05.185   569   724 D ConnectivityService: NetReassign [209 : null  101] [c 1] [a 1] [i 1]
01-16 19:48:05.185   569   717 D UntrustedWifiNetworkFactory: got request NetworkRequest [ REQUEST id=209, [ Capabilities: INTERNET&NOT_RESTRICTED&TRUSTED&NOT_VCN_MANAGED&NOT_BANDWIDTH_CONSTRAINED Uid: 10145 RequestorUid: 10145 RequestorPkg: com.android.chrome UnderlyingNetworks: Null] ]
01-16 19:48:05.185   569   717 D OemPaidWifiNetworkFactory: got request NetworkRequest [ REQUEST id=209, [ Capabilities: INTERNET&NOT_RESTRICTED&TRUSTED&NOT_VCN_MANAGED&NOT_BANDWIDTH_CONSTRAINED Uid: 10145 RequestorUid: 10145 RequestorPkg: com.android.chrome UnderlyingNetworks: Null] ]
01-16 19:48:05.185   569   717 D MultiInternetWifiNetworkFactory: got request NetworkRequest [ REQUEST id=209, [ Capabilities: INTERNET&NOT_RESTRICTED&TRUSTED&NOT_VCN_MANAGED&NOT_BANDWIDTH_CONSTRAINED Uid: 10145 RequestorUid: 10145 RequestorPkg: com.android.chrome UnderlyingNetworks: Null] ]
01-16 19:48:05.186   569   724 D ConnectivityService: NetReassign [no changes] [c 0] [a 1] [i 0]
01-16 19:48:05.194  6360  6360 D nativeloader: Configuring clns-shared-7 for other apk /apex/com.android.adservices/priv-app/AdServicesApkGoogle@350820260/AdServicesApkGoogle.apk. target_sdk_version=35, uses_libraries=, library_path=/apex/com.android.adservices/priv-app/AdServicesApkGoogle@350820260/lib/arm64:/system/lib64:/system_ext/lib64, permitted_path=/data:/mnt/expand:/data/user/0/com.google.android.adservices.api:/apex/com.android.adservices/priv-app/AdServicesApkGoogle@350820260:/system/lib64:/system_ext/lib64
01-16 19:48:05.194  6360  6360 D nativeloader: InitApexLibraries:
01-16 19:48:05.194  6360  6360 D nativeloader:   com_android_adservices: libhpke_jni.so:libtflite_support_classifiers_native.so
01-16 19:48:05.194  6360  6360 D nativeloader:   com_android_appsearch: libicing.so
01-16 19:48:05.194  6360  6360 D nativeloader:   com_android_art: libartservice.so
01-16 19:48:05.194  6360  6360 D nativeloader:   com_android_btservices: libbluetooth_jni.so
01-16 19:48:05.194  6360  6360 D nativeloader:   com_android_conscrypt: libjavacrypto.so
01-16 19:48:05.194  6360  6360 D nativeloader:   com_android_mediaprovider: libpdfclient.so
01-16 19:48:05.194  6360  6360 D nativeloader:   com_android_nfcservices: libnfc_nci_jni.so
01-16 19:48:05.194  6360  6360 D nativeloader:   com_android_ondevicepersonalization: libfcp_cpp_dep_jni.so:libfcp_hpke_jni.so
01-16 19:48:05.194  6360  6360 D nativeloader:   com_android_os_statsd: libstats_jni.so
01-16 19:48:05.194  6360  6360 D nativeloader:   com_android_tethering: libandroid_net_connectivity_com_android_net_module_util_jni.so:libcrypto.so:libframework-connectivity-jni.so:libframework-connectivity-tiramisu-jni.so:libmainlinecronet.121.0.6167.71.so:libservice-connectivity.so:libservice-thread-jni.so:libssl.so
01-16 19:48:05.194  6360  6360 D nativeloader:   com_android_uwb: libuwb_uci_jni_rust.so
01-16 19:48:05.194  6360  6360 D nativeloader:   com_android_virt: libvirtualizationservice_jni.so:libvirtualmachine_jni.so
01-16 19:48:05.204  6360  6360 D CompatChangeReporter: Compat change id reported: 202956589; UID 10195; state: ENABLED
01-16 19:48:05.212   569  1686 W ParceledListSlice: Element #67 is 140068 bytes.
01-16 19:48:05.212   569  1686 W ParceledListSlice: Overly large reply size: 170812
01-16 19:48:05.222   569  4453 W ParceledListSlice: Element #141 is 59704 bytes.
01-16 19:48:05.223   569  4453 W ParceledListSlice: Overly large reply size: 108908
01-16 19:48:05.228   569  4485 W ParceledListSlice: Element #142 is 16984 bytes.
01-16 19:48:05.231   569  4485 W ParceledListSlice: Element #193 is 21704 bytes.
01-16 19:48:05.234   569  4485 W ParceledListSlice: Element #221 is 29204 bytes.
01-16 19:48:05.240  6260  6260 I cr_EnterpriseInfoImpl: #setCacheResult() deviceOwned:false profileOwned:false
01-16 19:48:05.240  6260  6260 I cr_EnterpriseInfo: #getManagedStateForNative() LO0@93b661a
01-16 19:48:05.240   569  4485 I AppWidgetServiceImpl: getAppWidgetIds() 0
01-16 19:48:05.241   569  4485 I AppWidgetServiceImpl: getAppWidgetIds() 0
01-16 19:48:05.241   569  4453 I AppWidgetServiceImpl: getAppWidgetIds() 0
01-16 19:48:05.241  6260  6260 I cr_PolicyProvider: #notifySettingsAvailable() 0
01-16 19:48:05.241  6260  6260 I cr_CombinedPProvider: #onSettingsAvailable() 0
01-16 19:48:05.241  6260  6260 I cr_CombinedPProvider: #flushPolicies()
01-16 19:48:05.241  6260  6260 I cr_PolicyService: #onPolicyServiceInitialized()
01-16 19:48:05.243  6260  6260 I cr_PolicyProvider: #notifySettingsAvailable() 0
01-16 19:48:05.244  6260  6260 I cr_CombinedPProvider: #onSettingsAvailable() 0
01-16 19:48:05.244  6260  6260 I cr_CombinedPProvider: #flushPolicies()
01-16 19:48:05.256  5726  5772 W BrowserUsageLoader: <DWB> Failed to query website usage
01-16 19:48:05.256  5726  5772 W BrowserUsageLoader: ftw: Service rejected request (status=5)
01-16 19:48:05.256  5726  5772 W BrowserUsageLoader: 	at exi.a(PG:211)
01-16 19:48:05.256  5726  5772 W BrowserUsageLoader: 	at lfc.a(PG:57)
01-16 19:48:05.256  5726  5772 W BrowserUsageLoader: 	at leo.e(PG:3)
01-16 19:48:05.256  5726  5772 W BrowserUsageLoader: 	at leq.run(PG:42)
01-16 19:48:05.256  5726  5772 W BrowserUsageLoader: 	at hur.run(PG:7)
01-16 19:48:05.256  5726  5772 W BrowserUsageLoader: 	at lcx.run(PG:50)
01-16 19:48:05.256  5726  5772 W BrowserUsageLoader: 	at hld.run(PG:450)
01-16 19:48:05.256  5726  5772 W BrowserUsageLoader: 	at java.lang.Thread.run(Thread.java:1012)
01-16 19:48:05.256  5726  5772 W BrowserUsageLoader: 	at hwd.run(PG:64)
01-16 19:48:05.269  6360  6360 V GraphicsEnvironment: Currently set values for:
01-16 19:48:05.269  6360  6360 V GraphicsEnvironment:   angle_gl_driver_selection_pkgs=[]
01-16 19:48:05.269  6360  6360 V GraphicsEnvironment:   angle_gl_driver_selection_values=[]
01-16 19:48:05.269  6360  6360 V GraphicsEnvironment: Global.Settings values are invalid: number of packages: 0, number of values: 0
01-16 19:48:05.269  6360  6360 V GraphicsEnvironment: Neither updatable production driver nor prerelease driver is supported.
01-16 19:48:05.283   569  4485 W ParceledListSlice: Element #67 is 140068 bytes.
01-16 19:48:05.284   569  4485 W ParceledListSlice: Overly large reply size: 170812
01-16 19:48:05.287   569  4453 W ParceledListSlice: Element #141 is 59704 bytes.
01-16 19:48:05.288  5726  6385 W Phlogger: Shared storage file not found for com.google.android.libraries.consentverifier#com.google.android.apps.wellbeing
01-16 19:48:05.289   569  4453 W ParceledListSlice: Overly large reply size: 108908
01-16 19:48:05.290   569  1686 W ParceledListSlice: Element #142 is 16984 bytes.
01-16 19:48:05.291   569  4453 W ParceledListSlice: Element #193 is 21704 bytes.
01-16 19:48:05.296   569  1686 W ParceledListSlice: Element #221 is 29204 bytes.
01-16 19:48:05.313  6360  6360 I adservices-shared: Set singleton context as android.app.Application@9d5bcdf
01-16 19:48:05.328  5238  5358 E czvx    : Phenotype API error. Event: # fozr@befe094a, EventCode: GET_EXP [CONTEXT service_id=51 ]
01-16 19:48:05.328  5238  5358 E czvx    : czue: 29505: No config packages for log source, or config package not registered
01-16 19:48:05.328  5238  5358 E czvx    : 	at czwt.c(:com.google.android.gms@242335038@24.23.35 (190400-646585959):79)
01-16 19:48:05.328  5238  5358 E czvx    : 	at czwr.i(:com.google.android.gms@242335038@24.23.35 (190400-646585959):3)
01-16 19:48:05.328  5238  5358 E czvx    : 	at czvx.h(:com.google.android.gms@242335038@24.23.35 (190400-646585959):18)
01-16 19:48:05.328  5238  5358 E czvx    : 	at czvx.f(:com.google.android.gms@242335038@24.23.35 (190400-646585959):11)
01-16 19:48:05.328  5238  5358 E czvx    : 	at boey.hj(:com.google.android.gms@242335038@24.23.35 (190400-646585959):1)
01-16 19:48:05.328  5238  5358 E czvx    : 	at bofh.run(:com.google.android.gms@242335038@24.23.35 (190400-646585959):97)
01-16 19:48:05.328  5238  5358 E czvx    : 	at emsz.run(:com.google.android.gms@242335038@24.23.35 (190400-646585959):21)
01-16 19:48:05.328  5238  5358 E czvx    : 	at angs.c(:com.google.android.gms@242335038@24.23.35 (190400-646585959):50)
01-16 19:48:05.328  5238  5358 E czvx    : 	at angs.run(:com.google.android.gms@242335038@24.23.35 (190400-646585959):97)
01-16 19:48:05.328  5238  5358 E czvx    : 	at java.util.concurrent.ThreadPoolExecutor.runWorker(ThreadPoolExecutor.java:1145)
01-16 19:48:05.328  5238  5358 E czvx    : 	at java.util.concurrent.ThreadPoolExecutor$Worker.run(ThreadPoolExecutor.java:644)
01-16 19:48:05.328  5238  5358 E czvx    : 	at anmg.run(:com.google.android.gms@242335038@24.23.35 (190400-646585959):8)
01-16 19:48:05.328  5238  5358 E czvx    : 	at java.lang.Thread.run(Thread.java:1012)
01-16 19:48:05.332  5238  5358 W AsyncOperation: operation=GetExperimentTokensOperationCall, opStatusCode=29505 [CONTEXT service_id=51 ]
01-16 19:48:05.332  5238  5358 W AsyncOperation: OperationException[Status{statusCode=No config packages for log source, or config package not registered, resolution=null}]
01-16 19:48:05.332  5238  5358 W AsyncOperation: 	at czvx.h(:com.google.android.gms@242335038@24.23.35 (190400-646585959):48)
01-16 19:48:05.332  5238  5358 W AsyncOperation: 	at czvx.f(:com.google.android.gms@242335038@24.23.35 (190400-646585959):11)
01-16 19:48:05.332  5238  5358 W AsyncOperation: 	at boey.hj(:com.google.android.gms@242335038@24.23.35 (190400-646585959):1)
01-16 19:48:05.332  5238  5358 W AsyncOperation: 	at bofh.run(:com.google.android.gms@242335038@24.23.35 (190400-646585959):97)
01-16 19:48:05.332  5238  5358 W AsyncOperation: 	at emsz.run(:com.google.android.gms@242335038@24.23.35 (190400-646585959):21)
01-16 19:48:05.332  5238  5358 W AsyncOperation: 	at angs.c(:com.google.android.gms@242335038@24.23.35 (190400-646585959):50)
01-16 19:48:05.332  5238  5358 W AsyncOperation: 	at angs.run(:com.google.android.gms@242335038@24.23.35 (190400-646585959):97)
01-16 19:48:05.332  5238  5358 W AsyncOperation: 	at java.util.concurrent.ThreadPoolExecutor.runWorker(ThreadPoolExecutor.java:1145)
01-16 19:48:05.332  5238  5358 W AsyncOperation: 	at java.util.concurrent.ThreadPoolExecutor$Worker.run(ThreadPoolExecutor.java:644)
01-16 19:48:05.332  5238  5358 W AsyncOperation: 	at anmg.run(:com.google.android.gms@242335038@24.23.35 (190400-646585959):8)
01-16 19:48:05.332  5238  5358 W AsyncOperation: 	at java.lang.Thread.run(Thread.java:1012)
01-16 19:48:05.371   569   585 I system_server: Background concurrent mark compact GC freed 15MB AllocSpace bytes, 101(12MB) LOS objects, 45% free, 28MB/52MB, paused 447us,1.220ms total 103.240ms
01-16 19:48:05.377   569   587 W system_server: ApkAssets: Deleting an ApkAssets object '<empty> and /apex/com.android.permission/priv-app/GooglePermissionController@350820360/GooglePermissionController.apk' with 1 weak references
01-16 19:48:05.377   569   587 W system_server: ApkAssets: Deleting an ApkAssets object '/product/overlay/GooglePermissionControllerOverlay.apk' with 1 weak references
01-16 19:48:05.384   569  2252 W ParceledListSlice: Element #67 is 140068 bytes.
01-16 19:48:05.384   569  2252 W ParceledListSlice: Overly large reply size: 170812
01-16 19:48:05.387   569  4485 W ParceledListSlice: Element #141 is 59704 bytes.
01-16 19:48:05.387   569  4485 W ParceledListSlice: Overly large reply size: 108908
01-16 19:48:05.387   569   644 W ParceledListSlice: Element #142 is 16984 bytes.
01-16 19:48:05.388   569  4485 W ParceledListSlice: Element #193 is 21704 bytes.
01-16 19:48:05.389   569  4485 W ParceledListSlice: Element #221 is 29204 bytes.
01-16 19:48:05.410  6360  6360 W .adservices.api: Core platform API violation: Llibcore/io/Memory;->pokeByte(JB)V from Lcom/google/protobuf/UnsafeUtil; using reflection
01-16 19:48:05.410  6360  6360 W .adservices.api: Core platform API violation: Llibcore/io/Memory;->peekByte(J)B from Lcom/google/protobuf/UnsafeUtil; using reflection
01-16 19:48:05.421  6260  6334 W chromium: [WARNING:ev_root_ca_metadata.cc(119)] Not implemented
01-16 19:48:05.423  6360  6393 E adservices.measurement: Consent notification has not been displayed.
01-16 19:48:05.425  6360  6394 W adservices: Skip logging because Cobalt logger is null
01-16 19:48:05.570  6236  6236 W ElapsedTimeUtils: getElapsedTime: sSuwFinishedTimeStamp is null
01-16 19:48:05.572   569   644 D CompatChangeReporter: Compat change id reported: 151861875; UID 10096; state: ENABLED
01-16 19:48:05.572   569   644 W OptProp : Cannot read opt property android.window.PROPERTY_COMPAT_ALLOW_USER_ASPECT_RATIO_OVERRIDE
01-16 19:48:05.572   569   644 W OptProp : Cannot read opt property android.window.PROPERTY_COMPAT_ALLOW_USER_ASPECT_RATIO_FULLSCREEN_OVERRIDE
01-16 19:48:05.572   569   644 W OptProp : Cannot read opt property android.window.PROPERTY_COMPAT_ALLOW_ORIENTATION_OVERRIDE
01-16 19:48:05.577  6260  6327 W chromium: [WARNING:ev_root_ca_metadata.cc(119)] Not implemented
01-16 19:48:05.579   569   644 W OptProp : Cannot read opt property android.window.PROPERTY_COMPAT_ALLOW_MIN_ASPECT_RATIO_OVERRIDE
01-16 19:48:05.580   569   644 W OptProp : Cannot read opt property android.window.PROPERTY_COMPAT_ALLOW_RESIZEABLE_ACTIVITY_OVERRIDES
01-16 19:48:05.582   569   644 V SplashScreenExceptionList: SplashScreen checking exception for package com.google.android.packageinstaller (target sdk:35) -> false
01-16 19:48:05.584   812   847 V WindowManagerShell: Transition requested (#26): android.os.BinderProxy@c24e1a1 TransitionRequestInfo { type = OPEN, triggerTask = TaskInfo{userId=0 taskId=154 displayId=0 isRunning=true baseIntent=Intent { act=android.settings.APPLICATION_DETAILS_SETTINGS dat=package: flg=0x10008000 cmp=com.android.settings/.applications.InstalledAppDetails } baseActivity=ComponentInfo{com.android.settings/com.android.settings.spa.SpaActivity} topActivity=ComponentInfo{com.google.android.packageinstaller/com.android.packageinstaller.UninstallerActivity} origActivity=ComponentInfo{com.android.settings/com.android.settings.applications.InstalledAppDetails} realActivity=ComponentInfo{com.android.settings/com.android.settings.applications.InstalledAppDetailsTop} numActivities=2 lastActiveTime=1007159 supportsMultiWindow=true resizeMode=1 isResizeable=true minWidth=-1 minHeight=-1 defaultMinSize=220 token=WCT{android.window.IWindowContainerToken$Stub$Proxy@bf94fc6} topActivityType=1 pictureInPictureParams=null shouldDockBigOverlays=false launchIntoPipHostTaskId=-1 lastParentTaskIdBeforePip=-1 displayCutoutSafeInsets=null topActivityInfo=ActivityInfo{8997b87 com.android.packageinstaller.UninstallerActivity} launchCookies=[] positionInParent=Point(0, 0) parentTaskId=-1 isFocused=true isVisible=true isVisibleRequested=true isSleeping=false locusId=null displayAreaFeatureId=1 isTopActivityTransparent=true appCompatTaskInfo=AppCompatTaskInfo { topActivityInSizeCompat=false topActivityEligibleForLetterboxEducation= falseisLetterboxEducationEnabled= true isLetterboxDoubleTapEnabled= false topActivityEligibleForUserAspectRatioButton= false topActivityBoundsLetterboxed= false isFromLetterboxDoubleTap= false topActivityLetterboxVerticalPosition= -1 topActivityLetterboxHorizontalPosition= -1 topActivityLetterboxWidth=1080 topActivityLetterboxHeight=2340 isUserFullscreenOverrideEnabled=false isSystemFullscreenOverrideEnabled=false cameraCompatTaskInfo=CameraCompatTaskInfo { cameraCompatControlState=hidden freeformCameraCompatMode=inactive}}}, pipTask = null, remoteTransition = null, displayChange = null, flags = 0, debugId = 26 }
01-16 19:48:05.584   569   644 I ActivityTaskManager: START u0 {act=android.intent.action.UNINSTALL_PACKAGE dat=package: cmp=com.google.android.packageinstaller/com.android.packageinstaller.UninstallerActivity (has extras)} with LAUNCH_MULTIPLE from uid 1000 (BAL_ALLOW_VISIBLE_WINDOW) result code=0
01-16 19:48:05.588   370   370 D Zygote  : Forked child process 6396
01-16 19:48:05.589   569   606 I ActivityManager: Start proc 6396:com.google.android.packageinstaller/u0a96 for next-top-activity {com.google.android.packageinstaller/com.android.packageinstaller.UninstallerActivity}
01-16 19:48:05.592   415   415 I BpBinder: onLastStrongRef automatically unlinking death recipients: 
01-16 19:48:05.614  6396  6396 I ackageinstaller: Using CollectorTypeCMC GC.
01-16 19:48:05.616  6396  6396 E ackageinstaller: Not starting debugger since process cannot load the jdwp agent.
01-16 19:48:05.617  6396  6396 D nativeloader: Load libframework-connectivity-tiramisu-jni.so using APEX ns com_android_tethering for caller /apex/com.android.tethering/javalib/framework-connectivity-t.jar: ok
01-16 19:48:05.635  6396  6396 D nativeloader: Configuring clns-shared-7 for other apk /system/priv-app/GooglePackageInstaller/GooglePackageInstaller.apk. target_sdk_version=35, uses_libraries=, library_path=/system/priv-app/GooglePackageInstaller/lib/arm64:/system/lib64:/system_ext/lib64, permitted_path=/data:/mnt/expand:/data/user_de/0/com.google.android.packageinstaller:/system/priv-app/GooglePackageInstaller:/system/lib64:/system_ext/lib64
01-16 19:48:05.636  6396  6396 D CompatChangeReporter: Compat change id reported: 202956589; UID 10096; state: ENABLED
01-16 19:48:05.639  6396  6396 V GraphicsEnvironment: Currently set values for:
01-16 19:48:05.639  6396  6396 V GraphicsEnvironment:   angle_gl_driver_selection_pkgs=[]
01-16 19:48:05.639  6396  6396 V GraphicsEnvironment:   angle_gl_driver_selection_values=[]
01-16 19:48:05.639  6396  6396 V GraphicsEnvironment: Global.Settings values are invalid: number of packages: 0, number of values: 0
01-16 19:48:05.639  6396  6396 V GraphicsEnvironment: Neither updatable production driver nor prerelease driver is supported.
01-16 19:48:05.643   569   644 W OptProp : Cannot read opt property android.window.PROPERTY_COMPAT_ENABLE_FAKE_FOCUS
01-16 19:48:05.644   569   644 D CompatChangeReporter: Compat change id reported: 324203798; UID 10096; state: ENABLED
01-16 19:48:05.645  6236  6254 D EGL_emulation: app_time_stats: avg=51.49ms min=1.42ms max=310.10ms count=21
01-16 19:48:05.657  6396  6396 D CompatChangeReporter: Compat change id reported: 279646685; UID 10096; state: ENABLED
01-16 19:48:05.665  6396  6396 D CompatChangeReporter: Compat change id reported: 309578419; UID 10096; state: ENABLED
01-16 19:48:05.669  6396  6396 D CompatChangeReporter: Compat change id reported: 63938206; UID 10096; state: ENABLED
01-16 19:48:05.673  6396  6396 W HWUI    : Unknown dataspace 0
01-16 19:48:05.683   569   644 D CoreBackPreview: Window{260572e u0 com.google.android.packageinstaller/com.android.packageinstaller.UninstallerActivity}: Setting back callback OnBackInvokedCallbackInfo{mCallback=android.window.IOnBackInvokedCallback$Stub$Proxy@17402f4, mPriority=0, mIsAnimationCallback=false}
01-16 19:48:05.686   415   504 W ServiceManagerCppClient: Permission failure: android.permission.ACCESS_SURFACE_FLINGER from uid=10096 pid=6396
01-16 19:48:05.686   415   504 D PermissionCache: checking android.permission.ACCESS_SURFACE_FLINGER for uid=10096 => denied (241 us)
01-16 19:48:05.686   415   504 W ServiceManagerCppClient: Permission failure: android.permission.ROTATE_SURFACE_FLINGER from uid=10096 pid=6396
01-16 19:48:05.686   415   504 D PermissionCache: checking android.permission.ROTATE_SURFACE_FLINGER for uid=10096 => denied (662 us)
01-16 19:48:05.687   415   504 W ServiceManagerCppClient: Permission failure: android.permission.INTERNAL_SYSTEM_WINDOW from uid=10096 pid=6396
01-16 19:48:05.687   415   504 D PermissionCache: checking android.permission.INTERNAL_SYSTEM_WINDOW for uid=10096 => denied (965 us)
01-16 19:48:05.689  6396  6408 I EGL_emulation: Opening libGLESv1_CM_emulation.so
01-16 19:48:05.690  6396  6408 I EGL_emulation: Opening libGLESv2_emulation.so
01-16 19:48:05.694  6396  6408 W HWUI    : Failed to choose config with EGL_SWAP_BEHAVIOR_PRESERVED, retrying without...
01-16 19:48:05.695  6396  6408 W HWUI    : Failed to initialize 101010-2 format, error = EGL_SUCCESS
01-16 19:48:05.706   163   163 I hwservicemanager: getTransport: Cannot find entry android.hardware.graphics.mapper@4.0::IMapper/default in either framework or device VINTF manifest.
01-16 19:48:05.707  6396  6408 I Gralloc4: mapper 4.x is not supported
01-16 19:48:05.710   162   162 I servicemanager: Caller(pid=6396,uid=10096,sid=u:r:priv_app:s0:c512,c768) Could not find android.hardware.graphics.allocator.IAllocator/default in the VINTF manifest. No alternative instances declared in VINTF.
01-16 19:48:05.736   569   644 W ServiceManagerCppClient: Permission failure: android.permission.ACCESS_SURFACE_FLINGER from uid=10096 pid=0
01-16 19:48:05.736   569   644 D PermissionCache: checking android.permission.ACCESS_SURFACE_FLINGER for uid=10096 => denied (99 us)
01-16 19:48:05.736   569   644 W ServiceManagerCppClient: Permission failure: android.permission.ROTATE_SURFACE_FLINGER from uid=10096 pid=0
01-16 19:48:05.736   569   644 D PermissionCache: checking android.permission.ROTATE_SURFACE_FLINGER for uid=10096 => denied (10 us)
01-16 19:48:05.736   569   644 W ServiceManagerCppClient: Permission failure: android.permission.INTERNAL_SYSTEM_WINDOW from uid=10096 pid=0
01-16 19:48:05.736   569   644 D PermissionCache: checking android.permission.INTERNAL_SYSTEM_WINDOW for uid=10096 => denied (5 us)
01-16 19:48:05.736   569   644 D CoreBackPreview: Window{c301e06 u0 com.google.android.packageinstaller/com.android.packageinstaller.UninstallerActivity}: Setting back callback OnBackInvokedCallbackInfo{mCallback=android.window.IOnBackInvokedCallback$Stub$Proxy@1596e63, mPriority=0, mIsAnimationCallback=false}
01-16 19:48:05.750   812  1246 V WindowManagerShell: onTransitionReady(transaction=2443836392509)
01-16 19:48:05.751   812   847 V WindowManagerShell: onTransitionReady (#26) android.os.BinderProxy@c24e1a1: {id=26 t=OPEN f=0x0 trk=0 r=[0@Point(0, 0)] c=[{null m=OPEN f=TRANSLUCENT|FILLS_TASK leash=Surface(name=ActivityRecord{3787283 u0 com.google.android.packageinstaller/com.android.packageinstaller.UninstallerActivity)/@0xe66eab4 sb=Rect(0, 0 - 0, 0) eb=Rect(0, 0 - 1080, 2340) d=-1->0 r=-1->0:-1 bc=fff1f0f7 component=com.google.android.packageinstaller/com.android.packageinstaller.UninstallerActivity}]}
01-16 19:48:05.751   812   847 V WindowManagerShell: Playing animation for (#26) android.os.BinderProxy@c24e1a1@0
01-16 19:48:05.751   812   847 V WindowManagerShell:  try handler com.android.wm.shell.transition.DefaultMixedHandler@d50adae
01-16 19:48:05.751   812   847 V WindowManagerShell:  try handler com.android.wm.shell.keyguard.KeyguardTransitionHandler@2d9274f
01-16 19:48:05.751   812   847 V WindowManagerShell:  try handler com.android.wm.shell.pip.PipTransition@689fedc
01-16 19:48:05.751   812   847 V WindowManagerShell:  try handler com.android.wm.shell.activityembedding.ActivityEmbeddingController@e90bbe5
01-16 19:48:05.751   812   847 V WindowManagerShell:  try handler com.android.wm.shell.recents.RecentsTransitionHandler@4fdf6ba
01-16 19:48:05.751   812   847 V ShellRecents: RecentsTransitionHandler.startAnimation: no controller found
01-16 19:48:05.751   812   847 V WindowManagerShell:  try handler com.android.wm.shell.splitscreen.StageCoordinator@f2ae96b
01-16 19:48:05.751   812   847 V WindowManagerShell:  try handler com.android.wm.shell.transition.RemoteTransitionHandler@c262cc8
01-16 19:48:05.751   812   847 V WindowManagerShell: Transition doesn't have explicit remote, search filters for match for {id=26 t=OPEN f=0x0 trk=0 r=[0@Point(0, 0)] c=[{null m=OPEN f=TRANSLUCENT|FILLS_TASK leash=Surface(name=ActivityRecord{3787283 u0 com.google.android.packageinstaller/com.android.packageinstaller.UninstallerActivity)/@0xe66eab4 sb=Rect(0, 0 - 0, 0) eb=Rect(0, 0 - 1080, 2340) d=-1->0 r=-1->0:-1 bc=fff1f0f7 component=com.google.android.packageinstaller/com.android.packageinstaller.UninstallerActivity}]}
01-16 19:48:05.751   812   847 V WindowManagerShell:  Checking filter Pair{{types=[] flags=0x0] notFlags=0x0 checks=[{atype=undefined independent=true modes=[OPEN,TO_FRONT] flags=IN_TASK_WITH_EMBEDDED_ACTIVITY mustBeTask=false order=ANY topActivity=ComponentInfo{com.google.android.apps.nexuslauncher/com.google.android.apps.nexuslauncher.NexusLauncherActivity} launchCookie=null},{atype=undefined independent=true modes=[CLOSE,TO_BACK] flags=IN_TASK_WITH_EMBEDDED_ACTIVITY mustBeTask=false order=ANY topActivity=null launchCookie=null}]} RemoteTransition { remoteTransition = android.window.IRemoteTransition$Stub$Proxy@f6c6399, appThread = android.app.IApplicationThread$Stub$Proxy@8d5365e, debugName = OverlaySwipeBack }}
01-16 19:48:05.751   812   847 V WindowManagerShell:  Checking filter Pair{{types=[] flags=0x0] notFlags=0x0 checks=[{atype=dream independent=true modes=[OPEN,TO_FRONT] flags=NONE mustBeTask=false order=ANY topActivity=null launchCookie=null},{atype=home independent=true modes=[CLOSE,TO_BACK] flags=NONE mustBeTask=false order=ANY topActivity=null launchCookie=null}]} RemoteTransition { remoteTransition = android.window.IRemoteTransition$Stub$Proxy@40cfa3f, appThread = android.app.IApplicationThread$Stub$Proxy@97fef0c, debugName = LauncherToDream }}
01-16 19:48:05.752   569   594 I ActivityTaskManager: Displayed com.google.android.packageinstaller/com.android.packageinstaller.UninstallerActivity for user 0: +173ms
01-16 19:48:05.752   812   847 V WindowManagerShell:  Checking filter Pair{{types=[] flags=0x0] notFlags=0x100 checks=[{atype=home independent=true modes=[OPEN,TO_FRONT] flags=NONE mustBeTask=false order=TOP topActivity=ComponentInfo{com.google.android.apps.nexuslauncher/com.google.android.apps.nexuslauncher.NexusLauncherActivity} launchCookie=null},{atype=standard independent=true modes=[CLOSE,TO_BACK] flags=NONE mustBeTask=false order=ANY topActivity=null launchCookie=null}]} RemoteTransition { remoteTransition = android.window.IRemoteTransition$Stub$Proxy@596a055, appThread = android.app.IApplicationThread$Stub$Proxy@cba5a6a, debugName = QuickstepLaunchHome }}
01-16 19:48:05.752   812   847 V WindowManagerShell:  Delegate animation for (#26) to null
01-16 19:48:05.752   812   847 V WindowManagerShell:  try handler com.android.wm.shell.transition.DefaultTransitionHandler@8963161
01-16 19:48:05.752   812   847 V WindowManagerShell: start default transition animation, info = {id=26 t=OPEN f=0x0 trk=0 r=[0@Point(0, 0)] c=[{null m=OPEN f=TRANSLUCENT|FILLS_TASK leash=Surface(name=ActivityRecord{3787283 u0 com.google.android.packageinstaller/com.android.packageinstaller.UninstallerActivity)/@0xe66eab4 sb=Rect(0, 0 - 0, 0) eb=Rect(0, 0 - 1080, 2340) d=-1->0 r=-1->0:-1 bc=fff1f0f7 component=com.google.android.packageinstaller/com.android.packageinstaller.UninstallerActivity}]}
01-16 19:48:05.752   812   847 V WindowManagerShell: loadAnimation: anim=null animAttr=0x4 type=OPEN isEntrance=true
01-16 19:48:05.752   569   594 V WindowManager: Sent Transition (#26) createdAt=01-16 19:48:05.579 via request=TransitionRequestInfo { type = OPEN, triggerTask = TaskInfo{userId=0 taskId=154 displayId=0 isRunning=true baseIntent=Intent { act=android.settings.APPLICATION_DETAILS_SETTINGS dat=package: flg=0x10008000 cmp=com.android.settings/.applications.InstalledAppDetails } baseActivity=ComponentInfo{com.android.settings/com.android.settings.spa.SpaActivity} topActivity=ComponentInfo{com.google.android.packageinstaller/com.android.packageinstaller.UninstallerActivity} origActivity=ComponentInfo{com.android.settings/com.android.settings.applications.InstalledAppDetails} realActivity=ComponentInfo{com.android.settings/com.android.settings.applications.InstalledAppDetailsTop} numActivities=2 lastActiveTime=1007159 supportsMultiWindow=true resizeMode=1 isResizeable=true minWidth=-1 minHeight=-1 defaultMinSize=220 token=WCT{RemoteToken{d7034ee Task{ebe1bb5 #154 type=standard A=1000:com.android.settings}}} topActivityType=1 pictureInPictureParams=null shouldDockBigOverlays=false launchIntoPipHostTaskId=-1 lastParentTaskIdBeforePip=-1 displayCutoutSafeInsets=null topActivityInfo=ActivityInfo{94446db com.android.packageinstaller.UninstallerActivity} launchCookies=[] positionInParent=Point(0, 0) parentTaskId=-1 isFocused=true isVisible=true isVisibleRequested=true isSleeping=false locusId=null displayAreaFeatureId=1 isTopActivityTransparent=true appCompatTaskInfo=AppCompatTaskInfo { topActivityInSizeCompat=false topActivityEligibleForLetterboxEducation= falseisLetterboxEducationEnabled= true isLetterboxDoubleTapEnabled= false topActivityEligibleForUserAspectRatioButton= false topActivityBoundsLetterboxed= false isFromLetterboxDoubleTap= false topActivityLetterboxVerticalPosition= -1 topActivityLetterboxHorizontalPosition= -1 topActivityLetterboxWidth=1080 topActivityLetterboxHeight=2340 isUserFullscreenOverrideEnabled=false isSystemFullscreenOverrideEnabled=false cameraCompatTaskInfo=CameraCompatTaskInfo { cameraCompatControlState=hidden freeformCameraCompatMode=inactive}}}, pipTask = null, remoteTransition = null, displayChange = null, flags = 0, debugId = 26 }
01-16 19:48:05.752   569   594 V WindowManager:     startWCT=WindowContainerTransaction { changes = {} hops = [] errorCallbackToken=null taskFragmentOrganizer=null }
01-16 19:48:05.752   569   594 V WindowManager:     info={id=26 t=OPEN f=0x0 trk=0 r=[0@Point(0, 0)] c=[
01-16 19:48:05.752   569   594 V WindowManager:         {null m=OPEN f=TRANSLUCENT|FILLS_TASK leash=Surface(name=ActivityRecord{3787283 u0 com.google.android.packageinstaller/com.android.packageinstaller.UninstallerActivity)/@0x448bc8c sb=Rect(0, 0 - 0, 0) eb=Rect(0, 0 - 1080, 2340) d=-1->0 r=-1->0:-1 bc=fff1f0f7 component=com.google.android.packageinstaller/com.android.packageinstaller.UninstallerActivity}
01-16 19:48:05.752   569   594 V WindowManager:     ]}
01-16 19:48:05.753   812   847 V WindowManagerShell: Transition animation finished (aborted=false), notifying core (#26) android.os.BinderProxy@c24e1a1@0
01-16 19:48:05.754   569   594 V WindowManager: Finish Transition (#26): created at 01-16 19:48:05.579 collect-started=0.02ms request-sent=4.137ms started=4.867ms ready=65.613ms sent=170.759ms finished=175.02ms
01-16 19:48:05.756   812   847 V WindowManagerShell: Track 0 became idle
01-16 19:48:05.756   812   847 V WindowManagerShell: All active transition animations finished
01-16 19:48:05.756   812   847 V WindowManagerShell:  animated by com.android.wm.shell.transition.DefaultTransitionHandler@8963161
01-16 19:48:05.756   812   847 V WindowManagerShell: Track 0 became idle
01-16 19:48:05.756   812   847 V WindowManagerShell: All active transition animations finished
01-16 19:48:05.756   569  4485 W UserManagerService: Requested status bar icon for non-badged user 0
01-16 19:48:05.759   569  4485 W UserManagerService: Requested status bar icon for non-badged user 0
01-16 19:48:05.786   812   995 D EGL_emulation: app_time_stats: avg=5771.59ms min=5771.59ms max=5771.59ms count=1
01-16 19:48:05.813  5418  5507 D EGL_emulation: app_time_stats: avg=1644.78ms min=1644.78ms max=1644.78ms count=1
01-16 19:48:06.531   411  3165 D audioserver: logFgsApiBegin: FGS Logger Transaction failed, -129
01-16 19:48:06.532   569   891 W AS.PlaybackActivityMon: No piid assigned for invalid/internal port id 15
01-16 19:48:06.552   411   524 D AudioFlinger: mixer(0xb400007e04b0f8e0) throttle end: throttle time(34)
01-16 19:48:06.574  6396  6396 D CompatChangeReporter: Compat change id reported: 270674727; UID 10096; state: ENABLED
01-16 19:48:06.581  6396  6396 I UninstallerActivity: Uninstalling extras=Bundle[{com.android.packageinstaller.extra.IS_CLONE_APP=false, com.android.packageinstaller.extra.APP_LABEL=[DEV] My App, com.android.packageinstaller.applicationInfo=ApplicationInfo{ea4497 com.ruitb.test.my_app.dev}, android.intent.extra.UNINSTALL_ALL_USERS=false, com.android.packageinstaller.extra.UNINSTALL_ID=-2147483647}]
01-16 19:48:06.583  6396  6396 W WindowOnBackDispatcher: sendCancelIfRunning: isInProgress=false callback=android.view.ViewRootImpl$$ExternalSyntheticLambda11@6d51945
01-16 19:48:06.583   569   644 D CoreBackPreview: Window{260572e u0 com.google.android.packageinstaller/com.android.packageinstaller.UninstallerActivity}: Setting back callback null
01-16 19:48:06.585   569   644 W InputManager-JNI: Input channel object '260572e com.google.android.packageinstaller/com.android.packageinstaller.UninstallerActivity (client)' was disposed without first being removed with the input manager!
01-16 19:48:06.585   569   628 I AppsFilter: interaction: PackageSetting{a28ae47 com.seraj.community/10235} -> PackageSetting{b369702 com.ruitb.test.my_app.dev/10210} BLOCKED
01-16 19:48:06.585   569   628 I AppsFilter: interaction: PackageSetting{76c045a io.appium.uiautomator2.server.test/10208} -> PackageSetting{b369702 com.ruitb.test.my_app.dev/10210} BLOCKED
01-16 19:48:06.585   569   628 I AppsFilter: interaction: PackageSetting{e5cc4a7 com.arabtherapy.psychologist.mentalhealth/10237} -> PackageSetting{b369702 com.ruitb.test.my_app.dev/10210} BLOCKED
01-16 19:48:06.585   569   628 I AppsFilter: interaction: PackageSetting{616be8c com.example.cart_products/10211} -> PackageSetting{b369702 com.ruitb.test.my_app.dev/10210} BLOCKED
01-16 19:48:06.585   569   628 I AppsFilter: interaction: PackageSetting{6ab49d7 io.appium.settings/10207} -> PackageSetting{b369702 com.ruitb.test.my_app.dev/10210} BLOCKED
01-16 19:48:06.585   569   628 I AppsFilter: interaction: PackageSetting{1e18fb com.arabtherapy.consaltant.mentalhealth/10236} -> PackageSetting{b369702 com.ruitb.test.my_app.dev/10210} BLOCKED
01-16 19:48:06.587   569   605 I ActivityManager: Force stopping com.ruitb.test.my_app.dev appid=10210 user=0: deletePackageX
01-16 19:48:06.591   812   847 V WindowManagerShell: Transition requested (#27): android.os.BinderProxy@1e1fe20 TransitionRequestInfo { type = CLOSE, triggerTask = null, pipTask = null, remoteTransition = null, displayChange = null, flags = 0, debugId = 27 }
01-16 19:48:06.602   569   597 V WindowManager: Unknown focus tokens, dropping reportFocusChanged
01-16 19:48:06.606   812  1246 V WindowManagerShell: onTransitionReady(transaction=2443836392531)
01-16 19:48:06.606   569   594 V WindowManager: Sent Transition (#27) createdAt=01-16 19:48:06.590 via request=TransitionRequestInfo { type = CLOSE, triggerTask = null, pipTask = null, remoteTransition = null, displayChange = null, flags = 0, debugId = 27 }
01-16 19:48:06.606   569   594 V WindowManager:     startWCT=WindowContainerTransaction { changes = {} hops = [] errorCallbackToken=null taskFragmentOrganizer=null }
01-16 19:48:06.607   569   594 V WindowManager:     info={id=27 t=CLOSE f=0x0 trk=0 r=[0@Point(0, 0)] c=[
01-16 19:48:06.607   569   594 V WindowManager:         {null m=CLOSE f=TRANSLUCENT|FILLS_TASK leash=Surface(name=ActivityRecord{3787283 u0 com.google.android.packageinstaller/com.android.packageinstaller.UninstallerActivity)/@0x448bc8c sb=Rect(0, 0 - 1080, 2340) eb=Rect(0, 0 - 1080, 2340) d=0 bc=fff1f0f7 component=com.google.android.packageinstaller/com.android.packageinstaller.UninstallerActivity}
01-16 19:48:06.607   569   594 V WindowManager:     ]}
01-16 19:48:06.607   812   847 V WindowManagerShell: onTransitionReady (#27) android.os.BinderProxy@1e1fe20: {id=27 t=CLOSE f=0x0 trk=0 r=[0@Point(0, 0)] c=[{null m=CLOSE f=TRANSLUCENT|FILLS_TASK leash=Surface(name=ActivityRecord{3787283 u0 com.google.android.packageinstaller/com.android.packageinstaller.UninstallerActivity)/@0x56723d9 sb=Rect(0, 0 - 1080, 2340) eb=Rect(0, 0 - 1080, 2340) d=0 bc=fff1f0f7 component=com.google.android.packageinstaller/com.android.packageinstaller.UninstallerActivity}]}
01-16 19:48:06.607   812   847 V WindowManagerShell: Playing animation for (#27) android.os.BinderProxy@1e1fe20@0
01-16 19:48:06.607   812   847 V WindowManagerShell:  try handler com.android.wm.shell.transition.DefaultMixedHandler@d50adae
01-16 19:48:06.607   812   847 V WindowManagerShell:  try handler com.android.wm.shell.keyguard.KeyguardTransitionHandler@2d9274f
01-16 19:48:06.607   812   847 V WindowManagerShell:  try handler com.android.wm.shell.pip.PipTransition@689fedc
01-16 19:48:06.607   812   847 V WindowManagerShell:  try handler com.android.wm.shell.activityembedding.ActivityEmbeddingController@e90bbe5
01-16 19:48:06.607   812   847 V WindowManagerShell:  try handler com.android.wm.shell.recents.RecentsTransitionHandler@4fdf6ba
01-16 19:48:06.607   812   847 V ShellRecents: RecentsTransitionHandler.startAnimation: no controller found
01-16 19:48:06.607   812   847 V WindowManagerShell:  try handler com.android.wm.shell.splitscreen.StageCoordinator@f2ae96b
